7436
7434
7433
7432
7431
7430
7429
7375
7306
7238
7169
7101
7032
6964
6895
6827
6760
6691
6623
6554
6486
6417
6349
6281
6212
6144
6076
6007
5937
5870
5802
5734
5666
5597
5529
5462
5393
5324
5255
5186
5118
5048
4980
4912
4843
4774
4705
4637
4569
4501
4433
4365
4297
4228
4160
4092
4020
3951
3883
3813
3746
3677
3607
3537
3468
3399
3331
3263
3195
3126
3058
2990
2921
2853
2786
2712
2643
2572
2504
2437
2368
2300
2232
2162
2095
2026
1958
1890
1821
1753
1684
1616
1547
1479
1415
1347
1279
1211
1145
1078
1010
944
870
803
736
668
601
533
465
397
330
262
194
126
121
163
121
121
120
125
124
126
125
120
119
121
117
124
119
126
127
119
132
123
121
118
124
117
120
121
125
123
126
123
118
119
100
7493
7446
7417
7409
7408
7408
7408
7408
7407
7407
7407
7408
7407
7407
7407
7406
7407
7407
7406
7407
7407
7407
7407
7407
7407
7407
7407
7406
7407
7407
7407
7407
7407
7407
7407
7407
7407
7408
7406
7406
7406
7405
7406
7406
7405
7405
7404
7404
7404
7404
7404
7404
7404
7404
7404
7405
7404
7404
7404
7404
7405
7405
7405
7404
7404
7403
7404
7404
7403
7403
7403
7403
7403
7403
7403
7403
7404
7405
7404
7404
7404
7404
7404
7405
