6928
6927
6925
6924
6831
6652
6469
6286
6098
5914
5731
5550
5370
5192
5007
4882
4715
4531
4345
4162
3973
3833
3650
3469
3287
3100
2917
2732
2551
2366
2195
2028
1847
1683
1508
1336
1189
1008
829
653
472
291
122
123
116
123
127
126
126
121
118
131
116
116
122
130
125
129
124
122
3739
3651
3574
3479
3384
3289
3195
3099
3003
2907
2811
2716
2620
2525
2427
2333
2237
2144
2045
1948
1853
1760
1666
1571
1476
1380
1285
1189
1093
999
904
809
714
617
522
425
331
237
151
189
118
125
130
123
116
133
131
121
128
123
118
104
7452
7447
7446
7444
7443
7442
7442
7440
7440
7440
7303
7436
7437
7437
7435
7435
7434
7434
7421
7417
7417
7416
7415
7415
7414
7412
7412
7411
7411
7409
7410
7410
7410
7410
7410
7411
