    584 dmitry54  20   0   16924  15404   3012 R  46.7   0.2   0:00.07 mem.bash
    584 dmitry54  20   0   83056  81404   3012 R  93.8   1.1   0:00.48 mem.bash
    584 dmitry54  20   0  149188 147668   3012 R 100.0   1.9   0:00.89 mem.bash
    584 dmitry54  20   0  214924 213404   3012 R 100.0   2.8   0:01.30 mem.bash
    584 dmitry54  20   0  281980 280196   3012 R 100.0   3.6   0:01.71 mem.bash
    584 dmitry54  20   0  348244 346460   3012 R 100.0   4.5   0:02.12 mem.bash
    584 dmitry54  20   0  415036 413516   3012 R 100.0   5.3   0:02.53 mem.bash
    584 dmitry54  20   0  481432 479780   3012 R 100.0   6.2   0:02.95 mem.bash
    584 dmitry54  20   0  547960 546308   3012 R 100.0   7.1   0:03.36 mem.bash
    584 dmitry54  20   0  614620 612836   3012 R 100.0   7.9   0:03.77 mem.bash
    584 dmitry54  20   0  680752 679100   3012 R 100.0   8.8   0:04.18 mem.bash
    584 dmitry54  20   0  747280 745628   3012 R 100.0   9.6   0:04.59 mem.bash
    584 dmitry54  20   0  814072 812420   3012 R  93.8  10.5   0:05.01 mem.bash
    584 dmitry54  20   0  880732 879212   3012 R 100.0  11.4   0:05.42 mem.bash
    584 dmitry54  20   0  946864 945212   3012 R 100.0  12.2   0:05.83 mem.bash
    584 dmitry54  20   0 1013128 987.8m   3012 R 100.0  13.1   0:06.24 mem.bash
    584 dmitry54  20   0 1079524   1.0g   3012 R 100.0  13.9   0:06.65 mem.bash
    584 dmitry54  20   0 1145788   1.1g   3012 R 100.0  14.8   0:07.06 mem.bash
    584 dmitry54  20   0 1212448   1.2g   3012 R 100.0  15.6   0:07.47 mem.bash
    584 dmitry54  20   0 1279372   1.2g   3012 R 100.0  16.5   0:07.89 mem.bash
    584 dmitry54  20   0 1346164   1.3g   3012 R 100.0  17.4   0:08.30 mem.bash
    584 dmitry54  20   0 1412956   1.3g   3012 R 100.0  18.2   0:08.71 mem.bash
    584 dmitry54  20   0 1479352   1.4g   3012 R 100.0  19.1   0:09.12 mem.bash
    584 dmitry54  20   0 1545880   1.5g   3012 R 100.0  19.9   0:09.53 mem.bash
    584 dmitry54  20   0 1612276   1.5g   3012 R 100.0  20.8   0:09.94 mem.bash
    584 dmitry54  20   0 1679068   1.6g   3012 R 100.0  21.7   0:10.36 mem.bash
    584 dmitry54  20   0 1745728   1.7g   3012 R 100.0  22.5   0:10.77 mem.bash
    584 dmitry54  20   0 1812520   1.7g   3012 R 100.0  23.4   0:11.18 mem.bash
    584 dmitry54  20   0 1879312   1.8g   3012 R 100.0  24.2   0:11.59 mem.bash
    584 dmitry54  20   0 1946236   1.9g   3012 R 100.0  25.1   0:12.01 mem.bash
    584 dmitry54  20   0 2013028   1.9g   3012 R  93.8  26.0   0:12.42 mem.bash
    584 dmitry54  20   0 2080348   2.0g   3012 R 100.0  26.8   0:12.83 mem.bash
    584 dmitry54  20   0 2147272   2.0g   3012 R 100.0  27.7   0:13.24 mem.bash
    584 dmitry54  20   0 2214328   2.1g   3012 R  93.8  28.6   0:13.66 mem.bash
    584 dmitry54  20   0 2281252   2.2g   3012 R 100.0  29.4   0:14.07 mem.bash
    584 dmitry54  20   0 2348176   2.2g   3012 R 100.0  30.3   0:14.48 mem.bash
    584 dmitry54  20   0 2414836   2.3g   3012 R 100.0  31.2   0:14.89 mem.bash
    584 dmitry54  20   0 2482156   2.4g   3012 R 100.0  32.0   0:15.31 mem.bash
    584 dmitry54  20   0 2549080   2.4g   3012 R 100.0  32.9   0:15.72 mem.bash
    584 dmitry54  20   0 2615740   2.5g   3012 R 100.0  33.8   0:16.13 mem.bash
    584 dmitry54  20   0 2682400   2.6g   3012 R 100.0  34.6   0:16.54 mem.bash
    584 dmitry54  20   0 2748796   2.6g   3012 R 100.0  35.5   0:16.95 mem.bash
    584 dmitry54  20   0 2815192   2.7g   3012 R 100.0  36.3   0:17.36 mem.bash
    584 dmitry54  20   0 2881456   2.7g   3012 R 100.0  37.2   0:17.78 mem.bash
    584 dmitry54  20   0 2947852   2.8g   3012 R 100.0  38.0   0:18.19 mem.bash
    584 dmitry54  20   0 3014644   2.9g   3012 R 100.0  38.9   0:18.60 mem.bash
    584 dmitry54  20   0 3080908   2.9g   3012 R 100.0  39.8   0:19.01 mem.bash
    584 dmitry54  20   0 3147568   3.0g   3012 R 100.0  40.6   0:19.42 mem.bash
    584 dmitry54  20   0 3213964   3.1g   3012 R 100.0  41.5   0:19.83 mem.bash
    584 dmitry54  20   0 3279832   3.1g   3012 R 100.0  42.3   0:20.25 mem.bash
    584 dmitry54  20   0 3345436   3.2g   3012 R 100.0  43.2   0:20.66 mem.bash
    584 dmitry54  20   0 3411304   3.3g   3012 R 100.0  44.0   0:21.07 mem.bash
    584 dmitry54  20   0 3477040   3.3g   3012 R 100.0  44.9   0:21.48 mem.bash
    584 dmitry54  20   0 3543040   3.4g   3012 R 100.0  45.7   0:21.89 mem.bash
    584 dmitry54  20   0 3609040   3.4g   3012 R 100.0  46.6   0:22.30 mem.bash
    584 dmitry54  20   0 3675436   3.5g   3012 R 100.0  47.4   0:22.71 mem.bash
    584 dmitry54  20   0 3742228   3.6g   3012 R 100.0  48.3   0:23.13 mem.bash
    584 dmitry54  20   0 3808888   3.6g   3012 R 100.0  49.2   0:23.54 mem.bash
    584 dmitry54  20   0 3875020   3.7g   3012 R 100.0  50.0   0:23.95 mem.bash
    584 dmitry54  20   0 3941548   3.8g   3012 R 100.0  50.9   0:24.36 mem.bash
    584 dmitry54  20   0 4008208   3.8g   3012 R 100.0  51.7   0:24.78 mem.bash
    584 dmitry54  20   0 4074868   3.9g   3012 R 100.0  52.6   0:25.19 mem.bash
    584 dmitry54  20   0 4141660   3.9g   3012 R 100.0  53.5   0:25.60 mem.bash
    584 dmitry54  20   0 4207924   4.0g   3012 R 100.0  54.3   0:26.01 mem.bash
    584 dmitry54  20   0 4274716   4.1g   3012 R 100.0  55.2   0:26.43 mem.bash
    584 dmitry54  20   0 4340980   4.1g   3012 R 100.0  56.0   0:26.84 mem.bash
    584 dmitry54  20   0 4407508   4.2g   3012 R 100.0  56.9   0:27.25 mem.bash
    584 dmitry54  20   0 4474300   4.3g   3012 R 100.0  57.8   0:27.66 mem.bash
    584 dmitry54  20   0 4544920   4.3g   3012 R 100.0  58.7   0:28.10 mem.bash
    584 dmitry54  20   0 4611448   4.4g   3012 R 100.0  59.5   0:28.51 mem.bash
    584 dmitry54  20   0 4677316   4.5g   3012 R 100.0  60.4   0:28.93 mem.bash
    584 dmitry54  20   0 4743976   4.5g   3012 R 100.0  61.2   0:29.34 mem.bash
    584 dmitry54  20   0 4810768   4.6g   3012 R 100.0  62.1   0:29.75 mem.bash
    584 dmitry54  20   0 4875976   4.6g   3012 R 100.0  62.9   0:30.16 mem.bash
    584 dmitry54  20   0 4942240   4.7g   3012 R 100.0  63.8   0:30.57 mem.bash
    584 dmitry54  20   0 5008240   4.8g   3012 R 100.0  64.7   0:30.98 mem.bash
    584 dmitry54  20   0 5075032   4.8g   3012 R  93.8  65.5   0:31.40 mem.bash
    584 dmitry54  20   0 5141164   4.9g   3012 R 100.0  66.4   0:31.81 mem.bash
    584 dmitry54  20   0 5207560   5.0g   3012 R 100.0  67.2   0:32.22 mem.bash
    584 dmitry54  20   0 5274088   5.0g   3012 R 100.0  68.1   0:32.63 mem.bash
    584 dmitry54  20   0 5339296   5.1g   3012 R 100.0  68.9   0:33.04 mem.bash
    584 dmitry54  20   0 5405824   5.2g   3012 R  93.8  69.8   0:33.46 mem.bash
    584 dmitry54  20   0 5470900   5.2g   3012 R 100.0  70.6   0:33.87 mem.bash
    584 dmitry54  20   0 5537428   5.3g   3012 R 100.0  71.5   0:34.28 mem.bash
    584 dmitry54  20   0 5604352   5.3g   3012 R 100.0  72.4   0:34.69 mem.bash
    584 dmitry54  20   0 5670220   5.4g   3012 R 100.0  73.2   0:35.10 mem.bash
    584 dmitry54  20   0 5736616   5.5g   3012 R  93.8  74.1   0:35.52 mem.bash
    584 dmitry54  20   0 5798788   5.5g   3012 R 100.0  74.9   0:35.93 mem.bash
    584 dmitry54  20   0 5864524   5.6g   3012 R 100.0  75.7   0:36.34 mem.bash
    584 dmitry54  20   0 5931316   5.7g   3012 R 100.0  76.6   0:36.75 mem.bash
    584 dmitry54  20   0 5997184   5.7g   3012 R 100.0  77.4   0:37.16 mem.bash
    584 dmitry54  20   0 6063184   5.8g   3012 R 100.0  78.3   0:37.57 mem.bash
    584 dmitry54  20   0 6127600   5.8g   3012 R 100.0  79.1   0:37.98 mem.bash
    584 dmitry54  20   0 6193864   5.9g   3012 R 100.0  80.0   0:38.40 mem.bash
    584 dmitry54  20   0 6258940   6.0g   3012 R 100.0  80.8   0:38.81 mem.bash
    584 dmitry54  20   0 6325072   6.0g   3012 R 100.0  81.7   0:39.22 mem.bash
    584 dmitry54  20   0 6391204   6.1g   3012 R 100.0  82.5   0:39.64 mem.bash
    584 dmitry54  20   0 6456280   6.2g   3012 R 100.0  83.4   0:40.05 mem.bash
    584 dmitry54  20   0 6522148   6.2g   3012 R 100.0  84.2   0:40.46 mem.bash
    584 dmitry54  20   0 6588412   6.3g   3012 R 100.0  85.1   0:40.87 mem.bash
    584 dmitry54  20   0 6654940   6.3g   3012 R 100.0  85.9   0:41.29 mem.bash
    584 dmitry54  20   0 6720940   6.4g   3012 R 100.0  86.8   0:41.70 mem.bash
    584 dmitry54  20   0 6786544   6.5g   3012 R 100.0  87.6   0:42.11 mem.bash
    584 dmitry54  20   0 6852544   6.5g   3012 R 100.0  88.5   0:42.52 mem.bash
    584 dmitry54  20   0 6918280   6.6g   3012 R 100.0  89.3   0:42.93 mem.bash
    584 dmitry54  20   0 6984676   6.7g   3012 R 100.0  90.2   0:43.34 mem.bash
    584 dmitry54  20   0 7051072   6.7g   3012 R 100.0  91.0   0:43.75 mem.bash
    584 dmitry54  20   0 7116412   6.8g   3012 R  93.8  91.9   0:44.17 mem.bash
    584 dmitry54  20   0 7182940   6.8g   2868 R 100.0  92.5   0:44.59 mem.bash
    584 dmitry54  20   0 7246432   6.8g   2864 R 100.0  92.1   0:45.01 mem.bash
    584 dmitry54  20   0 7311376   6.8g   2864 R 100.0  92.5   0:45.42 mem.bash
    584 dmitry54  20   0 7374340   6.8g   2864 R 100.0  92.6   0:45.83 mem.bash
    584 dmitry54  20   0 7437700   6.8g   2864 R 100.0  92.6   0:46.24 mem.bash
    584 dmitry54  20   0 7501060   6.8g   2864 R  93.8  92.7   0:46.66 mem.bash
    584 dmitry54  20   0 7563232   6.8g   2864 R 100.0  92.6   0:47.07 mem.bash
    584 dmitry54  20   0 7626592   6.8g   2864 R 100.0  92.5   0:47.48 mem.bash
    584 dmitry54  20   0 7690612   6.8g   2864 R 100.0  92.7   0:47.89 mem.bash
    584 dmitry54  20   0 7753444   6.8g   2864 R 100.0  92.7   0:48.30 mem.bash
    584 dmitry54  20   0 7816540   6.8g   2864 R 100.0  92.7   0:48.71 mem.bash
    584 dmitry54  20   0 7879636   6.8g   2864 R 100.0  92.7   0:49.12 mem.bash
    584 dmitry54  20   0 7943656   6.9g   2864 R 100.0  92.8   0:49.54 mem.bash
    584 dmitry54  20   0 8006356   6.8g   2864 R 100.0  92.6   0:49.95 mem.bash
    584 dmitry54  20   0 8069980   6.8g   2864 R 100.0  92.7   0:50.36 mem.bash
    584 dmitry54  20   0 8132152   6.8g   2864 R 100.0  92.6   0:50.77 mem.bash
    584 dmitry54  20   0 8195776   6.8g   2864 R 100.0  92.6   0:51.18 mem.bash
    584 dmitry54  20   0 8259400   6.8g   2864 R 100.0  92.7   0:51.59 mem.bash
    584 dmitry54  20   0 8322892   6.9g   2864 R  93.8  92.8   0:52.01 mem.bash
    584 dmitry54  20   0 8385856   6.8g   2864 R 100.0  92.6   0:52.42 mem.bash
    584 dmitry54  20   0 8449744   6.8g   2864 R 100.0  92.7   0:52.83 mem.bash
    584 dmitry54  20   0 8512840   6.8g   2864 R 100.0  92.7   0:53.24 mem.bash
    584 dmitry54  20   0 8575936   6.8g   2864 R 100.0  92.7   0:53.65 mem.bash
    584 dmitry54  20   0 8637580   6.8g   2864 R 100.0  92.6   0:54.06 mem.bash
    584 dmitry54  20   0 8701336   6.9g   2864 R 100.0  92.8   0:54.48 mem.bash
    584 dmitry54  20   0 8763508   6.8g   2864 R 100.0  92.5   0:54.89 mem.bash
    584 dmitry54  20   0 8826076   6.8g   2864 R 100.0  92.4   0:55.30 mem.bash
    584 dmitry54  20   0 8889700   6.8g   2864 R 100.0  92.4   0:55.71 mem.bash
    584 dmitry54  20   0 8952796   6.8g   2844 R 100.0  92.6   0:56.12 mem.bash
    584 dmitry54  20   0 9016552   6.8g   2844 R 100.0  92.5   0:56.54 mem.bash
    584 dmitry54  20   0 9080440   6.8g   2844 R 100.0  92.7   0:56.95 mem.bash
    584 dmitry54  20   0 9137728   6.9g      0 R 100.0  93.0   0:57.66 mem.bash
    584 dmitry54  20   0 9186040   6.9g      0 D   2.4  93.6   0:59.98 mem.bash
