    544 dmitry54  20   0   10588   8844   3056 R  20.0   0.1   0:00.03 mem2.bash
    544 dmitry54  20   0  101140  99396   3056 R 100.0   1.3   0:00.59 mem2.bash
    544 dmitry54  20   0  188128 186516   3056 R 100.0   2.4   0:01.15 mem2.bash
    544 dmitry54  20   0  277624 276012   3056 R 100.0   3.6   0:01.71 mem2.bash
    544 dmitry54  20   0  368308 366564   3056 R 100.0   4.7   0:02.28 mem2.bash
    544 dmitry54  20   0  459784 458172   3056 R 100.0   5.9   0:02.84 mem2.bash
    544 dmitry54  20   0  549676 547932   3056 R 100.0   7.1   0:03.40 mem2.bash
    544 dmitry54  20   0  637192 635580   3056 R 100.0   8.2   0:03.96 mem2.bash
    544 dmitry54  20   0  727216 725604   3056 R 100.0   9.4   0:04.53 mem2.bash
    544 dmitry54  20   0  813148 811668   3056 R 100.0  10.5   0:05.09 mem2.bash
    544 dmitry54  20   0  903436 901692   3056 R 100.0  11.6   0:05.65 mem2.bash
    544 dmitry54  20   0  983692 981948   3056 R 100.0  12.7   0:06.22 mem2.bash
    544 dmitry54  20   0 1045600   1.0g   3056 R 100.0  13.5   0:06.78 mem2.bash
    544 dmitry54  20   0 1135888   1.1g   3056 R 100.0  14.6   0:07.34 mem2.bash
    544 dmitry54  20   0 1225912   1.2g   3056 R 100.0  15.8   0:07.91 mem2.bash
    544 dmitry54  20   0 1315936   1.3g   3056 R 100.0  17.0   0:08.47 mem2.bash
    544 dmitry54  20   0 1406224   1.3g   3056 R 100.0  18.1   0:09.04 mem2.bash
    544 dmitry54  20   0 1488328   1.4g   3056 R 100.0  19.2   0:09.60 mem2.bash
    544 dmitry54  20   0 1558948   1.5g   3056 R 100.0  20.1   0:10.16 mem2.bash
    544 dmitry54  20   0 1646860   1.6g   3056 R 100.0  21.2   0:10.73 mem2.bash
    544 dmitry54  20   0 1736092   1.7g   3056 R 100.0  22.4   0:11.29 mem2.bash
    544 dmitry54  20   0 1824400   1.7g   3056 R 100.0  23.5   0:11.85 mem2.bash
    544 dmitry54  20   0 1915612   1.8g   3056 R 100.0  24.7   0:12.41 mem2.bash
    544 dmitry54  20   0 2004184   1.9g   3056 R 100.0  25.9   0:12.98 mem2.bash
    544 dmitry54  20   0 2093152   2.0g   3056 R 100.0  27.0   0:13.54 mem2.bash
    544 dmitry54  20   0 2183440   2.1g   3056 R 100.0  28.2   0:14.10 mem2.bash
    544 dmitry54  20   0 2269900   2.2g   3056 R 100.0  29.3   0:14.67 mem2.bash
    544 dmitry54  20   0 2352796   2.2g   3056 R 100.0  30.4   0:15.23 mem2.bash
    544 dmitry54  20   0 2438596   2.3g   3056 R 100.0  31.5   0:15.80 mem2.bash
    544 dmitry54  20   0 2521228   2.4g   3056 R 100.0  32.5   0:16.36 mem2.bash
    544 dmitry54  20   0 2605444   2.5g   3056 R 100.0  33.6   0:16.92 mem2.bash
    544 dmitry54  20   0 2692564   2.6g   3056 R 100.0  34.7   0:17.48 mem2.bash
    544 dmitry54  20   0 2760940   2.6g   3056 R 100.0  35.6   0:18.05 mem2.bash
    544 dmitry54  20   0 2850832   2.7g   3056 R 100.0  36.8   0:18.61 mem2.bash
    544 dmitry54  20   0 2937820   2.8g   3056 R 100.0  37.9   0:19.17 mem2.bash
    544 dmitry54  20   0 3022828   2.9g   3056 R 100.0  39.0   0:19.74 mem2.bash
    544 dmitry54  20   0 3110740   3.0g   3056 R 100.0  40.2   0:20.30 mem2.bash
    544 dmitry54  20   0 3198520   3.0g   3056 R 100.0  41.3   0:20.87 mem2.bash
    544 dmitry54  20   0 3286432   3.1g   3056 R 100.0  42.4   0:21.43 mem2.bash
    544 dmitry54  20   0 3375928   3.2g   3016 R 100.0  43.6   0:21.99 mem2.bash
    544 dmitry54  20   0 3467536   3.3g   2712 R  87.5  44.8   0:22.56 mem2.bash
    544 dmitry54  20   0 3559144   3.4g   2708 R 100.0  45.4   0:23.14 mem2.bash
    544 dmitry54  20   0 3642040   3.4g   2708 R 100.0  45.9   0:23.72 mem2.bash
    544 dmitry54  20   0 3691804   3.4g   2708 R 100.0  45.8   0:24.30 mem2.bash
    544 dmitry54  20   0 3740512   3.4g   2708 R 100.0  46.0   0:24.86 mem2.bash
    544 dmitry54  20   0 3807304   3.4g   2708 R 100.0  45.9   0:25.43 mem2.bash
    544 dmitry54  20   0 3895876   3.4g   2708 R 100.0  46.1   0:26.00 mem2.bash
    544 dmitry54  20   0 3982600   3.4g   2708 R 100.0  46.1   0:26.57 mem2.bash
    544 dmitry54  20   0 4070644   3.4g   2708 R  93.8  46.1   0:27.14 mem2.bash
    544 dmitry54  20   0 4141660   3.4g   2708 R 100.0  46.1   0:27.70 mem2.bash
    544 dmitry54  20   0 4189048   3.4g   2708 R 100.0  45.9   0:28.27 mem2.bash
    544 dmitry54  20   0 4237756   3.4g   2708 R 100.0  46.1   0:28.83 mem2.bash
    544 dmitry54  20   0 4285672   3.4g   2708 R 100.0  46.1   0:29.40 mem2.bash
    544 dmitry54  20   0 4362100   3.4g   2708 R 100.0  46.1   0:29.96 mem2.bash
    544 dmitry54  20   0 4449748   3.4g   2708 R 100.0  46.1   0:30.53 mem2.bash
    544 dmitry54  20   0 4536208   3.4g   2708 R 100.0  46.0   0:31.09 mem2.bash
    544 dmitry54  20   0 4601284   3.4g    552 D  59.1  46.5   0:31.67 mem2.bash
