    543 dmitry54  20   0   75268  73828   3096 R 100.0   1.0   0:00.43 mem.bash
    543 dmitry54  20   0  162124 160684   3096 R 100.0   2.1   0:01.00 mem.bash
    543 dmitry54  20   0  250696 249124   3096 R 100.0   3.2   0:01.56 mem.bash
    543 dmitry54  20   0  340720 339148   3096 R 100.0   4.4   0:02.12 mem.bash
    543 dmitry54  20   0  430612 428908   3096 R 100.0   5.5   0:02.69 mem.bash
    543 dmitry54  20   0  520240 518668   3096 R 100.0   6.7   0:03.25 mem.bash
    543 dmitry54  20   0  606040 604468   3096 R 100.0   7.8   0:03.81 mem.bash
    543 dmitry54  20   0  696064 694492   3096 R 100.0   9.0   0:04.37 mem.bash
    543 dmitry54  20   0  781336 779764   3096 R 100.0  10.1   0:04.94 mem.bash
    543 dmitry54  20   0  869776 868204   3096 R 100.0  11.2   0:05.50 mem.bash
    543 dmitry54  20   0  959404 957700   3096 R 100.0  12.4   0:06.06 mem.bash
    543 dmitry54  20   0 1010092 984.8m   3096 R 100.0  13.0   0:06.63 mem.bash
    543 dmitry54  20   0 1100776   1.0g   3096 R 100.0  14.2   0:07.19 mem.bash
    543 dmitry54  20   0 1190800   1.1g   3096 R 100.0  15.4   0:07.75 mem.bash
    543 dmitry54  20   0 1280824   1.2g   3096 R 100.0  16.5   0:08.32 mem.bash
    543 dmitry54  20   0 1370452   1.3g   3096 R 100.0  17.7   0:08.88 mem.bash
    543 dmitry54  20   0 1457704   1.4g   3096 R 100.0  18.8   0:09.45 mem.bash
    543 dmitry54  20   0 1523572   1.5g   3096 R 100.0  19.7   0:10.01 mem.bash
    543 dmitry54  20   0 1612012   1.5g   3096 R 100.0  20.8   0:10.57 mem.bash
    543 dmitry54  20   0 1700980   1.6g   3096 R 100.0  21.9   0:11.14 mem.bash
    543 dmitry54  20   0 1790344   1.7g   3096 R 100.0  23.1   0:11.70 mem.bash
    543 dmitry54  20   0 1880104   1.8g   3096 R 100.0  24.3   0:12.26 mem.bash
    543 dmitry54  20   0 1968412   1.9g   3096 R 100.0  25.4   0:12.83 mem.bash
    543 dmitry54  20   0 2057908   2.0g   3096 R 100.0  26.6   0:13.39 mem.bash
    543 dmitry54  20   0 2145952   2.0g   3096 R 100.0  27.7   0:13.95 mem.bash
    543 dmitry54  20   0 2233600   2.1g   3096 R 100.0  28.8   0:14.51 mem.bash
    543 dmitry54  20   0 2312668   2.2g   3096 R 100.0  29.8   0:15.08 mem.bash
    543 dmitry54  20   0 2396752   2.3g   3096 R 100.0  30.9   0:15.64 mem.bash
    543 dmitry54  20   0 2478988   2.4g   3096 R 100.0  32.0   0:16.21 mem.bash
    543 dmitry54  20   0 2563468   2.4g   3096 R 100.0  33.1   0:16.77 mem.bash
    543 dmitry54  20   0 2650192   2.5g   3096 R 100.0  34.2   0:17.33 mem.bash
    543 dmitry54  20   0 2721868   2.6g   3096 R 100.0  35.1   0:17.89 mem.bash
    543 dmitry54  20   0 2804368   2.7g   3096 R 100.0  36.2   0:18.46 mem.bash
    543 dmitry54  20   0 2891620   2.8g   3096 R 100.0  37.3   0:19.02 mem.bash
    543 dmitry54  20   0 2979268   2.8g   3096 R 100.0  38.5   0:19.58 mem.bash
    543 dmitry54  20   0 3067840   2.9g   3096 R 100.0  39.6   0:20.15 mem.bash
    543 dmitry54  20   0 3154696   3.0g   3096 R 100.0  40.7   0:20.71 mem.bash
    543 dmitry54  20   0 3242476   3.1g   3096 R  93.8  41.8   0:21.28 mem.bash
    543 dmitry54  20   0 3330388   3.2g   3092 R 100.0  43.0   0:21.84 mem.bash
    543 dmitry54  20   0 3422128   3.3g   2308 R 100.0  44.2   0:22.41 mem.bash
    543 dmitry54  20   0 3512020   3.3g   2716 R 100.0  45.2   0:22.97 mem.bash
    543 dmitry54  20   0 3602968   3.4g   2716 R 100.0  45.7   0:23.56 mem.bash
    543 dmitry54  20   0 3654316   3.4g   2716 R 100.0  45.4   0:24.14 mem.bash
    543 dmitry54  20   0 3703684   3.4g   2716 R  93.8  45.8   0:24.71 mem.bash
    543 dmitry54  20   0 3760180   3.4g   2712 R 100.0  45.8   0:25.27 mem.bash
    543 dmitry54  20   0 3847564   3.4g   2712 R 100.0  45.8   0:25.84 mem.bash
    543 dmitry54  20   0 3934552   3.4g   2712 R 100.0  45.8   0:26.41 mem.bash
    543 dmitry54  20   0 4021408   3.4g   2712 R 100.0  45.9   0:26.98 mem.bash
    543 dmitry54  20   0 4102720   3.4g   2712 R 100.0  45.9   0:27.55 mem.bash
    543 dmitry54  20   0 4149976   3.4g   2712 R 100.0  45.8   0:28.11 mem.bash
    543 dmitry54  20   0 4197760   3.4g   2712 R 100.0  45.9   0:28.68 mem.bash
    543 dmitry54  20   0 4244488   3.4g   2712 R 100.0  45.6   0:29.24 mem.bash
    543 dmitry54  20   0 4311148   3.4g   2712 R 100.0  45.8   0:29.81 mem.bash
    543 dmitry54  20   0 4397212   3.4g   2712 R 100.0  45.9   0:30.37 mem.bash
    543 dmitry54  20   0 4483276   3.4g   2712 R 100.0  45.8   0:30.94 mem.bash
    543 dmitry54  20   0 4555084   3.4g   1124 R  61.9  46.0   0:31.49 mem.bash
    543 dmitry54  20   0 4633096   3.5g   1564 R 100.0  46.9   0:32.60 mem.bash
    543 dmitry54  20   0 4724176   3.5g   1564 R 100.0  48.1   0:33.17 mem.bash
    543 dmitry54  20   0 4795588   3.6g   1564 R 100.0  49.0   0:33.73 mem.bash
    543 dmitry54  20   0 4888120   3.7g   1564 R 100.0  50.2   0:34.29 mem.bash
    543 dmitry54  20   0 4979728   3.8g   1564 R 100.0  51.4   0:34.86 mem.bash
    543 dmitry54  20   0 5070808   3.9g   1564 R 100.0  52.5   0:35.42 mem.bash
    543 dmitry54  20   0 5162944   4.0g   1564 R 100.0  53.7   0:35.99 mem.bash
    543 dmitry54  20   0 5255740   4.1g   1564 R 100.0  54.9   0:36.55 mem.bash
    543 dmitry54  20   0 5348272   4.1g   1564 R 100.0  56.1   0:37.12 mem.bash
    543 dmitry54  20   0 5442256   4.2g   1564 R 100.0  57.3   0:37.68 mem.bash
    543 dmitry54  20   0 5535052   4.3g   1564 R  93.8  58.5   0:38.25 mem.bash
    543 dmitry54  20   0 5626660   4.4g   1564 R 100.0  59.7   0:38.81 mem.bash
    543 dmitry54  20   0 5718928   4.5g   1564 R 100.0  60.9   0:39.38 mem.bash
    543 dmitry54  20   0 5812912   4.6g   1564 R 100.0  62.1   0:39.94 mem.bash
    543 dmitry54  20   0 5907028   4.7g   1564 R 100.0  63.3   0:40.51 mem.bash
    543 dmitry54  20   0 5998768   4.8g   1564 R 100.0  64.5   0:41.07 mem.bash
    543 dmitry54  20   0 6090376   4.9g   1564 R 100.0  65.7   0:41.64 mem.bash
    543 dmitry54  20   0 6181588   4.9g   1564 R 100.0  66.9   0:42.20 mem.bash
    543 dmitry54  20   0 6273988   5.0g   1564 R 100.0  68.1   0:42.77 mem.bash
    543 dmitry54  20   0 6365860   5.1g   1564 R 100.0  69.3   0:43.34 mem.bash
    543 dmitry54  20   0 6457204   5.2g   1564 R 100.0  70.4   0:43.90 mem.bash
    543 dmitry54  20   0 6546436   5.3g   1564 R 100.0  71.6   0:44.47 mem.bash
    543 dmitry54  20   0 6637516   5.4g   1564 R 100.0  72.8   0:45.03 mem.bash
    543 dmitry54  20   0 6728860   5.5g   1564 R 100.0  73.9   0:45.60 mem.bash
    543 dmitry54  20   0 6821656   5.5g   1564 R 100.0  75.1   0:46.17 mem.bash
    543 dmitry54  20   0 6915244   5.6g   1564 R 100.0  76.3   0:46.74 mem.bash
    543 dmitry54  20   0 7008040   5.7g   1564 R 100.0  77.5   0:47.29 mem.bash
    543 dmitry54  20   0 7101100   5.8g   1564 R 100.0  78.7   0:47.86 mem.bash
    543 dmitry54  20   0 7193500   5.9g   1564 R 100.0  79.9   0:48.42 mem.bash
    543 dmitry54  20   0 7285372   6.0g   1564 R 100.0  81.1   0:48.99 mem.bash
    543 dmitry54  20   0 7378696   6.1g   1564 R 100.0  82.3   0:49.56 mem.bash
    543 dmitry54  20   0 7471360   6.2g   1564 R  93.3  83.5   0:50.12 mem.bash
    543 dmitry54  20   0 7563628   6.3g   1564 R 100.0  84.7   0:50.70 mem.bash
    543 dmitry54  20   0 7657480   6.3g   1564 R 100.0  85.9   0:51.26 mem.bash
    543 dmitry54  20   0 7751200   6.4g   1564 R 100.0  87.1   0:51.83 mem.bash
    543 dmitry54  20   0 7843600   6.5g   1564 R 100.0  88.3   0:52.39 mem.bash
    543 dmitry54  20   0 7935472   6.6g   1564 R 100.0  89.5   0:52.95 mem.bash
    543 dmitry54  20   0 8025232   6.7g   1564 R  93.3  90.7   0:53.51 mem.bash
    543 dmitry54  20   0 8107732   6.8g   1564 R 100.0  91.7   0:54.08 mem.bash
    543 dmitry54  20   0 8197360   6.8g   1564 R 100.0  91.5   0:54.68 mem.bash
    543 dmitry54  20   0 8285800   6.8g   1564 R 100.0  92.0   0:55.24 mem.bash
    543 dmitry54  20   0 8374900   6.8g   1564 R 100.0  92.0   0:55.82 mem.bash
    543 dmitry54  20   0 8463340   6.8g   1564 R 100.0  92.1   0:56.38 mem.bash
    543 dmitry54  20   0 8550460   6.8g   1564 R 100.0  92.0   0:56.95 mem.bash
    543 dmitry54  20   0 8638108   6.8g   1564 R  93.3  92.0   0:57.51 mem.bash
    543 dmitry54  20   0 8724832   6.8g   1564 R 100.0  92.0   0:58.08 mem.bash
    543 dmitry54  20   0 8814856   6.8g   1564 R 100.0  92.3   0:58.65 mem.bash
    543 dmitry54  20   0 8899600   6.8g   1564 R 100.0  92.0   0:59.22 mem.bash
    543 dmitry54  20   0 8985004   6.8g   1564 R 100.0  92.1   0:59.78 mem.bash
    543 dmitry54  20   0 9073048   6.8g   1564 R 100.0  92.2   1:00.36 mem.bash
    543 dmitry54  20   0 9152644   6.8g   1060 R  15.6  92.6   1:00.91 mem.bash
    543 dmitry54  20   0 9193960   6.9g      0 D   1.7  93.2   1:04.42 mem.bash
