    342 root      20   0  154496  69088  17820 S   0.0   0.9   0:02.27 python3.10
    472 root      20   0   44216  37472  10080 S   0.0   0.5   0:00.82 python3
    210 root      20   0 2058572  35028  18116 S   0.0   0.5   0:00.31 snapd
    240 root      20   0  107200  21188  13076 S   0.0   0.3   0:00.05 unattended-upgr
    208 root      20   0   30096  19244  10440 S   0.0   0.2   0:00.07 networkd-dispat

    342 root      20   0  154496  69088  17820 S   0.0   0.9   0:02.27 python3.10
    472 root      20   0   44216  37472  10080 S   0.0   0.5   0:00.82 python3
    210 root      20   0 2058572  35028  18116 S   0.0   0.5   0:00.31 snapd
    240 root      20   0  107200  21188  13076 S   0.0   0.3   0:00.05 unattended-upgr
    208 root      20   0   30096  19244  10440 S   0.0   0.2   0:00.07 networkd-dispat

    342 root      20   0  154496  69088  17820 S   0.0   0.9   0:02.27 python3.10
    472 root      20   0   44216  37472  10080 S   0.0   0.5   0:00.82 python3
    210 root      20   0 2058572  35028  18116 S   0.0   0.5   0:00.31 snapd
    240 root      20   0  107200  21188  13076 S   0.0   0.3   0:00.05 unattended-upgr
    208 root      20   0   30096  19244  10440 S   0.0   0.2   0:00.07 networkd-dispat

    342 root      20   0  154496  69088  17820 S   0.0   0.9   0:02.27 python3.10
    472 root      20   0   44216  37472  10080 S   0.0   0.5   0:00.82 python3
    210 root      20   0 2058572  35028  18116 S   0.0   0.5   0:00.31 snapd
    543 dmitry54  20   0   34876  33172   3096 R 100.0   0.4   0:00.18 mem.bash
    544 dmitry54  20   0   34876  33132   3056 R 100.0   0.4   0:00.18 mem2.bash

    544 dmitry54  20   0  123448 121836   3056 R  93.3   1.6   0:00.74 mem2.bash
    543 dmitry54  20   0  121864 120292   3096 R 100.0   1.6   0:00.74 mem.bash
    342 root      20   0  154496  69088  17820 S   0.0   0.9   0:02.27 python3.10
    472 root      20   0   44216  37472  10080 S   0.0   0.5   0:00.82 python3
    210 root      20   0 2058572  35028  18116 S   0.0   0.5   0:00.31 snapd

    544 dmitry54  20   0  212152 210540   3056 R 100.0   2.7   0:01.30 mem2.bash
    543 dmitry54  20   0  210568 208996   3096 R 100.0   2.7   0:01.30 mem.bash
    342 root      20   0  154496  69088  17820 S   0.0   0.9   0:02.27 python3.10
    472 root      20   0   44216  37472  10080 S   0.0   0.5   0:00.82 python3
    210 root      20   0 2058572  35028  18116 S   0.0   0.5   0:00.31 snapd

    544 dmitry54  20   0  301780 300300   3056 R 100.0   3.9   0:01.87 mem2.bash
    543 dmitry54  20   0  299536 297964   3096 R 100.0   3.8   0:01.87 mem.bash
    342 root      20   0  154496  69088  17820 S   0.0   0.9   0:02.27 python3.10
    472 root      20   0   44216  37472  10080 S   0.0   0.5   0:00.82 python3
    210 root      20   0 2058572  35028  18116 S   0.0   0.5   0:00.31 snapd

    544 dmitry54  20   0  393256 391644   3056 R 100.0   5.1   0:02.43 mem2.bash
    543 dmitry54  20   0  389560 387988   3096 R 100.0   5.0   0:02.43 mem.bash
    342 root      20   0  154496  69088  17820 S   0.0   0.9   0:02.27 python3.10
    472 root      20   0   44216  37472  10080 S   0.0   0.5   0:00.82 python3
    210 root      20   0 2058572  35028  18116 S   0.0   0.5   0:00.31 snapd

    544 dmitry54  20   0  484600 482988   3056 R 100.0   6.2   0:02.99 mem2.bash
    543 dmitry54  20   0  479056 477484   3096 R 100.0   6.2   0:02.99 mem.bash
    342 root      20   0  154496  69088  17820 S   0.0   0.9   0:02.27 python3.10
    472 root      20   0   44216  37472  10080 S   0.0   0.5   0:00.82 python3
    210 root      20   0 2058572  35028  18116 S   0.0   0.5   0:00.31 snapd

    544 dmitry54  20   0  573832 572220   3056 R 100.0   7.4   0:03.55 mem2.bash
    543 dmitry54  20   0  568420 566980   3096 R 100.0   7.3   0:03.55 mem.bash
    342 root      20   0  154496  69088  17820 S   0.0   0.9   0:02.27 python3.10
    472 root      20   0   44216  37472  10080 S   0.0   0.5   0:00.82 python3
    210 root      20   0 2058572  35028  18116 S   0.0   0.5   0:00.31 snapd

    544 dmitry54  20   0  662272 660660   3056 R 100.0   8.5   0:04.12 mem2.bash
    543 dmitry54  20   0  655276 653572   3096 R 100.0   8.4   0:04.12 mem.bash
    342 root      20   0  154496  69088  17820 S   0.0   0.9   0:02.27 python3.10
    472 root      20   0   44216  37472  10080 S   0.0   0.5   0:00.82 python3
    210 root      20   0 2058572  35028  18116 S   0.0   0.5   0:00.31 snapd

    544 dmitry54  20   0  751108 749628   3056 R 100.0   9.7   0:04.68 mem2.bash
    543 dmitry54  20   0  742396 740692   3096 R 100.0   9.6   0:04.68 mem.bash
    342 root      20   0  154496  69088  17820 S   0.0   0.9   0:02.27 python3.10
    472 root      20   0   44216  37472  10080 S   0.0   0.5   0:00.82 python3
    210 root      20   0 2058572  35028  18116 S   0.0   0.5   0:00.31 snapd

    544 dmitry54  20   0  837568 835956   3056 R 100.0  10.8   0:05.24 mem2.bash
    543 dmitry54  20   0  828856 827284   3096 R 100.0  10.7   0:05.24 mem.bash
    342 root      20   0  154496  69088  17820 S   0.0   0.9   0:02.27 python3.10
    472 root      20   0   44216  37472  10080 S   0.0   0.5   0:00.82 python3
    210 root      20   0 2058572  35028  18116 S   0.0   0.5   0:00.31 snapd

    544 dmitry54  20   0  928252 926772   3056 R 100.0  12.0   0:05.81 mem2.bash
    543 dmitry54  20   0  918616 917044   3096 R 100.0  11.8   0:05.81 mem.bash
    342 root      20   0  154496  69088  17820 S   0.0   0.9   0:02.27 python3.10
    472 root      20   0   44216  37472  10080 S   0.0   0.5   0:00.82 python3
    210 root      20   0 2058572  35028  18116 S   0.0   0.5   0:00.31 snapd

    544 dmitry54  20   0  997024 995412   3056 R 100.0  12.9   0:06.37 mem2.bash
    543 dmitry54  20   0  986464 984892   3096 R 100.0  12.7   0:06.37 mem.bash
    342 root      20   0  154496  69088  17820 S   0.0   0.9   0:02.27 python3.10
    472 root      20   0   44216  37472  10080 S   0.0   0.5   0:00.82 python3
    210 root      20   0 2058572  35028  18116 S   0.0   0.5   0:00.31 snapd

    544 dmitry54  20   0 1070548   1.0g   3056 R 100.0  13.8   0:06.93 mem2.bash
    543 dmitry54  20   0 1059328   1.0g   3096 R 100.0  13.7   0:06.93 mem.bash
    342 root      20   0  154496  69088  17820 S   0.0   0.9   0:02.27 python3.10
    472 root      20   0   44216  37472  10080 S   0.0   0.5   0:00.82 python3
    210 root      20   0 2058572  35028  18116 S   0.0   0.5   0:00.31 snapd

    544 dmitry54  20   0 1160044   1.1g   3056 R 100.0  15.0   0:07.50 mem2.bash
    543 dmitry54  20   0 1149880   1.1g   3096 R 100.0  14.8   0:07.50 mem.bash
    342 root      20   0  154496  69088  17820 S   0.0   0.9   0:02.27 python3.10
    472 root      20   0   44216  37472  10080 S   0.0   0.5   0:00.82 python3
    210 root      20   0 2058572  35028  18116 S   0.0   0.5   0:00.31 snapd

    544 dmitry54  20   0 1250992   1.2g   3056 R 100.0  16.1   0:08.06 mem2.bash
    543 dmitry54  20   0 1239904   1.2g   3096 R 100.0  16.0   0:08.06 mem.bash
    342 root      20   0  154496  69088  17820 S   0.0   0.9   0:02.27 python3.10
    472 root      20   0   44216  37472  10080 S   0.0   0.5   0:00.82 python3
    210 root      20   0 2058572  35028  18116 S   0.0   0.5   0:00.31 snapd

    544 dmitry54  20   0 1340620   1.3g   3056 R 100.0  17.3   0:08.62 mem2.bash
    543 dmitry54  20   0 1328872   1.3g   3096 R 100.0  17.1   0:08.62 mem.bash
    342 root      20   0  154496  69088  17820 S   0.0   0.9   0:02.27 python3.10
    472 root      20   0   44216  37472  10080 S   0.0   0.5   0:00.82 python3
    210 root      20   0 2058572  35028  18116 S   0.0   0.5   0:00.31 snapd

    544 dmitry54  20   0 1430512   1.4g   3056 R 100.0  18.5   0:09.19 mem2.bash
    543 dmitry54  20   0 1419556   1.4g   3096 R 100.0  18.3   0:09.19 mem.bash
    342 root      20   0  154496  69088  17820 S   0.0   0.9   0:02.27 python3.10
    472 root      20   0   44216  37472  10080 S   0.0   0.5   0:00.82 python3
    210 root      20   0 2058572  35028  18116 S   0.0   0.5   0:00.31 snapd

    544 dmitry54  20   0 1501792   1.4g   3056 R 100.0  19.4   0:09.75 mem2.bash
    543 dmitry54  20   0 1491364   1.4g   3096 R 100.0  19.2   0:09.75 mem.bash
    342 root      20   0  154496  69088  17820 S   0.0   0.9   0:02.27 python3.10
    472 root      20   0   44216  37472  10080 S   0.0   0.5   0:00.82 python3
    210 root      20   0 2058572  35028  18116 S   0.0   0.5   0:00.31 snapd

    544 dmitry54  20   0 1583764   1.5g   3056 R 100.0  20.4   0:10.32 mem2.bash
    543 dmitry54  20   0 1572940   1.5g   3096 R 100.0  20.3   0:10.32 mem.bash
    342 root      20   0  154496  69088  17820 S   0.0   0.9   0:02.27 python3.10
    472 root      20   0   44216  37472  10080 S   0.0   0.5   0:00.82 python3
    210 root      20   0 2058572  35028  18116 S   0.0   0.5   0:00.31 snapd

    544 dmitry54  20   0 1671016   1.6g   3056 R 100.0  21.6   0:10.88 mem2.bash
    543 dmitry54  20   0 1660588   1.6g   3096 R 100.0  21.4   0:10.88 mem.bash
    342 root      20   0  154496  69088  17820 S   0.0   0.9   0:02.27 python3.10
    472 root      20   0   44216  37472  10080 S   0.0   0.5   0:00.82 python3
    210 root      20   0 2058572  35028  18116 S   0.0   0.5   0:00.31 snapd

    544 dmitry54  20   0 1759852   1.7g   3056 R 100.0  22.7   0:11.44 mem2.bash
    543 dmitry54  20   0 1749556   1.7g   3096 R 100.0  22.6   0:11.44 mem.bash
    342 root      20   0  154496  69088  17820 S   0.0   0.9   0:02.27 python3.10
    472 root      20   0   44216  37472  10080 S   0.0   0.5   0:00.82 python3
    210 root      20   0 2058572  35028  18116 S   0.0   0.5   0:00.31 snapd

    544 dmitry54  20   0 1849084   1.8g   3056 R 100.0  23.9   0:12.01 mem2.bash
    543 dmitry54  20   0 1839580   1.8g   3096 R 100.0  23.7   0:12.01 mem.bash
    342 root      20   0  154496  69088  17820 S   0.0   0.9   0:02.27 python3.10
    472 root      20   0   44216  37472  10080 S   0.0   0.5   0:00.82 python3
    210 root      20   0 2058572  35028  18116 S   0.0   0.5   0:00.31 snapd

    544 dmitry54  20   0 1938448   1.8g   3056 R 100.0  25.0   0:12.57 mem2.bash
    543 dmitry54  20   0 1928020   1.8g   3096 R 100.0  24.9   0:12.57 mem.bash
    342 root      20   0  154496  69088  17820 S   0.0   0.9   0:02.27 python3.10
    472 root      20   0   44216  37472  10080 S   0.0   0.5   0:00.82 python3
    210 root      20   0 2058572  35028  18116 S   0.0   0.5   0:00.31 snapd

    544 dmitry54  20   0 2028868   1.9g   3056 R 100.0  26.2   0:13.13 mem2.bash
    543 dmitry54  20   0 2016988   1.9g   3096 R 100.0  26.0   0:13.13 mem.bash
    342 root      20   0  154496  69088  17820 S   0.0   0.9   0:02.27 python3.10
    472 root      20   0   44216  37472  10080 S   0.0   0.5   0:00.83 python3
    210 root      20   0 2058572  35028  18116 S   0.0   0.5   0:00.31 snapd

    544 dmitry54  20   0 2117968   2.0g   3056 R 100.0  27.3   0:13.69 mem2.bash
    543 dmitry54  20   0 2105560   2.0g   3096 R 100.0  27.2   0:13.69 mem.bash
    342 root      20   0  154496  69088  17820 S   0.0   0.9   0:02.27 python3.10
    472 root      20   0   44216  37472  10080 S   0.0   0.5   0:00.83 python3
    210 root      20   0 2058572  35028  18116 S   0.0   0.5   0:00.31 snapd

    544 dmitry54  20   0 2208388   2.1g   3056 R 100.0  28.5   0:14.26 mem2.bash
    543 dmitry54  20   0 2194528   2.1g   3096 R 100.0  28.3   0:14.26 mem.bash
    342 root      20   0  154496  69088  17820 S   0.0   0.9   0:02.27 python3.10
    472 root      20   0   44216  37472  10080 S   0.0   0.5   0:00.83 python3
    210 root      20   0 2058572  35028  18116 S   0.0   0.5   0:00.31 snapd

    544 dmitry54  20   0 2293132   2.2g   3056 R 100.0  29.6   0:14.82 mem2.bash
    543 dmitry54  20   0 2277160   2.2g   3096 R 100.0  29.4   0:14.82 mem.bash
    342 root      20   0  154496  69088  17820 S   6.7   0.9   0:02.28 python3.10
    472 root      20   0   44216  37472  10080 S   0.0   0.5   0:00.83 python3
    210 root      20   0 2058572  35028  18116 S   0.0   0.5   0:00.31 snapd

    544 dmitry54  20   0 2376556   2.3g   3056 R 100.0  30.7   0:15.38 mem2.bash
    543 dmitry54  20   0 2359396   2.2g   3096 R 100.0  30.4   0:15.38 mem.bash
    342 root      20   0  154496  69088  17820 S   0.0   0.9   0:02.28 python3.10
    472 root      20   0   44216  37472  10080 S   0.0   0.5   0:00.83 python3
    210 root      20   0 2058572  35028  18116 S   0.0   0.5   0:00.31 snapd

    544 dmitry54  20   0 2463280   2.3g   3056 R 100.0  31.8   0:15.95 mem2.bash
    543 dmitry54  20   0 2445196   2.3g   3096 R 100.0  31.6   0:15.95 mem.bash
    342 root      20   0  154496  69088  17820 S   0.0   0.9   0:02.28 python3.10
    472 root      20   0   44216  37472  10080 S   0.0   0.5   0:00.83 python3
    210 root      20   0 2058572  35028  18116 S   0.0   0.5   0:00.31 snapd

    544 dmitry54  20   0 2543932   2.4g   3056 R 100.0  32.8   0:16.51 mem2.bash
    543 dmitry54  20   0 2524792   2.4g   3096 R 100.0  32.6   0:16.51 mem.bash
    342 root      20   0  154496  69088  17820 S   0.0   0.9   0:02.28 python3.10
    472 root      20   0   44216  37472  10080 S   0.0   0.5   0:00.83 python3
    210 root      20   0 2058572  35028  18116 S   0.0   0.5   0:00.31 snapd

    544 dmitry54  20   0 2628940   2.5g   3056 R 100.0  33.9   0:17.07 mem2.bash
    543 dmitry54  20   0 2610328   2.5g   3096 R 100.0  33.7   0:17.07 mem.bash
    342 root      20   0  154496  69088  17820 S   0.0   0.9   0:02.28 python3.10
    472 root      20   0   44216  37472  10080 S   0.0   0.5   0:00.83 python3
    210 root      20   0 2058572  35028  18116 S   0.0   0.5   0:00.31 snapd

    544 dmitry54  20   0 2715796   2.6g   3056 R 100.0  35.1   0:17.64 mem2.bash
    543 dmitry54  20   0 2695204   2.6g   3096 R 100.0  34.8   0:17.64 mem.bash
    342 root      20   0  154496  69088  17820 S   0.0   0.9   0:02.28 python3.10
    472 root      20   0   44216  37472  10080 S   0.0   0.5   0:00.83 python3
    210 root      20   0 2058572  35028  18116 S   0.0   0.5   0:00.31 snapd

    544 dmitry54  20   0 2785360   2.7g   3056 R 100.0  35.9   0:18.20 mem2.bash
    543 dmitry54  20   0 2763844   2.6g   3096 R 100.0  35.7   0:18.20 mem.bash
    342 root      20   0  154496  69088  17820 S   0.0   0.9   0:02.28 python3.10
    472 root      20   0   44216  37472  10080 S   0.0   0.5   0:00.83 python3
    210 root      20   0 2058572  35028  18116 S   0.0   0.5   0:00.31 snapd

    544 dmitry54  20   0 2874988   2.7g   3056 R 100.0  37.1   0:18.76 mem2.bash
    543 dmitry54  20   0 2852548   2.7g   3096 R 100.0  36.8   0:18.76 mem.bash
    342 root      20   0  154496  69088  17820 S   0.0   0.9   0:02.28 python3.10
    472 root      20   0   44216  37472  10080 S   0.0   0.5   0:00.83 python3
    210 root      20   0 2058572  35028  18116 S   0.0   0.5   0:00.31 snapd

    544 dmitry54  20   0 2961844   2.8g   3056 R 100.0  38.2   0:19.33 mem2.bash
    543 dmitry54  20   0 2939932   2.8g   3096 R 100.0  37.9   0:19.33 mem.bash
    342 root      20   0  154496  69088  17820 S   0.0   0.9   0:02.28 python3.10
    472 root      20   0   44216  37472  10080 S   0.0   0.5   0:00.83 python3
    210 root      20   0 2058572  35028  18116 S   0.0   0.5   0:00.31 snapd

    544 dmitry54  20   0 3046852   2.9g   3056 R 100.0  39.3   0:19.89 mem2.bash
    543 dmitry54  20   0 3027448   2.9g   3096 R 100.0  39.1   0:19.89 mem.bash
    342 root      20   0  154496  69088  17820 S   0.0   0.9   0:02.28 python3.10
    472 root      20   0   44216  37472  10080 S   0.0   0.5   0:00.83 python3
    210 root      20   0 2058572  35028  18116 S   0.0   0.5   0:00.31 snapd

    544 dmitry54  20   0 3134632   3.0g   3056 R 100.0  40.5   0:20.45 mem2.bash
    543 dmitry54  20   0 3114568   3.0g   3096 R 100.0  40.2   0:20.45 mem.bash
    342 root      20   0  154496  69088  17820 S   0.0   0.9   0:02.28 python3.10
    472 root      20   0   44216  37472  10080 S   0.0   0.5   0:00.83 python3
    210 root      20   0 2058572  35028  18116 S   0.0   0.5   0:00.31 snapd

    544 dmitry54  20   0 3222412   3.1g   3056 R 100.0  41.6   0:21.02 mem2.bash
    543 dmitry54  20   0 3202744   3.1g   3096 R 100.0  41.3   0:21.02 mem.bash
    342 root      20   0  154496  69088  17820 S   0.0   0.9   0:02.28 python3.10
    472 root      20   0   44216  37472  10080 S   0.0   0.5   0:00.83 python3
    210 root      20   0 2058572  35028  18116 S   0.0   0.5   0:00.31 snapd

    544 dmitry54  20   0 3309664   3.2g   3056 R 100.0  42.7   0:21.58 mem2.bash
    543 dmitry54  20   0 3289864   3.1g   3096 R 100.0  42.5   0:21.58 mem.bash
    342 root      20   0  154496  69088  17820 S   0.0   0.9   0:02.28 python3.10
    472 root      20   0   44216  37472  10080 S   0.0   0.5   0:00.83 python3
    210 root      20   0 2058572  35028  18116 S   0.0   0.5   0:00.31 snapd

    544 dmitry54  20   0 3401140   3.2g   2704 R 100.0  43.9   0:22.15 mem2.bash
    543 dmitry54  20   0 3379888   3.2g   2768 R 100.0  43.6   0:22.15 mem.bash
    342 root      20   0  154496  69088  17820 S   0.0   0.9   0:02.28 python3.10
    472 root      20   0   44216  37472  10080 S   0.0   0.5   0:00.83 python3
    210 root      20   0 2058572  35028  18116 S   0.0   0.5   0:00.31 snapd

    544 dmitry54  20   0 3492088   3.3g   2708 R 100.0  45.1   0:22.71 mem2.bash
    543 dmitry54  20   0 3470044   3.3g   2716 R 100.0  44.8   0:22.71 mem.bash
    342 root      20   0  154496  65496  14228 S   0.0   0.8   0:02.28 python3.10
    472 root      20   0   44216  37264   9872 S   0.0   0.5   0:00.83 python3
    210 root      20   0 2058572  22728   7140 S   0.0   0.3   0:00.31 snapd

    544 dmitry54  20   0 3584620   3.4g   2708 R 100.0  45.7   0:23.29 mem2.bash
    543 dmitry54  20   0 3561388   3.4g   2716 R 100.0  45.4   0:23.29 mem.bash
    342 root      20   0  154496  55208   4248 S   0.0   0.7   0:02.28 python3.10
    472 root      20   0   44216  28260    868 S   0.0   0.4   0:00.83 python3
    208 root      20   0   30096  12412   3608 S   0.0   0.2   0:00.07 networkd-dispat

    544 dmitry54  20   0 3656428   3.4g   2708 R 100.0  46.0   0:23.88 mem2.bash
    543 dmitry54  20   0 3632536   3.4g   2716 R 100.0  45.8   0:23.88 mem.bash
    342 root      20   0  154496  54012   4032 S   0.0   0.7   0:02.28 python3.10
    472 root      20   0   44216  28260    868 S   0.0   0.4   0:00.83 python3
    208 root      20   0   30096  12340   3596 S   0.0   0.2   0:00.07 networkd-dispat

    544 dmitry54  20   0 3705136   3.4g   2708 R 100.0  46.0   0:24.45 mem2.bash
    543 dmitry54  20   0 3681244   3.4g   2716 R 100.0  45.7   0:24.45 mem.bash
    342 root      20   0  154496  52316   3768 S   0.0   0.7   0:02.28 python3.10
    472 root      20   0   44216  28260    868 S   0.0   0.4   0:00.83 python3
    208 root      20   0   30096  12204   3576 S   0.0   0.2   0:00.07 networkd-dispat

    544 dmitry54  20   0 3754108   3.4g   2708 R 100.0  46.1   0:25.01 mem2.bash
    543 dmitry54  20   0 3730084   3.4g   2716 R 100.0  45.8   0:25.01 mem.bash
    342 root      20   0  154496  51572   3644 S   0.0   0.7   0:02.28 python3.10
    472 root      20   0   44216  28260    868 S   0.0   0.4   0:00.83 python3
    208 root      20   0   30096  12148   3572 S   0.0   0.2   0:00.07 networkd-dispat

    544 dmitry54  20   0 3831196   3.4g   2708 R 100.0  46.1   0:25.58 mem2.bash
    543 dmitry54  20   0 3806908   3.4g   2712 R 100.0  45.8   0:25.58 mem.bash
    342 root      20   0  154496  49728   3412 S   0.0   0.6   0:02.28 python3.10
    472 root      20   0   44216  28260    868 S   0.0   0.4   0:00.83 python3
    208 root      20   0   30096  12000   3564 S   0.0   0.2   0:00.07 networkd-dispat

    544 dmitry54  20   0 3919372   3.4g   2708 R 100.0  46.1   0:26.15 mem2.bash
    543 dmitry54  20   0 3894952   3.4g   2712 R 100.0  45.8   0:26.15 mem.bash
    342 root      20   0  154496  47876   3176 S   0.0   0.6   0:02.28 python3.10
    472 root      20   0   44216  28260    868 S   0.0   0.4   0:00.83 python3
    208 root      20   0   30096  11836   3556 S   0.0   0.2   0:00.07 networkd-dispat

    544 dmitry54  20   0 4005832   3.4g   2708 R 100.0  46.0   0:26.72 mem2.bash
    543 dmitry54  20   0 3981016   3.4g   2712 R 100.0  45.8   0:26.72 mem.bash
    342 root      20   0  154496  45936   2944 S   0.0   0.6   0:02.28 python3.10
    472 root      20   0   44216  28260    868 S   0.0   0.4   0:00.83 python3
    208 root      20   0   30096  11700   3552 S   0.0   0.2   0:00.07 networkd-dispat

    544 dmitry54  20   0 4094800   3.4g   2708 R 100.0  46.2   0:27.29 mem2.bash
    543 dmitry54  20   0 4068928   3.4g   2712 R 100.0  45.9   0:27.29 mem.bash
    342 root      20   0  154496  44332   2752 S   0.0   0.6   0:02.28 python3.10
    472 root      20   0   44216  28260    868 S   0.0   0.4   0:00.83 python3
    208 root      20   0   30096  11576   3548 S   0.0   0.1   0:00.07 networkd-dispat

    544 dmitry54  20   0 4154728   3.4g   2708 R 100.0  46.1   0:27.86 mem2.bash
    543 dmitry54  20   0 4128196   3.4g   2712 R 100.0  45.8   0:27.86 mem.bash
    342 root      20   0  154496  42888   2600 S   0.0   0.6   0:02.28 python3.10
    472 root      20   0   44216  28260    868 S   0.0   0.4   0:00.83 python3
    208 root      20   0   30096  11456   3544 S   0.0   0.1   0:00.07 networkd-dispat

    544 dmitry54  20   0 4202644   3.4g   2708 R 100.0  46.0   0:28.42 mem2.bash
    543 dmitry54  20   0 4175716   3.4g   2712 R 100.0  45.8   0:28.42 mem.bash
    342 root      20   0  154496  41928   2508 S   0.0   0.5   0:02.28 python3.10
    472 root      20   0   44216  28260    868 S   0.0   0.4   0:00.84 python3
    208 root      20   0   30096  11360   3540 S   0.0   0.1   0:00.07 networkd-dispat

    544 dmitry54  20   0 4250956   3.4g   2708 R 100.0  46.1   0:28.99 mem2.bash
    543 dmitry54  20   0 4223500   3.4g   2712 R 100.0  45.9   0:28.99 mem.bash
    342 root      20   0  154496  41204   2444 S   0.0   0.5   0:02.28 python3.10
    472 root      20   0   44216  28260    868 S   0.0   0.4   0:00.84 python3
    208 root      20   0   30096  11316   3540 S   0.0   0.1   0:00.07 networkd-dispat

    544 dmitry54  20   0 4298476   3.4g   2708 R 100.0  46.0   0:29.55 mem2.bash
    543 dmitry54  20   0 4271284   3.4g   2712 R 100.0  45.7   0:29.55 mem.bash
    342 root      20   0  154496  40172   2364 S   0.0   0.5   0:02.28 python3.10
    472 root      20   0   44216  28260    868 S   0.0   0.4   0:00.84 python3
    208 root      20   0   30096  11236   3536 S   0.0   0.1   0:00.07 networkd-dispat

    544 dmitry54  20   0 4385992   3.4g   2708 R 100.0  46.1   0:30.12 mem2.bash
    543 dmitry54  20   0 4357612   3.4g   2712 R 100.0  45.9   0:30.12 mem.bash
    342 root      20   0  154496  38488   2204 S   0.0   0.5   0:02.28 python3.10
    472 root      20   0   44216  28260    868 S   0.0   0.4   0:00.84 python3
    208 root      20   0   30096  11060   3524 S   0.0   0.1   0:00.07 networkd-dispat

    544 dmitry54  20   0 4473508   3.4g   2708 R 100.0  46.2   0:30.68 mem2.bash
    543 dmitry54  20   0 4444072   3.4g   2712 R 100.0  45.9   0:30.68 mem.bash
    342 root      20   0  154496  37104   2124 S   0.0   0.5   0:02.28 python3.10
    472 root      20   0   44216  28260    868 S   0.0   0.4   0:00.84 python3
    208 root      20   0   30096  10932   3516 S   0.0   0.1   0:00.07 networkd-dispat

    544 dmitry54  20   0 4560892   3.4g   2708 R 100.0  46.2   0:31.25 mem2.bash
    543 dmitry54  20   0 4531060   3.4g   2712 R 100.0  45.9   0:31.25 mem.bash
    342 root      20   0  154496  35504   2040 S   0.0   0.5   0:02.28 python3.10
    472 root      20   0   44216  28260    868 S   0.0   0.4   0:00.84 python3
    208 root      20   0   30096  10784   3508 S   0.0   0.1   0:00.07 networkd-dispat

    544 dmitry54  20   0 4615672   3.4g    560 R 100.0  46.7   0:32.23 mem2.bash
    543 dmitry54  20   0 4585972   3.4g    544 R 100.0  46.4   0:32.25 mem.bash
    342 root      20   0  154496  33508      0 D   0.0   0.4   0:02.29 python3.10
    472 root      20   0   44216  27472      0 D   5.9   0.4   0:00.86 python3
    208 root      20   0   30096   7260      0 S   0.0   0.1   0:00.07 networkd-dispat

    543 dmitry54  20   0 4682992   3.5g   1564 R 100.0  47.5   0:32.91 mem.bash
    342 root      20   0  154496  35628   2328 S   0.0   0.5   0:02.29 python3.10
    472 root      20   0   44216  29176   1704 S   0.0   0.4   0:00.86 python3
    208 root      20   0   30096   7244      0 S   0.0   0.1   0:00.07 networkd-dispat
    210 root      20   0 2058572   7168    696 S   0.0   0.1   0:00.33 snapd

    543 dmitry54  20   0 4755328   3.6g   1564 R 100.0  48.5   0:33.47 mem.bash
    342 root      20   0  154496  35628   2328 S   0.0   0.5   0:02.29 python3.10
    472 root      20   0   44216  29176   1704 S   0.0   0.4   0:00.86 python3
    208 root      20   0   30096   7244      0 S   0.0   0.1   0:00.07 networkd-dispat
    210 root      20   0 2058572   7168    696 S   0.0   0.1   0:00.33 snapd

    543 dmitry54  20   0 4846144   3.7g   1564 R 100.0  49.6   0:34.03 mem.bash
    342 root      20   0  154496  35628   2328 S   0.0   0.5   0:02.29 python3.10
    472 root      20   0   44216  29176   1704 S   0.0   0.4   0:00.86 python3
    208 root      20   0   30096   7244      0 S   0.0   0.1   0:00.07 networkd-dispat
    210 root      20   0 2058572   7168    696 S   0.0   0.1   0:00.33 snapd

    543 dmitry54  20   0 4937356   3.8g   1564 R 100.0  50.8   0:34.60 mem.bash
    342 root      20   0  154496  35628   2328 S   0.0   0.5   0:02.30 python3.10
    472 root      20   0   44216  29176   1704 S   0.0   0.4   0:00.86 python3
    208 root      20   0   30096   7244      0 S   0.0   0.1   0:00.07 networkd-dispat
    210 root      20   0 2058572   7168    696 S   0.0   0.1   0:00.33 snapd

    543 dmitry54  20   0 5029756   3.8g   1564 R 100.0  52.0   0:35.16 mem.bash
    342 root      20   0  154496  35628   2328 S   0.0   0.5   0:02.30 python3.10
    472 root      20   0   44216  29176   1704 S   0.0   0.4   0:00.87 python3
    208 root      20   0   30096   7244      0 S   0.0   0.1   0:00.07 networkd-dispat
    210 root      20   0 2058572   7168    696 S   0.0   0.1   0:00.33 snapd

    543 dmitry54  20   0 5121100   3.9g   1564 R 100.0  53.2   0:35.73 mem.bash
    342 root      20   0  154496  35628   2328 S   0.0   0.5   0:02.30 python3.10
    472 root      20   0   44216  29176   1704 S   0.0   0.4   0:00.87 python3
    208 root      20   0   30096   7244      0 S   0.0   0.1   0:00.07 networkd-dispat
    210 root      20   0 2058572   7168    696 S   0.0   0.1   0:00.33 snapd

    543 dmitry54  20   0 5213236   4.0g   1564 R 100.0  54.4   0:36.29 mem.bash
    342 root      20   0  154496  35628   2328 S   0.0   0.5   0:02.30 python3.10
    472 root      20   0   44216  29176   1704 S   0.0   0.4   0:00.87 python3
    208 root      20   0   30096   7244      0 S   0.0   0.1   0:00.07 networkd-dispat
    210 root      20   0 2058572   7168    696 S   0.0   0.1   0:00.33 snapd

    543 dmitry54  20   0 5305900   4.1g   1564 R 100.0  55.6   0:36.86 mem.bash
    342 root      20   0  154496  35628   2328 S   0.0   0.5   0:02.30 python3.10
    472 root      20   0   44216  29176   1704 S   0.0   0.4   0:00.87 python3
    208 root      20   0   30096   7244      0 S   0.0   0.1   0:00.07 networkd-dispat
    210 root      20   0 2058572   7168    696 S   0.0   0.1   0:00.33 snapd

    543 dmitry54  20   0 5399488   4.2g   1564 R 100.0  56.8   0:37.42 mem.bash
    342 root      20   0  154496  35628   2328 S   0.0   0.5   0:02.30 python3.10
    472 root      20   0   44216  29176   1704 S   0.0   0.4   0:00.87 python3
    208 root      20   0   30096   7244      0 S   0.0   0.1   0:00.07 networkd-dispat
    210 root      20   0 2058572   7168    696 S   0.0   0.1   0:00.33 snapd

    543 dmitry54  20   0 5492812   4.3g   1564 R 100.0  58.0   0:37.99 mem.bash
    342 root      20   0  154496  35628   2328 S   0.0   0.5   0:02.30 python3.10
    472 root      20   0   44216  29176   1704 S   0.0   0.4   0:00.87 python3
    208 root      20   0   30096   7244      0 S   0.0   0.1   0:00.07 networkd-dispat
    210 root      20   0 2058572   7168    696 S   0.0   0.1   0:00.33 snapd

    543 dmitry54  20   0 5584024   4.4g   1564 R  93.3  59.2   0:38.55 mem.bash
    342 root      20   0  154496  35628   2328 S   0.0   0.5   0:02.30 python3.10
    472 root      20   0   44216  29176   1704 S   0.0   0.4   0:00.87 python3
    208 root      20   0   30096   7244      0 S   0.0   0.1   0:00.07 networkd-dispat
    210 root      20   0 2058572   7168    696 S   0.0   0.1   0:00.33 snapd

    543 dmitry54  20   0 5676688   4.5g   1564 R 100.0  60.4   0:39.12 mem.bash
    342 root      20   0  154496  35628   2328 S   0.0   0.5   0:02.30 python3.10
    472 root      20   0   44216  29176   1704 S   0.0   0.4   0:00.87 python3
    208 root      20   0   30096   7244      0 S   0.0   0.1   0:00.07 networkd-dispat
    210 root      20   0 2058572   7168    696 S   0.0   0.1   0:00.33 snapd

    543 dmitry54  20   0 5770012   4.5g   1564 R 100.0  61.6   0:39.69 mem.bash
    342 root      20   0  154496  35628   2328 S   0.0   0.5   0:02.30 python3.10
    472 root      20   0   44216  29176   1704 S   0.0   0.4   0:00.87 python3
    208 root      20   0   30096   7244      0 S   0.0   0.1   0:00.07 networkd-dispat
    210 root      20   0 2058572   7168    696 S   0.0   0.1   0:00.33 snapd

    543 dmitry54  20   0 5864524   4.6g   1564 R 100.0  62.8   0:40.25 mem.bash
    342 root      20   0  154496  35628   2328 S   0.0   0.5   0:02.30 python3.10
    472 root      20   0   44216  29176   1704 S   0.0   0.4   0:00.87 python3
    208 root      20   0   30096   7244      0 S   0.0   0.1   0:00.07 networkd-dispat
    210 root      20   0 2058572   7168    696 S   0.0   0.1   0:00.33 snapd

    543 dmitry54  20   0 5957188   4.7g   1564 R 100.0  64.0   0:40.82 mem.bash
    342 root      20   0  154496  35628   2328 S   0.0   0.5   0:02.30 python3.10
    472 root      20   0   44216  29176   1704 S   0.0   0.4   0:00.87 python3
    208 root      20   0   30096   7244      0 S   0.0   0.1   0:00.07 networkd-dispat
    210 root      20   0 2058572   7168    696 S   0.0   0.1   0:00.33 snapd

    543 dmitry54  20   0 6048928   4.8g   1564 R 100.0  65.2   0:41.38 mem.bash
    342 root      20   0  154496  35628   2328 S   0.0   0.5   0:02.30 python3.10
    472 root      20   0   44216  29176   1704 S   0.0   0.4   0:00.87 python3
    208 root      20   0   30096   7244      0 S   0.0   0.1   0:00.07 networkd-dispat
    210 root      20   0 2058572   7168    696 S   0.0   0.1   0:00.33 snapd

    543 dmitry54  20   0 6140008   4.9g   1564 R 100.0  66.3   0:41.95 mem.bash
    342 root      20   0  154496  35628   2328 S   0.0   0.5   0:02.30 python3.10
    472 root      20   0   44216  29176   1704 S   0.0   0.4   0:00.87 python3
    208 root      20   0   30096   7244      0 S   0.0   0.1   0:00.07 networkd-dispat
    210 root      20   0 2058572   7168    696 S   0.0   0.1   0:00.33 snapd

    543 dmitry54  20   0 6231088   5.0g   1564 R 100.0  67.5   0:42.51 mem.bash
    342 root      20   0  154496  35628   2328 S   0.0   0.5   0:02.30 python3.10
    472 root      20   0   44216  29176   1704 S   0.0   0.4   0:00.87 python3
    208 root      20   0   30096   7244      0 S   0.0   0.1   0:00.07 networkd-dispat
    210 root      20   0 2058572   7168    696 S   0.0   0.1   0:00.33 snapd

    543 dmitry54  20   0 6323884   5.1g   1564 R 100.0  68.7   0:43.08 mem.bash
    342 root      20   0  154496  35628   2328 S   0.0   0.5   0:02.30 python3.10
    472 root      20   0   44216  29176   1704 S   0.0   0.4   0:00.87 python3
    208 root      20   0   30096   7244      0 S   0.0   0.1   0:00.07 networkd-dispat
    210 root      20   0 2058572   7168    696 S   0.0   0.1   0:00.33 snapd

    543 dmitry54  20   0 6415756   5.2g   1564 R 100.0  69.9   0:43.64 mem.bash
    342 root      20   0  154496  35628   2328 S   0.0   0.5   0:02.30 python3.10
    472 root      20   0   44216  29176   1704 S   0.0   0.4   0:00.87 python3
    208 root      20   0   30096   7244      0 S   0.0   0.1   0:00.07 networkd-dispat
    210 root      20   0 2058572   7168    696 S   0.0   0.1   0:00.33 snapd

    543 dmitry54  20   0 6506572   5.2g   1564 R 100.0  71.1   0:44.21 mem.bash
    342 root      20   0  154496  35628   2328 S   0.0   0.5   0:02.30 python3.10
    472 root      20   0   44216  29176   1704 S   0.0   0.4   0:00.87 python3
    208 root      20   0   30096   7244      0 S   0.0   0.1   0:00.07 networkd-dispat
    210 root      20   0 2058572   7168    696 S   0.0   0.1   0:00.33 snapd

    543 dmitry54  20   0 6596596   5.3g   1564 R 100.0  72.2   0:44.77 mem.bash
    342 root      20   0  154496  35628   2328 S   0.0   0.5   0:02.30 python3.10
    472 root      20   0   44216  29176   1704 S   0.0   0.4   0:00.87 python3
    208 root      20   0   30096   7244      0 S   0.0   0.1   0:00.07 networkd-dispat
    210 root      20   0 2058572   7168    696 S   0.0   0.1   0:00.33 snapd

    543 dmitry54  20   0 6687148   5.4g   1564 R 100.0  73.4   0:45.34 mem.bash
    342 root      20   0  154496  35628   2328 S   0.0   0.5   0:02.30 python3.10
    472 root      20   0   44216  29176   1704 S   0.0   0.4   0:00.87 python3
    208 root      20   0   30096   7244      0 S   0.0   0.1   0:00.07 networkd-dispat
    210 root      20   0 2058572   7168    696 S   0.0   0.1   0:00.33 snapd

    543 dmitry54  20   0 6778624   5.5g   1564 R 100.0  74.6   0:45.90 mem.bash
    342 root      20   0  154496  35628   2328 S   0.0   0.5   0:02.30 python3.10
    472 root      20   0   44216  29176   1704 S   0.0   0.4   0:00.87 python3
    208 root      20   0   30096   7244      0 S   0.0   0.1   0:00.07 networkd-dispat
    210 root      20   0 2058572   7168    696 S   0.0   0.1   0:00.33 snapd

    543 dmitry54  20   0 6872344   5.6g   1564 R 100.0  75.8   0:46.48 mem.bash
    342 root      20   0  154496  35628   2328 S   0.0   0.5   0:02.30 python3.10
    472 root      20   0   44216  29176   1704 S   0.0   0.4   0:00.87 python3
    208 root      20   0   30096   7244      0 S   0.0   0.1   0:00.07 networkd-dispat
    210 root      20   0 2058572   7168    696 S   0.0   0.1   0:00.33 snapd

    543 dmitry54  20   0 6965536   5.7g   1564 R 100.0  77.0   0:47.04 mem.bash
    342 root      20   0  154496  35628   2328 S   0.0   0.5   0:02.30 python3.10
    472 root      20   0   44216  29176   1704 S   0.0   0.4   0:00.87 python3
    208 root      20   0   30096   7244      0 S   0.0   0.1   0:00.07 networkd-dispat
    210 root      20   0 2058572   7168    696 S   0.0   0.1   0:00.33 snapd

    543 dmitry54  20   0 7058464   5.8g   1564 R 100.0  78.2   0:47.60 mem.bash
    342 root      20   0  154496  35628   2328 S   0.0   0.5   0:02.30 python3.10
    472 root      20   0   44216  29176   1704 S   0.0   0.4   0:00.87 python3
    208 root      20   0   30096   7244      0 S   0.0   0.1   0:00.07 networkd-dispat
    210 root      20   0 2058572   7168    696 S   0.0   0.1   0:00.33 snapd

    543 dmitry54  20   0 7152184   5.9g   1564 R 100.0  79.4   0:48.17 mem.bash
    342 root      20   0  154496  35628   2328 S   0.0   0.5   0:02.30 python3.10
    472 root      20   0   44216  29176   1704 S   0.0   0.4   0:00.87 python3
    208 root      20   0   30096   7244      0 S   0.0   0.1   0:00.07 networkd-dispat
    210 root      20   0 2058572   7168    696 S   0.0   0.1   0:00.33 snapd

    543 dmitry54  20   0 7243528   6.0g   1564 R 100.0  80.6   0:48.73 mem.bash
    342 root      20   0  154496  35628   2328 S   6.7   0.5   0:02.31 python3.10
    472 root      20   0   44216  29176   1704 S   0.0   0.4   0:00.87 python3
    208 root      20   0   30096   7244      0 S   0.0   0.1   0:00.07 networkd-dispat
    210 root      20   0 2058572   7168    696 S   0.0   0.1   0:00.33 snapd

    543 dmitry54  20   0 7336192   6.0g   1564 R 100.0  81.8   0:49.30 mem.bash
    342 root      20   0  154496  35628   2328 S   0.0   0.5   0:02.31 python3.10
    472 root      20   0   44216  29176   1704 S   0.0   0.4   0:00.88 python3
    208 root      20   0   30096   7244      0 S   0.0   0.1   0:00.07 networkd-dispat
    210 root      20   0 2058572   7168    696 S   0.0   0.1   0:00.33 snapd

    543 dmitry54  20   0 7429120   6.1g   1564 R 100.0  83.0   0:49.86 mem.bash
    342 root      20   0  154496  35628   2328 S   0.0   0.5   0:02.31 python3.10
    472 root      20   0   44216  29176   1704 S   0.0   0.4   0:00.88 python3
    208 root      20   0   30096   7244      0 S   0.0   0.1   0:00.07 networkd-dispat
    210 root      20   0 2058572   7168    696 S   0.0   0.1   0:00.33 snapd

    543 dmitry54  20   0 7521784   6.2g   1564 R 100.0  84.2   0:50.44 mem.bash
    342 root      20   0  154496  35628   2328 S   0.0   0.5   0:02.31 python3.10
    472 root      20   0   44216  29176   1704 S   0.0   0.4   0:00.88 python3
    208 root      20   0   30096   7244      0 S   0.0   0.1   0:00.07 networkd-dispat
    210 root      20   0 2058572   7168    696 S   0.0   0.1   0:00.33 snapd

    543 dmitry54  20   0 7614580   6.3g   1564 R 100.0  85.4   0:51.00 mem.bash
    342 root      20   0  154496  35628   2328 S   0.0   0.5   0:02.31 python3.10
    472 root      20   0   44216  29176   1704 S   0.0   0.4   0:00.88 python3
    208 root      20   0   30096   7244      0 S   0.0   0.1   0:00.07 networkd-dispat
    210 root      20   0 2058572   7168    696 S   0.0   0.1   0:00.33 snapd

    543 dmitry54  20   0 7708432   6.4g   1564 R 100.0  86.6   0:51.57 mem.bash
    342 root      20   0  154496  35628   2328 S   0.0   0.5   0:02.31 python3.10
    472 root      20   0   44216  29176   1704 S   0.0   0.4   0:00.88 python3
    208 root      20   0   30096   7244      0 S   0.0   0.1   0:00.07 networkd-dispat
    210 root      20   0 2058572   7168    696 S   0.0   0.1   0:00.33 snapd

    543 dmitry54  20   0 7802284   6.5g   1564 R 100.0  87.8   0:52.14 mem.bash
    342 root      20   0  154496  35628   2328 S   0.0   0.5   0:02.31 python3.10
    472 root      20   0   44216  29176   1704 S   0.0   0.4   0:00.88 python3
    208 root      20   0   30096   7244      0 S   0.0   0.1   0:00.07 networkd-dispat
    210 root      20   0 2058572   7168    696 S   0.0   0.1   0:00.33 snapd

    543 dmitry54  20   0 7893628   6.6g   1564 R 100.0  89.0   0:52.69 mem.bash
    342 root      20   0  154496  35628   2328 S   0.0   0.5   0:02.31 python3.10
    472 root      20   0   44216  29176   1704 S   0.0   0.4   0:00.88 python3
    208 root      20   0   30096   7244      0 S   0.0   0.1   0:00.07 networkd-dispat
    210 root      20   0 2058572   7168    696 S   0.0   0.1   0:00.33 snapd

    543 dmitry54  20   0 7985500   6.7g   1564 R  93.8  90.2   0:53.26 mem.bash
    342 root      20   0  154496  35628   2328 S   0.0   0.5   0:02.31 python3.10
    472 root      20   0   44216  29176   1704 S   0.0   0.4   0:00.88 python3
    208 root      20   0   30096   7244      0 S   0.0   0.1   0:00.07 networkd-dispat
    210 root      20   0 2058572   7168    696 S   0.0   0.1   0:00.33 snapd

    543 dmitry54  20   0 8070772   6.7g   1564 R 100.0  91.3   0:53.82 mem.bash
    342 root      20   0  154496  35628   2328 S   0.0   0.5   0:02.31 python3.10
    472 root      20   0   44216  29176   1704 S   0.0   0.4   0:00.88 python3
    208 root      20   0   30096   7244      0 S   0.0   0.1   0:00.07 networkd-dispat
    210 root      20   0 2058572   7168    696 S   0.0   0.1   0:00.33 snapd

    543 dmitry54  20   0 8151820   6.7g   1564 R  93.8  90.9   0:54.40 mem.bash
    342 root      20   0  154496  32036   2328 S   0.0   0.4   0:02.31 python3.10
    472 root      20   0   44216  29176   1704 S   0.0   0.4   0:00.88 python3
    210 root      20   0 2058572   7120    696 S   0.0   0.1   0:00.33 snapd
     40 root      19  -1   39608   6872   5880 S   0.0   0.1   0:00.07 systemd-journal

    543 dmitry54  20   0 8246200   6.8g   1564 R 100.0  92.0   0:54.99 mem.bash
    342 root      20   0  154496  32036   2328 S   0.0   0.4   0:02.31 python3.10
    472 root      20   0   44216  29176   1704 S   0.0   0.4   0:00.88 python3
    210 root      20   0 2058572   7120    696 S   0.0   0.1   0:00.33 snapd
     40 root      19  -1   39608   6872   5880 S   0.0   0.1   0:00.07 systemd-journal

    543 dmitry54  20   0 8332528   6.8g   1564 R 100.0  91.8   0:55.55 mem.bash
    342 root      20   0  154496  32036   2328 S   0.0   0.4   0:02.31 python3.10
    472 root      20   0   44216  29176   1704 S   0.0   0.4   0:00.88 python3
    210 root      20   0 2058572   7060    696 S   0.0   0.1   0:00.33 snapd
     40 root      19  -1   39608   6872   5880 S   0.0   0.1   0:00.07 systemd-journal

    543 dmitry54  20   0 8422816   6.8g   1564 R 100.0  92.0   0:56.13 mem.bash
    342 root      20   0  154496  32036   2328 S   0.0   0.4   0:02.31 python3.10
    472 root      20   0   44216  29176   1704 S   0.0   0.4   0:00.88 python3
    210 root      20   0 2058572   7008    696 S   0.0   0.1   0:00.33 snapd
     40 root      19  -1   39608   6872   5880 S   0.0   0.1   0:00.07 systemd-journal

    543 dmitry54  20   0 8510728   6.8g   1564 R 100.0  92.0   0:56.69 mem.bash
    342 root      20   0  154496  31384   2328 S   0.0   0.4   0:02.31 python3.10
    472 root      20   0   44216  29176   1704 S   0.0   0.4   0:00.88 python3
    210 root      20   0 2058572   6952    696 S   0.0   0.1   0:00.33 snapd
     40 root      19  -1   39608   6872   5880 S   0.0   0.1   0:00.07 systemd-journal

    543 dmitry54  20   0 8598904   6.8g   1564 R 100.0  92.2   0:57.25 mem.bash
    342 root      20   0  154496  30724   2328 S   0.0   0.4   0:02.31 python3.10
    472 root      20   0   44216  29176   1704 S   0.0   0.4   0:00.88 python3
    210 root      20   0 2058572   6888    696 S   0.0   0.1   0:00.33 snapd
     40 root      19  -1   39608   6872   5880 S   0.0   0.1   0:00.07 systemd-journal

    543 dmitry54  20   0 8685892   6.8g   1564 R 100.0  92.1   0:57.82 mem.bash
    342 root      20   0  154496  29944   2328 S   0.0   0.4   0:02.31 python3.10
    472 root      20   0   44216  29176   1704 S   0.0   0.4   0:00.88 python3
     40 root      19  -1   39608   6872   5880 S   0.0   0.1   0:00.07 systemd-journal
    210 root      20   0 2058572   6820    696 S   0.0   0.1   0:00.33 snapd

    543 dmitry54  20   0 8773012   6.8g   1564 R 100.0  92.1   0:58.39 mem.bash
    342 root      20   0  154496  29264   2328 S   0.0   0.4   0:02.31 python3.10
    472 root      20   0   44216  29176   1704 S   0.0   0.4   0:00.88 python3
     40 root      19  -1   39608   6872   5880 S   0.0   0.1   0:00.07 systemd-journal
    210 root      20   0 2058572   6756    696 S   0.0   0.1   0:00.33 snapd

    543 dmitry54  20   0 8860924   6.8g   1564 R 100.0  92.2   0:58.96 mem.bash
    472 root      20   0   44216  29176   1704 S   0.0   0.4   0:00.88 python3
    342 root      20   0  154496  28680   2328 S   0.0   0.4   0:02.31 python3.10
     40 root      19  -1   39608   6872   5880 S   0.0   0.1   0:00.07 systemd-journal
    210 root      20   0 2058572   6712    696 S   0.0   0.1   0:00.33 snapd

    543 dmitry54  20   0 8946328   6.8g   1564 R 100.0  92.2   0:59.52 mem.bash
    472 root      20   0   44216  29176   1704 S   0.0   0.4   0:00.88 python3
    342 root      20   0  154496  28068   2328 S   0.0   0.4   0:02.31 python3.10
     40 root      19  -1   39608   6872   5880 S   0.0   0.1   0:00.07 systemd-journal
    210 root      20   0 2058572   6664    696 S   0.0   0.1   0:00.33 snapd

    543 dmitry54  20   0 9034504   6.8g   1564 R 100.0  92.3   1:00.10 mem.bash
    472 root      20   0   44216  29176   1704 S   0.0   0.4   0:00.88 python3
    342 root      20   0  154496  27464   2328 S   0.0   0.4   0:02.31 python3.10
     40 root      19  -1   39608   6872   5880 S   0.0   0.1   0:00.07 systemd-journal
    210 root      20   0 2058572   6612    696 S   0.0   0.1   0:00.33 snapd

    543 dmitry54  20   0 9119776   6.8g   1564 R 100.0  92.2   1:00.67 mem.bash
    472 root      20   0   44216  28632   1160 S   0.0   0.4   0:00.88 python3
    342 root      20   0  154496  26232   1776 S   0.0   0.3   0:02.31 python3.10
    208 root      20   0   30096   6412      0 S   0.0   0.1   0:00.07 networkd-dispat
    240 root      20   0  107200   6332      0 S   0.0   0.1   0:00.05 unattended-upgr

    543 dmitry54  20   0 9181552   6.9g      0 D  59.1  93.0   1:01.40 mem.bash
    472 root      20   0   44216  27472      0 D   0.0   0.4   0:00.89 python3
    342 root      20   0  154496  24456      0 D   0.0   0.3   0:02.31 python3.10
    208 root      20   0   30096   6412      0 S   0.0   0.1   0:00.07 networkd-dispat
    240 root      20   0  107200   6332      0 S   0.0   0.1   0:00.05 unattended-upgr

    472 root      20   0   44216  23904   1756 S   0.0   0.3   0:00.95 python3
    342 root      20   0  154496  14512   1844 S   0.0   0.2   0:02.39 python3.10
    210 root      20   0 2280280  12240   1920 S  33.3   0.2   0:00.67 snapd
     40 root      19  -1   39608   6788   6084 S   0.0   0.1   0:00.10 systemd-journal
    240 root      20   0  107200   4660      0 S   0.0   0.1   0:00.05 unattended-upgr

    472 root      20   0   44216  23904   1756 S   0.0   0.3   0:00.95 python3
    342 root      20   0  154496  14512   1844 S   0.0   0.2   0:02.39 python3.10
    210 root      20   0 2280280  12240   1920 S   0.0   0.2   0:00.67 snapd
     40 root      19  -1   39608   6788   6084 S   0.0   0.1   0:00.10 systemd-journal
    240 root      20   0  107200   4660      0 S   0.0   0.1   0:00.05 unattended-upgr

    472 root      20   0   44216  23904   1756 S   0.0   0.3   0:00.95 python3
    342 root      20   0  154496  14512   1844 S   0.0   0.2   0:02.39 python3.10
    210 root      20   0 2280280  12240   1920 S   0.0   0.2   0:00.67 snapd
     40 root      19  -1   39608   6788   6084 S   0.0   0.1   0:00.10 systemd-journal
    240 root      20   0  107200   4660      0 S   0.0   0.1   0:00.05 unattended-upgr

    472 root      20   0   44216  23904   1756 S   0.0   0.3   0:00.95 python3
    342 root      20   0  154496  14512   1844 S   0.0   0.2   0:02.39 python3.10
    210 root      20   0 2280280  12240   1920 S   0.0   0.2   0:00.67 snapd
     40 root      19  -1   39608   6788   6084 S   0.0   0.1   0:00.10 systemd-journal
    240 root      20   0  107200   4660      0 S   0.0   0.1   0:00.05 unattended-upgr

    472 root      20   0   44216  23904   1756 S   0.0   0.3   0:00.95 python3
    342 root      20   0  154496  14512   1844 S   0.0   0.2   0:02.39 python3.10
    210 root      20   0 2280280  12240   1920 S   0.0   0.2   0:00.67 snapd
     40 root      19  -1   39608   6788   6084 S   0.0   0.1   0:00.10 systemd-journal
    240 root      20   0  107200   4660      0 S   0.0   0.1   0:00.05 unattended-upgr

    472 root      20   0   44216  23904   1756 S   0.0   0.3   0:00.96 python3
    342 root      20   0  154496  14512   1844 S   0.0   0.2   0:02.39 python3.10
    210 root      20   0 2280280  12240   1920 S   0.0   0.2   0:00.67 snapd
     40 root      19  -1   39608   6788   6084 S   0.0   0.1   0:00.10 systemd-journal
    240 root      20   0  107200   4660      0 S   0.0   0.1   0:00.05 unattended-upgr

    472 root      20   0   44216  23904   1756 S   0.0   0.3   0:00.96 python3
    342 root      20   0  154496  14512   1844 S   0.0   0.2   0:02.39 python3.10
    210 root      20   0 2280280  12240   1920 S   0.0   0.2   0:00.67 snapd
     40 root      19  -1   39608   6788   6084 S   0.0   0.1   0:00.10 systemd-journal
    240 root      20   0  107200   4660      0 S   0.0   0.1   0:00.05 unattended-upgr

    472 root      20   0   44216  23904   1756 S   0.0   0.3   0:00.96 python3
    342 root      20   0  154496  14512   1844 S   0.0   0.2   0:02.39 python3.10
    210 root      20   0 2280280  12240   1920 S   0.0   0.2   0:00.67 snapd
     40 root      19  -1   39608   6788   6084 S   0.0   0.1   0:00.10 systemd-journal
    240 root      20   0  107200   4660      0 S   0.0   0.1   0:00.05 unattended-upgr

    472 root      20   0   44216  23904   1756 S   0.0   0.3   0:00.96 python3
    342 root      20   0  154496  14512   1844 S   0.0   0.2   0:02.39 python3.10
    210 root      20   0 2280280  12240   1920 S   0.0   0.2   0:00.67 snapd
     40 root      19  -1   39608   6788   6084 S   0.0   0.1   0:00.10 systemd-journal
    240 root      20   0  107200   4660      0 S   0.0   0.1   0:00.05 unattended-upgr

    472 root      20   0   44216  23904   1756 S   0.0   0.3   0:00.96 python3
    342 root      20   0  154496  14512   1844 S   0.0   0.2   0:02.39 python3.10
    210 root      20   0 2280280  12240   1920 S   0.0   0.2   0:00.67 snapd
     40 root      19  -1   39608   6788   6084 S   0.0   0.1   0:00.10 systemd-journal
    240 root      20   0  107200   4660      0 S   0.0   0.1   0:00.05 unattended-upgr

    472 root      20   0   44216  23904   1756 S   0.0   0.3   0:00.96 python3
    342 root      20   0  154496  14512   1844 S   0.0   0.2   0:02.39 python3.10
    210 root      20   0 2280280  12240   1920 S   0.0   0.2   0:00.67 snapd
     40 root      19  -1   39608   6788   6084 S   0.0   0.1   0:00.10 systemd-journal
    240 root      20   0  107200   4660      0 S   0.0   0.1   0:00.05 unattended-upgr

    472 root      20   0   44216  23904   1756 S   0.0   0.3   0:00.96 python3
    342 root      20   0  154496  14512   1844 S   0.0   0.2   0:02.39 python3.10
    210 root      20   0 2280280  12240   1920 S   0.0   0.2   0:00.67 snapd
     40 root      19  -1   39608   6788   6084 S   0.0   0.1   0:00.10 systemd-journal
    240 root      20   0  107200   4660      0 S   0.0   0.1   0:00.05 unattended-upgr

    472 root      20   0   44216  23904   1756 S   0.0   0.3   0:00.96 python3
    342 root      20   0  154496  14512   1844 S   0.0   0.2   0:02.39 python3.10
    210 root      20   0 2280280  12240   1920 S   0.0   0.2   0:00.67 snapd
     40 root      19  -1   39608   6788   6084 S   0.0   0.1   0:00.10 systemd-journal
    240 root      20   0  107200   4660      0 S   0.0   0.1   0:00.05 unattended-upgr

    472 root      20   0   44216  23904   1756 S   0.0   0.3   0:00.96 python3
    342 root      20   0  154496  14512   1844 S   0.0   0.2   0:02.39 python3.10
    210 root      20   0 2280280  12240   1920 S   0.0   0.2   0:00.67 snapd
     40 root      19  -1   39608   6788   6084 S   0.0   0.1   0:00.10 systemd-journal
    240 root      20   0  107200   4660      0 S   0.0   0.1   0:00.05 unattended-upgr

    472 root      20   0   44216  23904   1756 S   0.0   0.3   0:00.96 python3
    342 root      20   0  154496  14512   1844 S   0.0   0.2   0:02.39 python3.10
    210 root      20   0 2280280  12240   1920 S   0.0   0.2   0:00.67 snapd
     40 root      19  -1   47804   7688   6948 S   0.0   0.1   0:00.10 systemd-journal
    240 root      20   0  107200   4660      0 S   0.0   0.1   0:00.05 unattended-upgr

    472 root      20   0   44216  23904   1756 S   0.0   0.3   0:00.96 python3
    342 root      20   0  154496  14512   1844 S   0.0   0.2   0:02.39 python3.10
    210 root      20   0 2280280  12240   1920 S   0.0   0.2   0:00.67 snapd
     40 root      19  -1   47804   7688   6948 S   0.0   0.1   0:00.10 systemd-journal
    240 root      20   0  107200   4660      0 S   0.0   0.1   0:00.05 unattended-upgr

    472 root      20   0   44216  23904   1756 S   0.0   0.3   0:00.96 python3
    342 root      20   0  154496  14512   1844 S   0.0   0.2   0:02.39 python3.10
    210 root      20   0 2280280  12240   1920 S   0.0   0.2   0:00.67 snapd
     40 root      19  -1   47804   7688   6948 S   0.0   0.1   0:00.10 systemd-journal
    240 root      20   0  107200   4660      0 S   0.0   0.1   0:00.05 unattended-upgr

    472 root      20   0   44216  23904   1756 S   0.0   0.3   0:00.96 python3
    342 root      20   0  154496  14512   1844 S   0.0   0.2   0:02.39 python3.10
    210 root      20   0 2280280  12240   1920 S   0.0   0.2   0:00.67 snapd
     40 root      19  -1   47804   7688   6948 S   0.0   0.1   0:00.10 systemd-journal
    240 root      20   0  107200   4660      0 S   0.0   0.1   0:00.05 unattended-upgr

    472 root      20   0   44216  23904   1756 S   0.0   0.3   0:00.96 python3
    210 root      20   0 2280280  14968   4312 S   0.0   0.2   0:00.67 snapd
    342 root      20   0  154496  14512   1844 S   0.0   0.2   0:02.39 python3.10
     40 root      19  -1   47804   8172   7416 S   6.7   0.1   0:00.11 systemd-journal
      1 root      20   0  165796   5536   3964 D   6.7   0.1   0:00.60 systemd

    472 root      20   0   44216  23904   1756 S   0.0   0.3   0:00.96 python3
    210 root      20   0 2280280  17532   6512 S   0.0   0.2   0:00.68 snapd
    342 root      20   0  154496  14512   1844 S   0.0   0.2   0:02.39 python3.10
     40 root      19  -1   47804   8172   7416 S   0.0   0.1   0:00.11 systemd-journal
   2570 root      20   0   14692   6160   5364 S   0.0   0.1   0:00.05 systemd-timedat

    472 root      20   0   44216  23904   1756 S   0.0   0.3   0:00.96 python3
    210 root      20   0 2280280  17532   6512 S   0.0   0.2   0:00.68 snapd
    342 root      20   0  154496  14512   1844 S   0.0   0.2   0:02.39 python3.10
     40 root      19  -1   47804   8172   7416 S   0.0   0.1   0:00.11 systemd-journal
   2570 root      20   0   14692   6160   5364 S   0.0   0.1   0:00.05 systemd-timedat

    472 root      20   0   44216  23904   1756 S   0.0   0.3   0:00.96 python3
    210 root      20   0 2280280  17532   6512 S   0.0   0.2   0:00.68 snapd
    342 root      20   0  154496  14512   1844 S   0.0   0.2   0:02.40 python3.10
     40 root      19  -1   47804   8172   7416 S   0.0   0.1   0:00.11 systemd-journal
   2570 root      20   0   14692   6160   5364 S   0.0   0.1   0:00.05 systemd-timedat

    472 root      20   0   44216  23904   1756 S   0.0   0.3   0:00.96 python3
    210 root      20   0 2280280  17532   6512 S   0.0   0.2   0:00.68 snapd
    342 root      20   0  154496  14512   1844 S   0.0   0.2   0:02.40 python3.10
     40 root      19  -1   47804   8172   7416 S   0.0   0.1   0:00.11 systemd-journal
   2570 root      20   0   14692   6160   5364 S   0.0   0.1   0:00.05 systemd-timedat

    472 root      20   0   44216  23904   1756 S   0.0   0.3   0:00.96 python3
    210 root      20   0 2280280  17532   6512 S   0.0   0.2   0:00.68 snapd
    342 root      20   0  154496  14512   1844 S   0.0   0.2   0:02.40 python3.10
     40 root      19  -1   47804   8172   7416 S   0.0   0.1   0:00.11 systemd-journal
   2570 root      20   0   14692   6160   5364 S   0.0   0.1   0:00.05 systemd-timedat

    472 root      20   0   44216  23904   1756 S   0.0   0.3   0:00.96 python3
    210 root      20   0 2280280  17532   6512 S   0.0   0.2   0:00.68 snapd
    342 root      20   0  154496  14512   1844 S   0.0   0.2   0:02.40 python3.10
     40 root      19  -1   47804   8172   7416 S   0.0   0.1   0:00.11 systemd-journal
   2570 root      20   0   14692   6160   5364 S   0.0   0.1   0:00.05 systemd-timedat

    472 root      20   0   44216  23904   1756 S   0.0   0.3   0:00.96 python3
    210 root      20   0 2280280  17532   6512 S   0.0   0.2   0:00.68 snapd
    342 root      20   0  154496  14512   1844 S   0.0   0.2   0:02.40 python3.10
     40 root      19  -1   47804   8172   7416 S   0.0   0.1   0:00.11 systemd-journal
   2570 root      20   0   14692   6160   5364 S   0.0   0.1   0:00.05 systemd-timedat

    472 root      20   0   44216  23904   1756 S   0.0   0.3   0:00.96 python3
    210 root      20   0 2280280  17532   6512 S   0.0   0.2   0:00.68 snapd
    342 root      20   0  154496  14512   1844 S   0.0   0.2   0:02.40 python3.10
     40 root      19  -1   47804   8172   7416 S   0.0   0.1   0:00.11 systemd-journal
   2570 root      20   0   14692   6160   5364 S   0.0   0.1   0:00.05 systemd-timedat

    472 root      20   0   44216  23904   1756 S   0.0   0.3   0:00.96 python3
    210 root      20   0 2280280  17532   6512 S   0.0   0.2   0:00.68 snapd
    342 root      20   0  154496  14512   1844 S   0.0   0.2   0:02.40 python3.10
     40 root      19  -1   47804   8172   7416 S   0.0   0.1   0:00.11 systemd-journal
   2570 root      20   0   14692   6160   5364 S   0.0   0.1   0:00.05 systemd-timedat

    472 root      20   0   44216  23904   1756 S   0.0   0.3   0:00.96 python3
    210 root      20   0 2280280  17532   6512 S   0.0   0.2   0:00.68 snapd
    342 root      20   0  154496  14512   1844 S   0.0   0.2   0:02.40 python3.10
     40 root      19  -1   47804   8172   7416 S   0.0   0.1   0:00.11 systemd-journal
   2570 root      20   0   14692   6160   5364 S   0.0   0.1   0:00.05 systemd-timedat

    472 root      20   0   44216  23904   1756 S   0.0   0.3   0:00.96 python3
    210 root      20   0 2280280  17532   6512 S   0.0   0.2   0:00.68 snapd
    342 root      20   0  154496  14512   1844 S   0.0   0.2   0:02.40 python3.10
     40 root      19  -1   47804   8172   7416 S   0.0   0.1   0:00.11 systemd-journal
   2570 root      20   0   14692   6160   5364 S   0.0   0.1   0:00.05 systemd-timedat

    472 root      20   0   44216  23904   1756 S   0.0   0.3   0:00.97 python3
    210 root      20   0 2280280  17532   6512 S   0.0   0.2   0:00.68 snapd
    342 root      20   0  154496  14512   1844 S   0.0   0.2   0:02.40 python3.10
     40 root      19  -1   47804   8172   7416 S   0.0   0.1   0:00.11 systemd-journal
   2570 root      20   0   14692   6160   5364 S   0.0   0.1   0:00.05 systemd-timedat

    472 root      20   0   44216  23904   1756 S   0.0   0.3   0:00.97 python3
    210 root      20   0 2280280  17532   6512 S   0.0   0.2   0:00.68 snapd
    342 root      20   0  154496  14512   1844 S   0.0   0.2   0:02.40 python3.10
     40 root      19  -1   47804   8172   7416 S   0.0   0.1   0:00.11 systemd-journal
   2570 root      20   0   14692   6160   5364 S   0.0   0.1   0:00.05 systemd-timedat

    472 root      20   0   44216  23904   1756 S   0.0   0.3   0:00.97 python3
    210 root      20   0 2280280  17532   6512 S   0.0   0.2   0:00.68 snapd
    342 root      20   0  154496  14512   1844 S   0.0   0.2   0:02.40 python3.10
     40 root      19  -1   47804   8172   7416 S   0.0   0.1   0:00.11 systemd-journal
   2570 root      20   0   14692   6160   5364 S   0.0   0.1   0:00.05 systemd-timedat

    472 root      20   0   44216  23904   1756 S   0.0   0.3   0:00.97 python3
    210 root      20   0 2280280  17532   6512 S   0.0   0.2   0:00.68 snapd
    342 root      20   0  154496  14512   1844 S   0.0   0.2   0:02.40 python3.10
     40 root      19  -1   47804   8172   7416 S   0.0   0.1   0:00.11 systemd-journal
   2570 root      20   0   14692   6160   5364 S   0.0   0.1   0:00.05 systemd-timedat

    472 root      20   0   44216  23904   1756 S   0.0   0.3   0:00.97 python3
    210 root      20   0 2280280  17532   6512 S   0.0   0.2   0:00.68 snapd
    342 root      20   0  154496  14512   1844 S   0.0   0.2   0:02.40 python3.10
     40 root      19  -1   47804   8172   7416 S   0.0   0.1   0:00.11 systemd-journal
   2570 root      20   0   14692   6160   5364 S   0.0   0.1   0:00.05 systemd-timedat

    472 root      20   0   44216  23904   1756 S   0.0   0.3   0:00.97 python3
    210 root      20   0 2280280  17532   6512 S   0.0   0.2   0:00.68 snapd
    342 root      20   0  154496  14512   1844 S   0.0   0.2   0:02.40 python3.10
     40 root      19  -1   47804   8172   7416 S   0.0   0.1   0:00.11 systemd-journal
   2570 root      20   0   14692   6160   5364 S   0.0   0.1   0:00.05 systemd-timedat

    472 root      20   0   44216  23904   1756 S   0.0   0.3   0:00.97 python3
    210 root      20   0 2280280  17532   6512 S   0.0   0.2   0:00.68 snapd
    342 root      20   0  154496  14512   1844 S   0.0   0.2   0:02.40 python3.10
     40 root      19  -1   47804   8172   7416 S   0.0   0.1   0:00.11 systemd-journal
   2570 root      20   0   14692   6160   5364 S   0.0   0.1   0:00.05 systemd-timedat

