    446 root      20   0   44216  27936    460 S   0.0   0.4   0:00.94 python3
    351 root      20   0  154372  25188   1152 S   0.0   0.3   0:02.54 python3.10
    218 root      20   0 2131280  12328    940 S   0.0   0.2   0:00.30 snapd
     40 root      19  -1   39540   6580   5644 S   0.0   0.1   0:00.08 systemd-journal
    195 root      20   0   30096   5976      0 S   0.0   0.1   0:00.08 networkd-dispat

    446 root      20   0   44216  27936    460 S   6.2   0.4   0:00.95 python3
    351 root      20   0  154372  25188   1152 S   0.0   0.3   0:02.54 python3.10
    218 root      20   0 2131280  12328    940 S   0.0   0.2   0:00.30 snapd
     40 root      19  -1   39540   6580   5644 S   0.0   0.1   0:00.08 systemd-journal
    195 root      20   0   30096   5976      0 S   0.0   0.1   0:00.08 networkd-dispat

    446 root      20   0   44216  27936    460 S   0.0   0.4   0:00.95 python3
    351 root      20   0  154372  25188   1152 S   0.0   0.3   0:02.54 python3.10
    218 root      20   0 2131280  12328    940 S   0.0   0.2   0:00.30 snapd
     40 root      19  -1   39540   6580   5644 S   0.0   0.1   0:00.08 systemd-journal
    195 root      20   0   30096   5976      0 S   0.0   0.1   0:00.08 networkd-dispat

    446 root      20   0   44216  27936    460 S   0.0   0.4   0:00.95 python3
    351 root      20   0  154372  25188   1152 S   0.0   0.3   0:02.54 python3.10
    218 root      20   0 2131280  12328    940 S   0.0   0.2   0:00.30 snapd
     40 root      19  -1   39540   6580   5644 S   0.0   0.1   0:00.08 systemd-journal
    195 root      20   0   30096   5976      0 S   0.0   0.1   0:00.08 networkd-dispat

    446 root      20   0   44216  27936    460 S   0.0   0.4   0:00.95 python3
    351 root      20   0  154372  25188   1152 S   0.0   0.3   0:02.54 python3.10
    218 root      20   0 2131280  12328    940 S   0.0   0.2   0:00.30 snapd
     40 root      19  -1   39540   6580   5644 S   0.0   0.1   0:00.08 systemd-journal
    195 root      20   0   30096   5976      0 S   0.0   0.1   0:00.08 networkd-dispat

    446 root      20   0   44216  27936    460 S   0.0   0.4   0:00.95 python3
    351 root      20   0  154372  25188   1152 S   0.0   0.3   0:02.54 python3.10
    218 root      20   0 2131280  12328    940 S   0.0   0.2   0:00.30 snapd
     40 root      19  -1   39540   6580   5644 S   0.0   0.1   0:00.08 systemd-journal
    195 root      20   0   30096   5976      0 S   0.0   0.1   0:00.08 networkd-dispat

    584 dmitry54  20   0   40552  38900   3012 R 100.0   0.5   0:00.23 mem.bash
    446 root      20   0   44216  27936    460 S   0.0   0.4   0:00.95 python3
    351 root      20   0  154372  25188   1152 S   6.7   0.3   0:02.55 python3.10
    218 root      20   0 2131280  12328    940 S   0.0   0.2   0:00.30 snapd
     40 root      19  -1   39540   6580   5644 S   0.0   0.1   0:00.08 systemd-journal

    584 dmitry54  20   0  108004 106220   3012 R 100.0   1.4   0:00.63 mem.bash
    446 root      20   0   44216  27936    460 S   0.0   0.4   0:00.95 python3
    351 root      20   0  154372  25188   1152 S   0.0   0.3   0:02.55 python3.10
    218 root      20   0 2131280  12328    940 S   0.0   0.2   0:00.30 snapd
     40 root      19  -1   39540   6580   5644 S   0.0   0.1   0:00.08 systemd-journal

    584 dmitry54  20   0  174004 172484   3012 R 100.0   2.2   0:01.04 mem.bash
    446 root      20   0   44216  27936    460 S   0.0   0.4   0:00.95 python3
    351 root      20   0  154372  25188   1152 S   0.0   0.3   0:02.55 python3.10
    218 root      20   0 2131280  12328    940 S   0.0   0.2   0:00.30 snapd
     40 root      19  -1   39540   6580   5644 S   0.0   0.1   0:00.08 systemd-journal

    584 dmitry54  20   0  240136 238484   3012 R 100.0   3.1   0:01.45 mem.bash
    446 root      20   0   44216  27936    460 S   0.0   0.4   0:00.95 python3
    351 root      20   0  154372  25188   1152 S   0.0   0.3   0:02.55 python3.10
    218 root      20   0 2131280  12328    940 S   0.0   0.2   0:00.30 snapd
     40 root      19  -1   39540   6580   5644 S   0.0   0.1   0:00.08 systemd-journal

    584 dmitry54  20   0  306268 304748   3012 R 100.0   3.9   0:01.86 mem.bash
    446 root      20   0   44216  27936    460 S   0.0   0.4   0:00.95 python3
    351 root      20   0  154372  25188   1152 S   0.0   0.3   0:02.55 python3.10
    218 root      20   0 2131280  12328    940 S   0.0   0.2   0:00.30 snapd
     40 root      19  -1   39540   6580   5644 S   0.0   0.1   0:00.08 systemd-journal

    584 dmitry54  20   0  373192 371540   3012 R 100.0   4.8   0:02.28 mem.bash
    446 root      20   0   44216  27936    460 S   0.0   0.4   0:00.95 python3
    351 root      20   0  154372  25188   1152 S   0.0   0.3   0:02.55 python3.10
    218 root      20   0 2131280  12328    940 S   0.0   0.2   0:00.30 snapd
     40 root      19  -1   39540   6580   5644 S   0.0   0.1   0:00.08 systemd-journal

    584 dmitry54  20   0  439984 438332   3012 R 100.0   5.7   0:02.69 mem.bash
    446 root      20   0   44216  27936    460 S   0.0   0.4   0:00.95 python3
    351 root      20   0  154372  25188   1152 S   0.0   0.3   0:02.55 python3.10
    218 root      20   0 2131280  12328    940 S   0.0   0.2   0:00.30 snapd
     40 root      19  -1   39540   6580   5644 S   0.0   0.1   0:00.08 systemd-journal

    584 dmitry54  20   0  506248 504596   3012 R 100.0   6.5   0:03.10 mem.bash
    446 root      20   0   44216  27936    460 S   0.0   0.4   0:00.95 python3
    351 root      20   0  154372  25188   1152 S   0.0   0.3   0:02.55 python3.10
    218 root      20   0 2131280  12328    940 S   0.0   0.2   0:00.30 snapd
     40 root      19  -1   39540   6580   5644 S   0.0   0.1   0:00.08 systemd-journal

    584 dmitry54  20   0  572908 571124   3012 R 100.0   7.4   0:03.51 mem.bash
    446 root      20   0   44216  27936    460 S   0.0   0.4   0:00.95 python3
    351 root      20   0  154372  25188   1152 S   0.0   0.3   0:02.55 python3.10
    218 root      20   0 2131280  12328    940 S   0.0   0.2   0:00.30 snapd
     40 root      19  -1   39540   6580   5644 S   0.0   0.1   0:00.08 systemd-journal

    584 dmitry54  20   0  639040 637388   3012 R 100.0   8.2   0:03.92 mem.bash
    446 root      20   0   44216  27936    460 S   0.0   0.4   0:00.95 python3
    351 root      20   0  154372  25188   1152 S   0.0   0.3   0:02.55 python3.10
    218 root      20   0 2131280  12328    940 S   0.0   0.2   0:00.30 snapd
     40 root      19  -1   39540   6580   5644 S   0.0   0.1   0:00.08 systemd-journal

    584 dmitry54  20   0  705568 703916   3012 R  93.8   9.1   0:04.34 mem.bash
    446 root      20   0   44216  27936    460 S   0.0   0.4   0:00.95 python3
    351 root      20   0  154372  25188   1152 S   0.0   0.3   0:02.55 python3.10
    218 root      20   0 2131280  12328    940 S   0.0   0.2   0:00.30 snapd
     40 root      19  -1   39540   6580   5644 S   0.0   0.1   0:00.08 systemd-journal

    584 dmitry54  20   0  772228 770444   3012 R 100.0   9.9   0:04.75 mem.bash
    446 root      20   0   44216  27936    460 S   0.0   0.4   0:00.95 python3
    351 root      20   0  154372  25188   1152 S   0.0   0.3   0:02.55 python3.10
    218 root      20   0 2131280  12328    940 S   0.0   0.2   0:00.30 snapd
     40 root      19  -1   39540   6580   5644 S   0.0   0.1   0:00.08 systemd-journal

    584 dmitry54  20   0  839020 837236   3012 R 100.0  10.8   0:05.16 mem.bash
    446 root      20   0   44216  27936    460 S   0.0   0.4   0:00.95 python3
    351 root      20   0  154372  25188   1152 S   0.0   0.3   0:02.55 python3.10
    218 root      20   0 2131280  12328    940 S   0.0   0.2   0:00.30 snapd
     40 root      19  -1   39540   6580   5644 S   0.0   0.1   0:00.08 systemd-journal

    584 dmitry54  20   0  905416 903764   3012 R 100.0  11.7   0:05.57 mem.bash
    446 root      20   0   44216  27936    460 S   0.0   0.4   0:00.95 python3
    351 root      20   0  154372  25188   1152 S   0.0   0.3   0:02.55 python3.10
    218 root      20   0 2131280  12328    940 S   0.0   0.2   0:00.30 snapd
     40 root      19  -1   39540   6580   5644 S   0.0   0.1   0:00.08 systemd-journal

    584 dmitry54  20   0  971680 970028   3012 R 100.0  12.5   0:05.98 mem.bash
    446 root      20   0   44216  27936    460 S   0.0   0.4   0:00.95 python3
    351 root      20   0  154372  25188   1152 S   0.0   0.3   0:02.55 python3.10
    218 root      20   0 2131280  12328    940 S   0.0   0.2   0:00.30 snapd
     40 root      19  -1   39540   6580   5644 S   0.0   0.1   0:00.08 systemd-journal

    584 dmitry54  20   0 1037944   1.0g   3012 R 100.0  13.4   0:06.39 mem.bash
    446 root      20   0   44216  27936    460 S   0.0   0.4   0:00.95 python3
    351 root      20   0  154372  25188   1152 S   0.0   0.3   0:02.55 python3.10
    218 root      20   0 2131280  12328    940 S   0.0   0.2   0:00.30 snapd
     40 root      19  -1   39540   6580   5644 S   0.0   0.1   0:00.08 systemd-journal

    584 dmitry54  20   0 1104340   1.1g   3012 R 100.0  14.2   0:06.80 mem.bash
    446 root      20   0   44216  27936    460 S   0.0   0.4   0:00.95 python3
    351 root      20   0  154372  25188   1152 S   0.0   0.3   0:02.55 python3.10
    218 root      20   0 2131280  12328    940 S   0.0   0.2   0:00.30 snapd
     40 root      19  -1   39540   6580   5644 S   0.0   0.1   0:00.08 systemd-journal

    584 dmitry54  20   0 1170604   1.1g   3012 R 100.0  15.1   0:07.22 mem.bash
    446 root      20   0   44216  27936    460 S   0.0   0.4   0:00.95 python3
    351 root      20   0  154372  25188   1152 S   0.0   0.3   0:02.55 python3.10
    218 root      20   0 2131280  12328    940 S   0.0   0.2   0:00.30 snapd
     40 root      19  -1   39540   6580   5644 S   0.0   0.1   0:00.08 systemd-journal

    584 dmitry54  20   0 1237396   1.2g   3012 R 100.0  16.0   0:07.63 mem.bash
    446 root      20   0   44216  27936    460 S   0.0   0.4   0:00.95 python3
    351 root      20   0  154372  25188   1152 S   0.0   0.3   0:02.55 python3.10
    218 root      20   0 2131280  12328    940 S   0.0   0.2   0:00.30 snapd
     40 root      19  -1   39540   6580   5644 S   0.0   0.1   0:00.08 systemd-journal

    584 dmitry54  20   0 1304188   1.2g   3012 R 100.0  16.8   0:08.04 mem.bash
    446 root      20   0   44216  27936    460 S   0.0   0.4   0:00.95 python3
    351 root      20   0  154372  25188   1152 S   0.0   0.3   0:02.55 python3.10
    218 root      20   0 2131280  12328    940 S   0.0   0.2   0:00.30 snapd
     40 root      19  -1   39540   6580   5644 S   0.0   0.1   0:00.08 systemd-journal

    584 dmitry54  20   0 1371112   1.3g   3012 R 100.0  17.7   0:08.45 mem.bash
    446 root      20   0   44216  27936    460 S   0.0   0.4   0:00.95 python3
    351 root      20   0  154372  25188   1152 S   0.0   0.3   0:02.55 python3.10
    218 root      20   0 2131280  12328    940 S   0.0   0.2   0:00.30 snapd
     40 root      19  -1   39540   6580   5644 S   0.0   0.1   0:00.08 systemd-journal

    584 dmitry54  20   0 1437640   1.4g   3012 R 100.0  18.5   0:08.86 mem.bash
    446 root      20   0   44216  27936    460 S   0.0   0.4   0:00.95 python3
    351 root      20   0  154372  25188   1152 S   0.0   0.3   0:02.55 python3.10
    218 root      20   0 2131280  12328    940 S   0.0   0.2   0:00.30 snapd
     40 root      19  -1   39540   6580   5644 S   0.0   0.1   0:00.08 systemd-journal

    584 dmitry54  20   0 1504168   1.4g   3012 R  93.8  19.4   0:09.28 mem.bash
    446 root      20   0   44216  27936    460 S   0.0   0.4   0:00.95 python3
    351 root      20   0  154372  25188   1152 S   0.0   0.3   0:02.55 python3.10
    218 root      20   0 2131280  12328    940 S   0.0   0.2   0:00.30 snapd
     40 root      19  -1   39540   6580   5644 S   0.0   0.1   0:00.08 systemd-journal

    584 dmitry54  20   0 1570696   1.5g   3012 R 100.0  20.3   0:09.69 mem.bash
    446 root      20   0   44216  27936    460 S   0.0   0.4   0:00.95 python3
    351 root      20   0  154372  25188   1152 S   0.0   0.3   0:02.55 python3.10
    218 root      20   0 2131280  12328    940 S   0.0   0.2   0:00.30 snapd
     40 root      19  -1   39540   6580   5644 S   0.0   0.1   0:00.08 systemd-journal

    584 dmitry54  20   0 1637092   1.6g   3012 R 100.0  21.1   0:10.10 mem.bash
    446 root      20   0   44216  27936    460 S   0.0   0.4   0:00.95 python3
    351 root      20   0  154372  25188   1152 S   0.0   0.3   0:02.55 python3.10
    218 root      20   0 2131280  12328    940 S   0.0   0.2   0:00.30 snapd
     40 root      19  -1   39540   6580   5644 S   0.0   0.1   0:00.08 systemd-journal

    584 dmitry54  20   0 1704016   1.6g   3012 R 100.0  22.0   0:10.51 mem.bash
    446 root      20   0   44216  27936    460 S   0.0   0.4   0:00.95 python3
    351 root      20   0  154372  25188   1152 S   0.0   0.3   0:02.55 python3.10
    218 root      20   0 2131280  12328    940 S   0.0   0.2   0:00.30 snapd
     40 root      19  -1   39540   6580   5644 S   0.0   0.1   0:00.08 systemd-journal

    584 dmitry54  20   0 1770808   1.7g   3012 R 100.0  22.8   0:10.92 mem.bash
    446 root      20   0   44216  27936    460 S   0.0   0.4   0:00.95 python3
    351 root      20   0  154372  25188   1152 S   0.0   0.3   0:02.55 python3.10
    218 root      20   0 2131280  12328    940 S   0.0   0.2   0:00.30 snapd
     40 root      19  -1   39540   6580   5644 S   0.0   0.1   0:00.08 systemd-journal

    584 dmitry54  20   0 1837336   1.8g   3012 R 100.0  23.7   0:11.34 mem.bash
    446 root      20   0   44216  27936    460 S   0.0   0.4   0:00.95 python3
    351 root      20   0  154372  25188   1152 S   0.0   0.3   0:02.55 python3.10
    218 root      20   0 2131280  12328    940 S   0.0   0.2   0:00.30 snapd
     40 root      19  -1   39540   6580   5644 S   0.0   0.1   0:00.08 systemd-journal

    584 dmitry54  20   0 1904260   1.8g   3012 R 100.0  24.6   0:11.75 mem.bash
    446 root      20   0   44216  27936    460 S   0.0   0.4   0:00.95 python3
    351 root      20   0  154372  25188   1152 S   0.0   0.3   0:02.55 python3.10
    218 root      20   0 2131280  12328    940 S   0.0   0.2   0:00.30 snapd
     40 root      19  -1   39540   6580   5644 S   0.0   0.1   0:00.08 systemd-journal

    584 dmitry54  20   0 1971184   1.9g   3012 R 100.0  25.4   0:12.16 mem.bash
    446 root      20   0   44216  27936    460 S   0.0   0.4   0:00.96 python3
    351 root      20   0  154372  25188   1152 S   0.0   0.3   0:02.55 python3.10
    218 root      20   0 2131280  12328    940 S   0.0   0.2   0:00.30 snapd
     40 root      19  -1   39540   6580   5644 S   0.0   0.1   0:00.08 systemd-journal

    584 dmitry54  20   0 2037976   1.9g   3012 R 100.0  26.3   0:12.57 mem.bash
    446 root      20   0   44216  27936    460 S   0.0   0.4   0:00.96 python3
    351 root      20   0  154372  25188   1152 S   0.0   0.3   0:02.55 python3.10
    218 root      20   0 2131280  12328    940 S   0.0   0.2   0:00.30 snapd
     40 root      19  -1   39540   6580   5644 S   0.0   0.1   0:00.08 systemd-journal

    584 dmitry54  20   0 2105428   2.0g   3012 R 100.0  27.2   0:12.99 mem.bash
    446 root      20   0   44216  27936    460 S   0.0   0.4   0:00.96 python3
    351 root      20   0  154372  25188   1152 S   0.0   0.3   0:02.55 python3.10
    218 root      20   0 2131280  12328    940 S   0.0   0.2   0:00.30 snapd
     40 root      19  -1   39540   6580   5644 S   0.0   0.1   0:00.08 systemd-journal

    584 dmitry54  20   0 2172220   2.1g   3012 R 100.0  28.0   0:13.40 mem.bash
    446 root      20   0   44216  27936    460 S   0.0   0.4   0:00.96 python3
    351 root      20   0  154372  25188   1152 S   0.0   0.3   0:02.55 python3.10
    218 root      20   0 2131280  12328    940 S   0.0   0.2   0:00.30 snapd
     40 root      19  -1   39540   6580   5644 S   0.0   0.1   0:00.08 systemd-journal

    584 dmitry54  20   0 2239144   2.1g   3012 R 100.0  28.9   0:13.81 mem.bash
    446 root      20   0   44216  27936    460 S   0.0   0.4   0:00.96 python3
    351 root      20   0  154372  25188   1152 S   0.0   0.3   0:02.55 python3.10
    218 root      20   0 2131280  12328    940 S   0.0   0.2   0:00.30 snapd
     40 root      19  -1   39540   6580   5644 S   0.0   0.1   0:00.08 systemd-journal

    584 dmitry54  20   0 2306200   2.2g   3012 R 100.0  29.8   0:14.22 mem.bash
    446 root      20   0   44216  27936    460 S   0.0   0.4   0:00.96 python3
    351 root      20   0  154372  25188   1152 S   0.0   0.3   0:02.55 python3.10
    218 root      20   0 2131280  12328    940 S   0.0   0.2   0:00.30 snapd
     40 root      19  -1   39540   6580   5644 S   0.0   0.1   0:00.08 systemd-journal

    584 dmitry54  20   0 2373256   2.3g   3012 R 100.0  30.6   0:14.64 mem.bash
    446 root      20   0   44216  27936    460 S   0.0   0.4   0:00.96 python3
    351 root      20   0  154372  25188   1152 S   0.0   0.3   0:02.55 python3.10
    218 root      20   0 2131280  12328    940 S   0.0   0.2   0:00.30 snapd
     40 root      19  -1   39540   6580   5644 S   0.0   0.1   0:00.08 systemd-journal

    584 dmitry54  20   0 2440048   2.3g   3012 R 100.0  31.5   0:15.05 mem.bash
    446 root      20   0   44216  27936    460 S   0.0   0.4   0:00.96 python3
    351 root      20   0  154372  25188   1152 S   0.0   0.3   0:02.55 python3.10
    218 root      20   0 2131280  12328    940 S   0.0   0.2   0:00.30 snapd
     40 root      19  -1   39540   6580   5644 S   0.0   0.1   0:00.08 systemd-journal

    584 dmitry54  20   0 2507104   2.4g   3012 R 100.0  32.4   0:15.46 mem.bash
    446 root      20   0   44216  27936    460 S   0.0   0.4   0:00.96 python3
    351 root      20   0  154372  25188   1152 S   0.0   0.3   0:02.55 python3.10
    218 root      20   0 2131280  12328    940 S   0.0   0.2   0:00.30 snapd
     40 root      19  -1   39540   6580   5644 S   0.0   0.1   0:00.08 systemd-journal

    584 dmitry54  20   0 2573896   2.5g   3012 R 100.0  33.2   0:15.87 mem.bash
    446 root      20   0   44216  27936    460 S   0.0   0.4   0:00.96 python3
    351 root      20   0  154372  25188   1152 S   0.0   0.3   0:02.55 python3.10
    218 root      20   0 2131280  12328    940 S   0.0   0.2   0:00.30 snapd
     40 root      19  -1   39540   6580   5644 S   0.0   0.1   0:00.08 systemd-journal

    584 dmitry54  20   0 2640688   2.5g   3012 R 100.0  34.1   0:16.28 mem.bash
    446 root      20   0   44216  27936    460 S   0.0   0.4   0:00.96 python3
    351 root      20   0  154372  25188   1152 S   0.0   0.3   0:02.55 python3.10
    218 root      20   0 2131280  12328    940 S   0.0   0.2   0:00.30 snapd
     40 root      19  -1   39540   6580   5644 S   0.0   0.1   0:00.08 systemd-journal

    584 dmitry54  20   0 2707348   2.6g   3012 R 100.0  34.9   0:16.69 mem.bash
    446 root      20   0   44216  27936    460 S   0.0   0.4   0:00.96 python3
    351 root      20   0  154372  25188   1152 S   6.7   0.3   0:02.56 python3.10
    218 root      20   0 2131280  12328    940 S   0.0   0.2   0:00.30 snapd
     40 root      19  -1   39540   6580   5644 S   0.0   0.1   0:00.08 systemd-journal

    584 dmitry54  20   0 2773612   2.6g   3012 R  93.8  35.8   0:17.11 mem.bash
    446 root      20   0   44216  27936    460 S   0.0   0.4   0:00.96 python3
    351 root      20   0  154372  25188   1152 S   0.0   0.3   0:02.56 python3.10
    218 root      20   0 2131280  12328    940 S   0.0   0.2   0:00.30 snapd
     40 root      19  -1   39540   6580   5644 S   0.0   0.1   0:00.08 systemd-journal

    584 dmitry54  20   0 2839744   2.7g   3012 R 100.0  36.6   0:17.52 mem.bash
    446 root      20   0   44216  27936    460 S   0.0   0.4   0:00.96 python3
    351 root      20   0  154372  25188   1152 S   0.0   0.3   0:02.56 python3.10
    218 root      20   0 2131280  12328    940 S   0.0   0.2   0:00.30 snapd
     40 root      19  -1   39540   6580   5644 S   0.0   0.1   0:00.08 systemd-journal

    584 dmitry54  20   0 2906140   2.8g   3012 R 100.0  37.5   0:17.93 mem.bash
    446 root      20   0   44216  27936    460 S   0.0   0.4   0:00.96 python3
    351 root      20   0  154372  25188   1152 S   0.0   0.3   0:02.56 python3.10
    218 root      20   0 2131280  12328    940 S   0.0   0.2   0:00.30 snapd
     40 root      19  -1   39540   6580   5644 S   0.0   0.1   0:00.08 systemd-journal

    584 dmitry54  20   0 2972800   2.8g   3012 R 100.0  38.4   0:18.34 mem.bash
    446 root      20   0   44216  27936    460 S   0.0   0.4   0:00.96 python3
    351 root      20   0  154372  25188   1152 S   0.0   0.3   0:02.56 python3.10
    218 root      20   0 2131280  12328    940 S   0.0   0.2   0:00.30 snapd
     40 root      19  -1   39540   6580   5644 S   0.0   0.1   0:00.08 systemd-journal

    584 dmitry54  20   0 3039460   2.9g   3012 R 100.0  39.2   0:18.75 mem.bash
    446 root      20   0   44216  27936    460 S   0.0   0.4   0:00.96 python3
    351 root      20   0  154372  25188   1152 S   0.0   0.3   0:02.56 python3.10
    218 root      20   0 2131280  12328    940 S   0.0   0.2   0:00.30 snapd
     40 root      19  -1   39540   6580   5644 S   0.0   0.1   0:00.08 systemd-journal

    584 dmitry54  20   0 3105856   3.0g   3012 R 100.0  40.1   0:19.16 mem.bash
    446 root      20   0   44216  27936    460 S   0.0   0.4   0:00.96 python3
    351 root      20   0  154372  25188   1152 S   0.0   0.3   0:02.56 python3.10
    218 root      20   0 2131280  12328    940 S   0.0   0.2   0:00.30 snapd
     40 root      19  -1   39540   6580   5644 S   0.0   0.1   0:00.08 systemd-journal

    584 dmitry54  20   0 3172384   3.0g   3012 R  93.8  40.9   0:19.58 mem.bash
    446 root      20   0   44216  27936    460 S   0.0   0.4   0:00.96 python3
    351 root      20   0  154372  25188   1152 S   0.0   0.3   0:02.56 python3.10
    218 root      20   0 2131280  12328    940 S   0.0   0.2   0:00.30 snapd
     40 root      19  -1   39540   6580   5644 S   0.0   0.1   0:00.08 systemd-journal

    584 dmitry54  20   0 3238648   3.1g   3012 R 100.0  41.8   0:19.99 mem.bash
    446 root      20   0   44216  27936    460 S   0.0   0.4   0:00.96 python3
    351 root      20   0  154372  25188   1152 S   0.0   0.3   0:02.56 python3.10
    218 root      20   0 2131280  12328    940 S   0.0   0.2   0:00.30 snapd
     40 root      19  -1   39540   6580   5644 S   0.0   0.1   0:00.08 systemd-journal

    584 dmitry54  20   0 3304120   3.1g   3012 R 100.0  42.6   0:20.40 mem.bash
    446 root      20   0   44216  27936    460 S   0.0   0.4   0:00.96 python3
    351 root      20   0  154372  25188   1152 S   0.0   0.3   0:02.56 python3.10
    218 root      20   0 2131280  12328    940 S   0.0   0.2   0:00.30 snapd
     40 root      19  -1   39540   6580   5644 S   0.0   0.1   0:00.08 systemd-journal

    584 dmitry54  20   0 3369856   3.2g   3012 R 100.0  43.5   0:20.81 mem.bash
    446 root      20   0   44216  27936    460 S   0.0   0.4   0:00.96 python3
    351 root      20   0  154372  25188   1152 S   0.0   0.3   0:02.56 python3.10
    218 root      20   0 2131280  12328    940 S   0.0   0.2   0:00.30 snapd
     40 root      19  -1   39540   6580   5644 S   0.0   0.1   0:00.08 systemd-journal

    584 dmitry54  20   0 3435592   3.3g   3012 R 100.0  44.3   0:21.22 mem.bash
    446 root      20   0   44216  27936    460 S   0.0   0.4   0:00.96 python3
    351 root      20   0  154372  25188   1152 S   0.0   0.3   0:02.56 python3.10
    218 root      20   0 2131280  12328    940 S   0.0   0.2   0:00.30 snapd
     40 root      19  -1   39540   6580   5644 S   0.0   0.1   0:00.08 systemd-journal

    584 dmitry54  20   0 3501856   3.3g   3012 R 100.0  45.2   0:21.63 mem.bash
    446 root      20   0   44216  27936    460 S   0.0   0.4   0:00.96 python3
    351 root      20   0  154372  25188   1152 S   0.0   0.3   0:02.56 python3.10
    218 root      20   0 2131280  12328    940 S   0.0   0.2   0:00.30 snapd
     40 root      19  -1   39540   6580   5644 S   0.0   0.1   0:00.08 systemd-journal

    584 dmitry54  20   0 3567724   3.4g   3012 R 100.0  46.0   0:22.04 mem.bash
    446 root      20   0   44216  27936    460 S   0.0   0.4   0:00.96 python3
    351 root      20   0  154372  25188   1152 S   0.0   0.3   0:02.56 python3.10
    218 root      20   0 2131280  12328    940 S   0.0   0.2   0:00.30 snapd
     40 root      19  -1   39540   6580   5644 S   0.0   0.1   0:00.08 systemd-journal

    584 dmitry54  20   0 3633724   3.5g   3012 R 100.0  46.9   0:22.45 mem.bash
    446 root      20   0   44216  27936    460 S   0.0   0.4   0:00.96 python3
    351 root      20   0  154372  25188   1152 S   0.0   0.3   0:02.56 python3.10
    218 root      20   0 2131280  12328    940 S   0.0   0.2   0:00.30 snapd
     40 root      19  -1   39540   6580   5644 S   0.0   0.1   0:00.08 systemd-journal

    584 dmitry54  20   0 3700120   3.5g   3012 R 100.0  47.8   0:22.87 mem.bash
    446 root      20   0   44216  27936    460 S   0.0   0.4   0:00.96 python3
    351 root      20   0  154372  25188   1152 S   0.0   0.3   0:02.56 python3.10
    218 root      20   0 2131280  12328    940 S   0.0   0.2   0:00.30 snapd
     40 root      19  -1   39540   6580   5644 S   0.0   0.1   0:00.08 systemd-journal

    584 dmitry54  20   0 3767176   3.6g   3012 R 100.0  48.6   0:23.28 mem.bash
    446 root      20   0   44216  27936    460 S   0.0   0.4   0:00.96 python3
    351 root      20   0  154372  25188   1152 S   0.0   0.3   0:02.56 python3.10
    218 root      20   0 2131280  12328    940 S   0.0   0.2   0:00.30 snapd
     40 root      19  -1   39540   6580   5644 S   0.0   0.1   0:00.08 systemd-journal

    584 dmitry54  20   0 3833704   3.7g   3012 R 100.0  49.5   0:23.69 mem.bash
    446 root      20   0   44216  27936    460 S   0.0   0.4   0:00.96 python3
    351 root      20   0  154372  25188   1152 S   0.0   0.3   0:02.56 python3.10
    218 root      20   0 2131280  12328    940 S   0.0   0.2   0:00.30 snapd
     40 root      19  -1   39540   6580   5644 S   0.0   0.1   0:00.08 systemd-journal

    584 dmitry54  20   0 3899836   3.7g   3012 R  93.8  50.3   0:24.11 mem.bash
    446 root      20   0   44216  27936    460 S   0.0   0.4   0:00.96 python3
    351 root      20   0  154372  25188   1152 S   0.0   0.3   0:02.56 python3.10
    218 root      20   0 2131280  12328    940 S   0.0   0.2   0:00.30 snapd
     40 root      19  -1   39540   6580   5644 S   0.0   0.1   0:00.08 systemd-journal

    584 dmitry54  20   0 3966628   3.8g   3012 R 100.0  51.2   0:24.52 mem.bash
    446 root      20   0   44216  27936    460 S   0.0   0.4   0:00.96 python3
    351 root      20   0  154372  25188   1152 S   0.0   0.3   0:02.56 python3.10
    218 root      20   0 2131280  12328    940 S   0.0   0.2   0:00.30 snapd
     40 root      19  -1   39540   6580   5644 S   0.0   0.1   0:00.08 systemd-journal

    584 dmitry54  20   0 4033156   3.8g   3012 R 100.0  52.1   0:24.93 mem.bash
    446 root      20   0   44216  27936    460 S   0.0   0.4   0:00.96 python3
    351 root      20   0  154372  25188   1152 S   0.0   0.3   0:02.56 python3.10
    218 root      20   0 2131280  12328    940 S   0.0   0.2   0:00.30 snapd
     40 root      19  -1   39540   6580   5644 S   0.0   0.1   0:00.08 systemd-journal

    584 dmitry54  20   0 4099684   3.9g   3012 R 100.0  52.9   0:25.34 mem.bash
    446 root      20   0   44216  27936    460 S   0.0   0.4   0:00.96 python3
    351 root      20   0  154372  25188   1152 S   0.0   0.3   0:02.56 python3.10
    218 root      20   0 2131280  12328    940 S   0.0   0.2   0:00.30 snapd
     40 root      19  -1   39540   6580   5644 S   0.0   0.1   0:00.08 systemd-journal

    584 dmitry54  20   0 4166476   4.0g   3012 R 100.0  53.8   0:25.75 mem.bash
    446 root      20   0   44216  27936    460 S   0.0   0.4   0:00.96 python3
    351 root      20   0  154372  25188   1152 S   0.0   0.3   0:02.56 python3.10
    218 root      20   0 2131280  12328    940 S   0.0   0.2   0:00.30 snapd
     40 root      19  -1   39540   6580   5644 S   0.0   0.1   0:00.08 systemd-journal

    584 dmitry54  20   0 4232872   4.0g   3012 R 100.0  54.6   0:26.17 mem.bash
    446 root      20   0   44216  27936    460 S   0.0   0.4   0:00.96 python3
    351 root      20   0  154372  25188   1152 S   0.0   0.3   0:02.56 python3.10
    218 root      20   0 2131280  12328    940 S   0.0   0.2   0:00.30 snapd
     40 root      19  -1   39540   6580   5644 S   0.0   0.1   0:00.08 systemd-journal

    584 dmitry54  20   0 4299664   4.1g   3012 R 100.0  55.5   0:26.58 mem.bash
    446 root      20   0   44216  27936    460 S   6.7   0.4   0:00.97 python3
    351 root      20   0  154372  25188   1152 S   0.0   0.3   0:02.56 python3.10
    218 root      20   0 2131280  12328    940 S   0.0   0.2   0:00.30 snapd
     40 root      19  -1   39540   6580   5644 S   0.0   0.1   0:00.08 systemd-journal

    584 dmitry54  20   0 4365664   4.2g   3012 R 100.0  56.4   0:26.99 mem.bash
    446 root      20   0   44216  27936    460 S   0.0   0.4   0:00.97 python3
    351 root      20   0  154372  25188   1152 S   0.0   0.3   0:02.56 python3.10
    218 root      20   0 2131280  12328    940 S   0.0   0.2   0:00.30 snapd
     40 root      19  -1   39540   6580   5644 S   0.0   0.1   0:00.08 systemd-journal

    584 dmitry54  20   0 4432456   4.2g   3012 R 100.0  57.2   0:27.40 mem.bash
    446 root      20   0   44216  27936    460 S   0.0   0.4   0:00.97 python3
    351 root      20   0  154372  25188   1152 S   0.0   0.3   0:02.56 python3.10
    218 root      20   0 2131280  12328    940 S   0.0   0.2   0:00.30 snapd
     40 root      19  -1   39540   6580   5644 S   0.0   0.1   0:00.08 systemd-journal

    584 dmitry54  20   0 4498720   4.3g   3012 R 100.0  58.1   0:27.82 mem.bash
    446 root      20   0   44216  27936    460 S   0.0   0.4   0:00.97 python3
    351 root      20   0  154372  25188   1152 S   0.0   0.3   0:02.56 python3.10
    218 root      20   0 2131280  12328    940 S   0.0   0.2   0:00.30 snapd
     40 root      19  -1   39540   6580   5644 S   0.0   0.1   0:00.08 systemd-journal

    584 dmitry54  20   0 4569868   4.4g   3012 R 100.0  59.0   0:28.26 mem.bash
    446 root      20   0   44216  27936    460 S   0.0   0.4   0:00.97 python3
    351 root      20   0  154372  25188   1152 S   0.0   0.3   0:02.56 python3.10
    218 root      20   0 2131280  12328    940 S   0.0   0.2   0:00.30 snapd
     40 root      19  -1   39540   6580   5644 S   0.0   0.1   0:00.08 systemd-journal

    584 dmitry54  20   0 4636264   4.4g   3012 R 100.0  59.8   0:28.67 mem.bash
    446 root      20   0   44216  27936    460 S   0.0   0.4   0:00.97 python3
    351 root      20   0  154372  25188   1152 S   0.0   0.3   0:02.56 python3.10
    218 root      20   0 2131280  12328    940 S   0.0   0.2   0:00.30 snapd
     40 root      19  -1   39540   6580   5644 S   0.0   0.1   0:00.08 systemd-journal

    584 dmitry54  20   0 4702264   4.5g   3012 R 100.0  60.7   0:29.08 mem.bash
    446 root      20   0   44216  27936    460 S   0.0   0.4   0:00.97 python3
    351 root      20   0  154372  25188   1152 S   0.0   0.3   0:02.56 python3.10
    218 root      20   0 2131280  12328    940 S   0.0   0.2   0:00.30 snapd
     40 root      19  -1   39540   6580   5644 S   0.0   0.1   0:00.08 systemd-journal

    584 dmitry54  20   0 4769056   4.5g   3012 R 100.0  61.6   0:29.49 mem.bash
    446 root      20   0   44216  27936    460 S   0.0   0.4   0:00.97 python3
    351 root      20   0  154372  25188   1152 S   0.0   0.3   0:02.56 python3.10
    218 root      20   0 2131280  12328    940 S   0.0   0.2   0:00.30 snapd
     40 root      19  -1   39540   6580   5644 S   0.0   0.1   0:00.08 systemd-journal

    584 dmitry54  20   0 4835056   4.6g   3012 R 100.0  62.4   0:29.90 mem.bash
    446 root      20   0   44216  27936    460 S   0.0   0.4   0:00.97 python3
    351 root      20   0  154372  25188   1152 S   0.0   0.3   0:02.56 python3.10
    218 root      20   0 2131280  12328    940 S   0.0   0.2   0:00.30 snapd
     40 root      19  -1   39540   6580   5644 S   0.0   0.1   0:00.08 systemd-journal

    584 dmitry54  20   0 4900924   4.7g   3012 R 100.0  63.3   0:30.31 mem.bash
    446 root      20   0   44216  27936    460 S   0.0   0.4   0:00.97 python3
    351 root      20   0  154372  25188   1152 S   0.0   0.3   0:02.56 python3.10
    218 root      20   0 2131280  12328    940 S   0.0   0.2   0:00.30 snapd
     40 root      19  -1   39540   6580   5644 S   0.0   0.1   0:00.08 systemd-journal

    584 dmitry54  20   0 4967056   4.7g   3012 R 100.0  64.1   0:30.73 mem.bash
    446 root      20   0   44216  27936    460 S   0.0   0.4   0:00.97 python3
    351 root      20   0  154372  25188   1152 S   0.0   0.3   0:02.56 python3.10
    218 root      20   0 2131280  12328    940 S   0.0   0.2   0:00.30 snapd
     40 root      19  -1   39540   6580   5644 S   0.0   0.1   0:00.08 systemd-journal

    584 dmitry54  20   0 5033188   4.8g   3012 R 100.0  65.0   0:31.14 mem.bash
    446 root      20   0   44216  27936    460 S   0.0   0.4   0:00.97 python3
    351 root      20   0  154372  25188   1152 S   0.0   0.3   0:02.56 python3.10
    218 root      20   0 2131280  12328    940 S   0.0   0.2   0:00.30 snapd
     40 root      19  -1   39540   6580   5644 S   0.0   0.1   0:00.08 systemd-journal

    584 dmitry54  20   0 5099980   4.9g   3012 R 100.0  65.8   0:31.55 mem.bash
    446 root      20   0   44216  27936    460 S   0.0   0.4   0:00.97 python3
    351 root      20   0  154372  25188   1152 S   0.0   0.3   0:02.56 python3.10
    218 root      20   0 2131280  12328    940 S   0.0   0.2   0:00.30 snapd
     40 root      19  -1   39540   6580   5644 S   0.0   0.1   0:00.08 systemd-journal

    584 dmitry54  20   0 5166112   4.9g   3012 R 100.0  66.7   0:31.96 mem.bash
    446 root      20   0   44216  27936    460 S   0.0   0.4   0:00.97 python3
    351 root      20   0  154372  25188   1152 S   0.0   0.3   0:02.56 python3.10
    218 root      20   0 2131280  12328    940 S   0.0   0.2   0:00.30 snapd
     40 root      19  -1   39540   6580   5644 S   0.0   0.1   0:00.08 systemd-journal

    584 dmitry54  20   0 5232508   5.0g   3012 R 100.0  67.5   0:32.37 mem.bash
    446 root      20   0   44216  27936    460 S   0.0   0.4   0:00.97 python3
    351 root      20   0  154372  25188   1152 S   0.0   0.3   0:02.56 python3.10
    218 root      20   0 2131280  12328    940 S   0.0   0.2   0:00.30 snapd
     40 root      19  -1   39540   6580   5644 S   0.0   0.1   0:00.08 systemd-journal

    584 dmitry54  20   0 5297980   5.1g   3012 R 100.0  68.4   0:32.79 mem.bash
    446 root      20   0   44216  27936    460 S   0.0   0.4   0:00.97 python3
    351 root      20   0  154372  25188   1152 S   0.0   0.3   0:02.56 python3.10
    218 root      20   0 2131280  12328    940 S   0.0   0.2   0:00.30 snapd
     40 root      19  -1   39540   6580   5644 S   0.0   0.1   0:00.08 systemd-journal

    584 dmitry54  20   0 5364112   5.1g   3012 R 100.0  69.2   0:33.20 mem.bash
    446 root      20   0   44216  27936    460 S   0.0   0.4   0:00.97 python3
    351 root      20   0  154372  25188   1152 S   0.0   0.3   0:02.57 python3.10
    218 root      20   0 2131280  12328    940 S   0.0   0.2   0:00.30 snapd
     40 root      19  -1   39540   6580   5644 S   0.0   0.1   0:00.08 systemd-journal

    584 dmitry54  20   0 5430640   5.2g   3012 R 100.0  70.1   0:33.61 mem.bash
    446 root      20   0   44216  27936    460 S   0.0   0.4   0:00.97 python3
    351 root      20   0  154372  25188   1152 S   0.0   0.3   0:02.57 python3.10
    218 root      20   0 2131280  12328    940 S   0.0   0.2   0:00.30 snapd
     40 root      19  -1   39540   6580   5644 S   0.0   0.1   0:00.08 systemd-journal

    584 dmitry54  20   0 5495716   5.2g   3012 R 100.0  70.9   0:34.02 mem.bash
    446 root      20   0   44216  27936    460 S   0.0   0.4   0:00.97 python3
    351 root      20   0  154372  25188   1152 S   0.0   0.3   0:02.57 python3.10
    218 root      20   0 2131280  12328    940 S   0.0   0.2   0:00.30 snapd
     40 root      19  -1   39540   6580   5644 S   0.0   0.1   0:00.08 systemd-journal

    584 dmitry54  20   0 5562376   5.3g   3012 R 100.0  71.8   0:34.43 mem.bash
    446 root      20   0   44216  27936    460 S   0.0   0.4   0:00.97 python3
    351 root      20   0  154372  25188   1152 S   0.0   0.3   0:02.57 python3.10
    218 root      20   0 2131280  12328    940 S   0.0   0.2   0:00.30 snapd
     40 root      19  -1   39540   6580   5644 S   0.0   0.1   0:00.08 systemd-journal

    584 dmitry54  20   0 5628508   5.4g   3012 R 100.0  72.7   0:34.85 mem.bash
    446 root      20   0   44216  27936    460 S   0.0   0.4   0:00.97 python3
    351 root      20   0  154372  25188   1152 S   0.0   0.3   0:02.57 python3.10
    218 root      20   0 2131280  12328    940 S   0.0   0.2   0:00.30 snapd
     40 root      19  -1   39540   6580   5644 S   0.0   0.1   0:00.08 systemd-journal

    584 dmitry54  20   0 5695036   5.4g   3012 R 100.0  73.5   0:35.26 mem.bash
    446 root      20   0   44216  27936    460 S   0.0   0.4   0:00.97 python3
    351 root      20   0  154372  25188   1152 S   0.0   0.3   0:02.57 python3.10
    218 root      20   0 2131280  12328    940 S   0.0   0.2   0:00.30 snapd
     40 root      19  -1   39540   6580   5644 S   0.0   0.1   0:00.08 systemd-journal

    584 dmitry54  20   0 5761432   5.5g   3012 R 100.0  74.4   0:35.67 mem.bash
    446 root      20   0   44216  27936    460 S   0.0   0.4   0:00.97 python3
    351 root      20   0  154372  25188   1152 S   0.0   0.3   0:02.57 python3.10
    218 root      20   0 2131280  12328    940 S   0.0   0.2   0:00.30 snapd
     40 root      19  -1   39540   6580   5644 S   0.0   0.1   0:00.08 systemd-journal

    584 dmitry54  20   0 5823340   5.6g   3012 R 100.0  75.2   0:36.08 mem.bash
    446 root      20   0   44216  27936    460 S   0.0   0.4   0:00.97 python3
    351 root      20   0  154372  25188   1152 S   0.0   0.3   0:02.57 python3.10
    218 root      20   0 2131280  12328    940 S   0.0   0.2   0:00.30 snapd
     40 root      19  -1   39540   6580   5644 S   0.0   0.1   0:00.08 systemd-journal

    584 dmitry54  20   0 5889472   5.6g   3012 R 100.0  76.0   0:36.49 mem.bash
    446 root      20   0   44216  27936    460 S   0.0   0.4   0:00.97 python3
    351 root      20   0  154372  25188   1152 S   0.0   0.3   0:02.57 python3.10
    218 root      20   0 2131280  12328    940 S   0.0   0.2   0:00.30 snapd
     40 root      19  -1   39540   6580   5644 S   0.0   0.1   0:00.08 systemd-journal

    584 dmitry54  20   0 5955340   5.7g   3012 R 100.0  76.9   0:36.90 mem.bash
    446 root      20   0   44216  27936    460 S   0.0   0.4   0:00.97 python3
    351 root      20   0  154372  25188   1152 S   0.0   0.3   0:02.57 python3.10
    218 root      20   0 2131280  12328    940 S   0.0   0.2   0:00.30 snapd
     40 root      19  -1   39540   6580   5644 S   0.0   0.1   0:00.08 systemd-journal

    584 dmitry54  20   0 6022132   5.7g   3012 R  93.8  77.7   0:37.32 mem.bash
    446 root      20   0   44216  27936    460 S   0.0   0.4   0:00.97 python3
    351 root      20   0  154372  25188   1152 S   0.0   0.3   0:02.57 python3.10
    218 root      20   0 2131280  12328    940 S   0.0   0.2   0:00.30 snapd
     40 root      19  -1   39540   6580   5644 S   0.0   0.1   0:00.08 systemd-journal

    584 dmitry54  20   0 6087340   5.8g   3012 R 100.0  78.6   0:37.73 mem.bash
    446 root      20   0   44216  27936    460 S   0.0   0.4   0:00.97 python3
    351 root      20   0  154372  25188   1152 S   0.0   0.3   0:02.57 python3.10
    218 root      20   0 2131280  12328    940 S   0.0   0.2   0:00.30 snapd
     40 root      19  -1   39540   6580   5644 S   0.0   0.1   0:00.08 systemd-journal

    584 dmitry54  20   0 6152152   5.9g   3012 R 100.0  79.4   0:38.14 mem.bash
    446 root      20   0   44216  27936    460 S   0.0   0.4   0:00.97 python3
    351 root      20   0  154372  25188   1152 S   0.0   0.3   0:02.57 python3.10
    218 root      20   0 2131280  12328    940 S   0.0   0.2   0:00.30 snapd
     40 root      19  -1   39540   6580   5644 S   0.0   0.1   0:00.08 systemd-journal

    584 dmitry54  20   0 6218284   5.9g   3012 R 100.0  80.3   0:38.55 mem.bash
    446 root      20   0   44216  27936    460 S   0.0   0.4   0:00.97 python3
    351 root      20   0  154372  25188   1152 S   0.0   0.3   0:02.57 python3.10
    218 root      20   0 2131280  12328    940 S   0.0   0.2   0:00.30 snapd
     40 root      19  -1   39540   6580   5644 S   0.0   0.1   0:00.08 systemd-journal

    584 dmitry54  20   0 6283228   6.0g   3012 R 100.0  81.1   0:38.97 mem.bash
    446 root      20   0   44216  27936    460 S   0.0   0.4   0:00.98 python3
    351 root      20   0  154372  25188   1152 S   0.0   0.3   0:02.57 python3.10
    218 root      20   0 2131280  12328    940 S   0.0   0.2   0:00.30 snapd
     40 root      19  -1   39540   6580   5644 S   0.0   0.1   0:00.08 systemd-journal

    584 dmitry54  20   0 6349492   6.1g   3012 R 100.0  82.0   0:39.38 mem.bash
    446 root      20   0   44216  27936    460 S   0.0   0.4   0:00.98 python3
    351 root      20   0  154372  25188   1152 S   0.0   0.3   0:02.57 python3.10
    218 root      20   0 2131280  12328    940 S   0.0   0.2   0:00.30 snapd
     40 root      19  -1   39540   6580   5644 S   0.0   0.1   0:00.08 systemd-journal

    584 dmitry54  20   0 6415492   6.1g   3012 R 100.0  82.8   0:39.79 mem.bash
    446 root      20   0   44216  27936    460 S   0.0   0.4   0:00.98 python3
    351 root      20   0  154372  25188   1152 S   0.0   0.3   0:02.57 python3.10
    218 root      20   0 2131280  16120    940 S   0.0   0.2   0:00.30 snapd
     40 root      19  -1   39540   6580   5644 S   0.0   0.1   0:00.08 systemd-journal

    584 dmitry54  20   0 6480832   6.2g   3012 R 100.0  83.7   0:40.20 mem.bash
    446 root      20   0   44216  27936    460 S   0.0   0.4   0:00.98 python3
    351 root      20   0  154372  25188   1152 S   0.0   0.3   0:02.57 python3.10
    218 root      20   0 2131280  16120    940 S   0.0   0.2   0:00.30 snapd
     40 root      19  -1   39540   6580   5644 S   0.0   0.1   0:00.08 systemd-journal

    584 dmitry54  20   0 6546964   6.2g   3012 R 100.0  84.5   0:40.61 mem.bash
    446 root      20   0   44216  27936    460 S   0.0   0.4   0:00.98 python3
    351 root      20   0  154372  25188   1152 S   0.0   0.3   0:02.57 python3.10
    218 root      20   0 2131280  16120    940 S   0.0   0.2   0:00.30 snapd
     40 root      19  -1   39540   6580   5644 S   0.0   0.1   0:00.08 systemd-journal

    584 dmitry54  20   0 6613228   6.3g   3012 R 100.0  85.4   0:41.03 mem.bash
    446 root      20   0   44216  27936    460 S   0.0   0.4   0:00.98 python3
    351 root      20   0  154372  25188   1152 S   0.0   0.3   0:02.57 python3.10
    218 root      20   0 2131280  16120    940 S   0.0   0.2   0:00.30 snapd
     40 root      19  -1   39540   6580   5644 S   0.0   0.1   0:00.08 systemd-journal

    584 dmitry54  20   0 6679756   6.4g   3012 R 100.0  86.2   0:41.44 mem.bash
    446 root      20   0   44216  27936    460 S   0.0   0.4   0:00.98 python3
    351 root      20   0  154372  25188   1152 S   0.0   0.3   0:02.57 python3.10
    218 root      20   0 2131280  16120    940 S   0.0   0.2   0:00.30 snapd
     40 root      19  -1   39540   6580   5644 S   0.0   0.1   0:00.08 systemd-journal

    584 dmitry54  20   0 6745228   6.4g   3012 R 100.0  87.1   0:41.85 mem.bash
    446 root      20   0   44216  27936    460 S   0.0   0.4   0:00.98 python3
    351 root      20   0  154372  25188   1152 S   0.0   0.3   0:02.57 python3.10
    218 root      20   0 2131280  16120    940 S   0.0   0.2   0:00.30 snapd
     40 root      19  -1   39540   6580   5644 S   0.0   0.1   0:00.08 systemd-journal

    584 dmitry54  20   0 6811360   6.5g   3012 R 100.0  87.9   0:42.26 mem.bash
    446 root      20   0   44216  27936    460 S   0.0   0.4   0:00.98 python3
    351 root      20   0  154372  25188   1152 S   0.0   0.3   0:02.57 python3.10
    218 root      20   0 2131280  16120    940 S   0.0   0.2   0:00.30 snapd
     40 root      19  -1   39540   6580   5644 S   0.0   0.1   0:00.08 systemd-journal

    584 dmitry54  20   0 6877096   6.6g   3012 R 100.0  88.8   0:42.67 mem.bash
    446 root      20   0   44216  27936    460 S   0.0   0.4   0:00.98 python3
    351 root      20   0  154372  25188   1152 S   0.0   0.3   0:02.57 python3.10
    218 root      20   0 2131280  16120    940 S   0.0   0.2   0:00.30 snapd
     40 root      19  -1   39540   6580   5644 S   0.0   0.1   0:00.08 systemd-journal

    584 dmitry54  20   0 6942832   6.6g   3012 R 100.0  89.6   0:43.08 mem.bash
    446 root      20   0   44216  27936    460 S   0.0   0.4   0:00.98 python3
    351 root      20   0  154372  25188   1152 S   0.0   0.3   0:02.57 python3.10
    218 root      20   0 2131280  16120    940 S   0.0   0.2   0:00.30 snapd
     40 root      19  -1   39540   6580   5644 S   0.0   0.1   0:00.08 systemd-journal

    584 dmitry54  20   0 7009492   6.7g   3012 R  93.8  90.5   0:43.50 mem.bash
    446 root      20   0   44216  27936    460 S   0.0   0.4   0:00.98 python3
    351 root      20   0  154372  25188   1152 S   0.0   0.3   0:02.57 python3.10
    218 root      20   0 2131280  16120    940 S   0.0   0.2   0:00.30 snapd
     40 root      19  -1   39540   6580   5644 S   0.0   0.1   0:00.08 systemd-journal

    584 dmitry54  20   0 7075360   6.7g   3012 R 100.0  91.3   0:43.91 mem.bash
    446 root      20   0   44216  27936    460 S   0.0   0.4   0:00.98 python3
    351 root      20   0  154372  25188   1152 S   0.0   0.3   0:02.57 python3.10
    218 root      20   0 2131280  16120    940 S   0.0   0.2   0:00.30 snapd
     40 root      19  -1   39540   6580   5644 S   0.0   0.1   0:00.08 systemd-journal

    584 dmitry54  20   0 7141360   6.8g   2972 R 100.0  92.2   0:44.32 mem.bash
    351 root      20   0  154372  22188    464 S   0.0   0.3   0:02.57 python3.10
    446 root      20   0   44216  22112      0 S   0.0   0.3   0:00.98 python3
    218 root      20   0 2131280  11948      0 S   0.0   0.2   0:00.30 snapd
    195 root      20   0   30096   4680      0 S   0.0   0.1   0:00.08 networkd-dispat

    584 dmitry54  20   0 7206568   6.8g   2868 R 100.0  92.6   0:44.74 mem.bash
    351 root      20   0  154372  21776     56 S   0.0   0.3   0:02.57 python3.10
    446 root      20   0   44216  14860      0 S   0.0   0.2   0:00.98 python3
    218 root      20   0 2131280   8464      0 S   0.0   0.1   0:00.30 snapd
    195 root      20   0   30096   3540      0 S   0.0   0.0   0:00.08 networkd-dispat

    584 dmitry54  20   0 7271380   6.8g   2864 R 100.0  92.4   0:45.17 mem.bash
    351 root      20   0  154372  21724      4 S   0.0   0.3   0:02.57 python3.10
    446 root      20   0   44216  14452      0 S   0.0   0.2   0:00.98 python3
    218 root      20   0 2131280   8356      0 S   0.0   0.1   0:00.30 snapd
    195 root      20   0   30096   3496      0 S   0.0   0.0   0:00.08 networkd-dispat

    584 dmitry54  20   0 7335400   6.8g   2864 R 100.0  92.6   0:45.58 mem.bash
    351 root      20   0  154372  21724      4 S   0.0   0.3   0:02.57 python3.10
    446 root      20   0   44216  14452      0 S   0.0   0.2   0:00.98 python3
    218 root      20   0 2131280   8336      0 S   0.0   0.1   0:00.30 snapd
    195 root      20   0   30096   3496      0 S   0.0   0.0   0:00.08 networkd-dispat

    584 dmitry54  20   0 7398232   6.8g   2864 R 100.0  92.7   0:45.99 mem.bash
    351 root      20   0  154372  21724      4 S   0.0   0.3   0:02.57 python3.10
    446 root      20   0   44216  14340      0 S   0.0   0.2   0:00.98 python3
    218 root      20   0 2131280   8280      0 S   0.0   0.1   0:00.30 snapd
    195 root      20   0   30096   3496      0 S   0.0   0.0   0:00.08 networkd-dispat

    584 dmitry54  20   0 7461592   6.8g   2864 R 100.0  92.8   0:46.40 mem.bash
    351 root      20   0  154372  21724      4 S   0.0   0.3   0:02.57 python3.10
    446 root      20   0   44216  14188      0 S   0.0   0.2   0:00.98 python3
    218 root      20   0 2131280   8224      0 S   0.0   0.1   0:00.30 snapd
    195 root      20   0   30096   3492      0 S   0.0   0.0   0:00.08 networkd-dispat

    584 dmitry54  20   0 7523896   6.8g   2864 R 100.0  92.6   0:46.81 mem.bash
    351 root      20   0  154372  21724      4 S   0.0   0.3   0:02.57 python3.10
    446 root      20   0   44216  13992      0 S   0.0   0.2   0:00.98 python3
    218 root      20   0 2131280   8148      0 S   0.0   0.1   0:00.30 snapd
    195 root      20   0   30096   3480      0 S   0.0   0.0   0:00.08 networkd-dispat

    584 dmitry54  20   0 7586992   6.8g   2864 R 100.0  92.6   0:47.22 mem.bash
    351 root      20   0  154372  21724      4 S   0.0   0.3   0:02.57 python3.10
    446 root      20   0   44216  13812      0 S   0.0   0.2   0:00.98 python3
    218 root      20   0 2131280   8088      0 S   0.0   0.1   0:00.30 snapd
    195 root      20   0   30096   3468      0 S   0.0   0.0   0:00.08 networkd-dispat

    584 dmitry54  20   0 7651012   6.8g   2864 R 100.0  92.7   0:47.63 mem.bash
    351 root      20   0  154372  21720      0 S   0.0   0.3   0:02.57 python3.10
    446 root      20   0   44216  13668      0 S   0.0   0.2   0:00.98 python3
    218 root      20   0 2131280   8032      0 S   0.0   0.1   0:00.30 snapd
    195 root      20   0   30096   3452      0 S   0.0   0.0   0:00.08 networkd-dispat

    584 dmitry54  20   0 7714108   6.8g   2864 R 100.0  92.7   0:48.04 mem.bash
    351 root      20   0  154372  21720      0 S   0.0   0.3   0:02.57 python3.10
    446 root      20   0   44216  13496      0 S   0.0   0.2   0:00.98 python3
    218 root      20   0 2131280   7980      0 S   0.0   0.1   0:00.30 snapd
    195 root      20   0   30096   3440      0 S   0.0   0.0   0:00.08 networkd-dispat

    584 dmitry54  20   0 7776808   6.8g   2864 R 100.0  92.7   0:48.45 mem.bash
    351 root      20   0  154372  21720      0 S   0.0   0.3   0:02.57 python3.10
    446 root      20   0   44216  13328      0 S   0.0   0.2   0:00.98 python3
    218 root      20   0 2131280   7948      0 S   0.0   0.1   0:00.30 snapd
    195 root      20   0   30096   3436      0 S   0.0   0.0   0:00.08 networkd-dispat

    584 dmitry54  20   0 7839904   6.8g   2864 R 100.0  92.7   0:48.87 mem.bash
    351 root      20   0  154372  21720      0 S   0.0   0.3   0:02.57 python3.10
    446 root      20   0   44216  13160      0 S   0.0   0.2   0:00.99 python3
    218 root      20   0 2131280   7900      0 S   0.0   0.1   0:00.30 snapd
    195 root      20   0   30096   3420      0 S   0.0   0.0   0:00.08 networkd-dispat

    584 dmitry54  20   0 7903528   6.8g   2864 R 100.0  92.7   0:49.28 mem.bash
    351 root      20   0  154372  21720      0 S   0.0   0.3   0:02.57 python3.10
    446 root      20   0   44216  13000      0 S   0.0   0.2   0:00.99 python3
    218 root      20   0 2131280   7860      0 S   0.0   0.1   0:00.30 snapd
    195 root      20   0   30096   3412      0 S   0.0   0.0   0:00.08 networkd-dispat

    584 dmitry54  20   0 7966888   6.8g   2864 R 100.0  92.7   0:49.69 mem.bash
    351 root      20   0  154372  21720      0 S   0.0   0.3   0:02.58 python3.10
    446 root      20   0   44216  12836      0 S   0.0   0.2   0:00.99 python3
    218 root      20   0 2131280   5780      0 S   0.0   0.1   0:00.30 snapd
    195 root      20   0   30096   3400      0 S   0.0   0.0   0:00.08 networkd-dispat

    584 dmitry54  20   0 8029984   6.8g   2864 R 100.0  92.7   0:50.10 mem.bash
    351 root      20   0  154372  21720      0 S   0.0   0.3   0:02.58 python3.10
    446 root      20   0   44216  12668      0 S   0.0   0.2   0:00.99 python3
    218 root      20   0 2131280   5780      0 S   0.0   0.1   0:00.30 snapd
    195 root      20   0   30096   3388      0 S   0.0   0.0   0:00.08 networkd-dispat

    584 dmitry54  20   0 8093476   6.8g   2864 R 100.0  92.7   0:50.51 mem.bash
    351 root      20   0  154372  21720      0 S   0.0   0.3   0:02.58 python3.10
    446 root      20   0   44216  12508      0 S   0.0   0.2   0:00.99 python3
    218 root      20   0 2131280   5780      0 S   0.0   0.1   0:00.30 snapd
    195 root      20   0   30096   3380      0 S   0.0   0.0   0:00.08 networkd-dispat

    584 dmitry54  20   0 8156308   6.8g   2864 R 100.0  92.7   0:50.92 mem.bash
    351 root      20   0  154372  21720      0 S   0.0   0.3   0:02.58 python3.10
    446 root      20   0   44216  12340      0 S   0.0   0.2   0:00.99 python3
    218 root      20   0 2131280   5780      0 S   0.0   0.1   0:00.30 snapd
    195 root      20   0   30096   3364      0 S   0.0   0.0   0:00.08 networkd-dispat

    584 dmitry54  20   0 8219536   6.8g   2864 R  93.8  92.7   0:51.34 mem.bash
    351 root      20   0  154372  21720      0 S   0.0   0.3   0:02.58 python3.10
    446 root      20   0   44216  12168      0 S   0.0   0.2   0:00.99 python3
    218 root      20   0 2131280   5780      0 S   0.0   0.1   0:00.30 snapd
    195 root      20   0   30096   3356      0 S   0.0   0.0   0:00.08 networkd-dispat

    584 dmitry54  20   0 8283292   6.8g   2864 R 100.0  92.8   0:51.75 mem.bash
    351 root      20   0  154372  21720      0 S   0.0   0.3   0:02.58 python3.10
    446 root      20   0   44216  12028      0 S   0.0   0.2   0:00.99 python3
    218 root      20   0 2131280   5780      0 S   0.0   0.1   0:00.30 snapd
    195 root      20   0   30096   3344      0 S   0.0   0.0   0:00.08 networkd-dispat

    584 dmitry54  20   0 8346652   6.9g   2864 R 100.0  92.8   0:52.16 mem.bash
    351 root      20   0  154372  21720      0 S   0.0   0.3   0:02.58 python3.10
    446 root      20   0   44216  11856      0 S   0.0   0.2   0:00.99 python3
    218 root      20   0 2131280   5780      0 S   0.0   0.1   0:00.30 snapd
    195 root      20   0   30096   3332      0 S   0.0   0.0   0:00.08 networkd-dispat

    584 dmitry54  20   0 8409880   6.8g   2864 R 100.0  92.7   0:52.57 mem.bash
    351 root      20   0  154372  21720      0 S   0.0   0.3   0:02.58 python3.10
    446 root      20   0   44216  11692      0 S   0.0   0.2   0:00.99 python3
    218 root      20   0 2131280   5780      0 S   0.0   0.1   0:00.30 snapd
    195 root      20   0   30096   3320      0 S   0.0   0.0   0:00.08 networkd-dispat

    584 dmitry54  20   0 8472712   6.8g   2864 R 100.0  92.5   0:52.98 mem.bash
    351 root      20   0  154372  21720      0 S   0.0   0.3   0:02.58 python3.10
    446 root      20   0   44216  11520      0 S   0.0   0.1   0:00.99 python3
    218 root      20   0 2131280   5780      0 S   0.0   0.1   0:00.30 snapd
    195 root      20   0   30096   3300      0 S   0.0   0.0   0:00.08 networkd-dispat

    584 dmitry54  20   0 8536336   6.8g   2864 R 100.0  92.7   0:53.39 mem.bash
    351 root      20   0  154372  21720      0 S   0.0   0.3   0:02.58 python3.10
    446 root      20   0   44216  11432      0 S   0.0   0.1   0:00.99 python3
    218 root      20   0 2131280   5780      0 S   0.0   0.1   0:00.30 snapd
    195 root      20   0   30096   3296      0 S   0.0   0.0   0:00.08 networkd-dispat

    584 dmitry54  20   0 8599564   6.8g   2864 R 100.0  92.7   0:53.81 mem.bash
    351 root      20   0  154372  21720      0 S   0.0   0.3   0:02.58 python3.10
    446 root      20   0   44216  11308      0 S   0.0   0.1   0:00.99 python3
    218 root      20   0 2131280   5780      0 S   0.0   0.1   0:00.30 snapd
    195 root      20   0   30096   3284      0 S   0.0   0.0   0:00.08 networkd-dispat

    584 dmitry54  20   0 8661868   6.9g   2864 R 100.0  92.8   0:54.22 mem.bash
    351 root      20   0  154372  21720      0 S   0.0   0.3   0:02.58 python3.10
    446 root      20   0   44216  11176      0 S   0.0   0.1   0:00.99 python3
    218 root      20   0 2131280   5780      0 S   0.0   0.1   0:00.30 snapd
    195 root      20   0   30096   3268      0 S   0.0   0.0   0:00.08 networkd-dispat

    584 dmitry54  20   0 8724700   6.8g   2864 R 100.0  92.7   0:54.63 mem.bash
    351 root      20   0  154372  21720      0 S   0.0   0.3   0:02.58 python3.10
    446 root      20   0   44216  11028      0 S   0.0   0.1   0:00.99 python3
    218 root      20   0 2131280   5780      0 S   0.0   0.1   0:00.30 snapd
    195 root      20   0   30096   3252      0 S   0.0   0.0   0:00.08 networkd-dispat

    584 dmitry54  20   0 8788192   6.9g   2864 R 100.0  92.8   0:55.04 mem.bash
    351 root      20   0  154372  21720      0 S   0.0   0.3   0:02.58 python3.10
    446 root      20   0   44216  10908      0 S   0.0   0.1   0:00.99 python3
    218 root      20   0 2131280   5780      0 S   0.0   0.1   0:00.30 snapd
    195 root      20   0   30096   3240      0 S   0.0   0.0   0:00.08 networkd-dispat

    584 dmitry54  20   0 8851024   6.8g   2864 R 100.0  92.7   0:55.45 mem.bash
    351 root      20   0  154372  21720      0 S   0.0   0.3   0:02.58 python3.10
    446 root      20   0   44216  10760      0 S   0.0   0.1   0:00.99 python3
    218 root      20   0 2131280   5780      0 S   0.0   0.1   0:00.30 snapd
    195 root      20   0   30096   3228      0 S   0.0   0.0   0:00.08 networkd-dispat

    584 dmitry54  20   0 8912932   6.8g   2856 R 100.0  92.4   0:55.86 mem.bash
    351 root      20   0  154372  21720      0 S   0.0   0.3   0:02.58 python3.10
    446 root      20   0   44216  10588      0 S   0.0   0.1   0:00.99 python3
    218 root      20   0 2131280   5780      0 S   0.0   0.1   0:00.30 snapd
   2475 dmitry54  20   0    7784   3216   2852 R   0.0   0.0   0:00.00 top

    584 dmitry54  20   0 8974840   6.8g   2844 R 100.0  92.2   0:56.27 mem.bash
    351 root      20   0  154372  21720      0 S   0.0   0.3   0:02.58 python3.10
    446 root      20   0   44216  10432      0 S   0.0   0.1   0:00.99 python3
    218 root      20   0 2131280   5780      0 S   0.0   0.1   0:00.30 snapd
   2489 dmitry54  20   0    7784   3264   2900 R   0.0   0.0   0:00.00 top

    584 dmitry54  20   0 9040576   6.8g   2844 R 100.0  92.5   0:56.69 mem.bash
    351 root      20   0  154372  21720      0 S   0.0   0.3   0:02.58 python3.10
    446 root      20   0   44216  10344      0 S   0.0   0.1   0:00.99 python3
    218 root      20   0 2131280   5780      0 S   0.0   0.1   0:00.30 snapd
    195 root      20   0   30096   3184      0 S   0.0   0.0   0:00.08 networkd-dispat

    584 dmitry54  20   0 9103804   6.8g   2844 R 100.0  92.7   0:57.11 mem.bash
    351 root      20   0  154372  21720      0 S   0.0   0.3   0:02.58 python3.10
    446 root      20   0   44216  10220      0 S   0.0   0.1   0:00.99 python3
    218 root      20   0 2131280   5780      0 S   0.0   0.1   0:00.30 snapd
   2517 dmitry54  20   0    7784   3260   2900 R   0.0   0.0   0:00.00 top

    584 dmitry54  20   0 9163336   6.9g   1132 R  71.4  93.3   0:58.68 mem.bash
    351 root      20   0  154372  21776      0 D   0.0   0.3   0:02.58 python3.10
    446 root      20   0   44216  10188      0 D   3.6   0.1   0:01.00 python3
    218 root      20   0 2131280   7848      0 S  28.6   0.1   0:00.38 snapd
    195 root      20   0   30096   3164      0 S   0.0   0.0   0:00.08 networkd-dispat

    351 root      20   0  154372  19028    820 S   0.0   0.2   0:02.61 python3.10
    446 root      20   0   44216   7988   1800 S   6.2   0.1   0:01.04 python3
     40 root      19  -1   47736   7308   6816 S   0.0   0.1   0:00.64 systemd-journal
      1 root      20   0  165792   4264   3496 D   0.0   0.1   0:01.80 systemd
   2547 dmitry54  20   0    7784   2956   2404 R   0.0   0.0   0:01.57 top

    351 root      20   0  154372  19028    820 S   0.0   0.2   0:02.61 python3.10
   2561 root      20   0 1095832  10496   4268 D  13.3   0.1   0:00.02 snapd
    446 root      20   0   44216   7988   1800 S   0.0   0.1   0:01.04 python3
     40 root      19  -1   47736   7364   6872 S   0.0   0.1   0:00.64 systemd-journal
      1 root      20   0  165792   5532   4004 S   0.0   0.1   0:01.80 systemd

   2561 root      20   0 1540400  32340  16700 S  13.3   0.4   0:00.06 snapd
    351 root      20   0  154372  19028    820 S   0.0   0.2   0:02.61 python3.10
    446 root      20   0   44216   7988   1800 S   0.0   0.1   0:01.04 python3
     40 root      19  -1   47736   7364   6872 S   6.7   0.1   0:00.65 systemd-journal
      1 root      20   0  165792   6196   4540 S   0.0   0.1   0:01.80 systemd

   2561 root      20   0 1909828  32508  16996 S  40.0   0.4   0:00.21 snapd
    351 root      20   0  154372  19028    820 S   0.0   0.2   0:02.61 python3.10
    446 root      20   0   44216   7988   1800 S   0.0   0.1   0:01.04 python3
     40 root      19  -1   47736   7364   6872 S   0.0   0.1   0:00.65 systemd-journal
      1 root      20   0  165792   6872   4864 S   0.0   0.1   0:01.81 systemd

   2561 root      20   0 1909828  32508  16996 S   0.0   0.4   0:00.21 snapd
    351 root      20   0  154372  19028    820 S   0.0   0.2   0:02.61 python3.10
    446 root      20   0   44216   7988   1800 S   0.0   0.1   0:01.04 python3
     40 root      19  -1   47736   7364   6872 S   0.0   0.1   0:00.65 systemd-journal
      1 root      20   0  165792   6872   4864 S   0.0   0.1   0:01.81 systemd

   2561 root      20   0 1909828  32508  16996 S   0.0   0.4   0:00.21 snapd
    351 root      20   0  154372  19028    820 S   0.0   0.2   0:02.61 python3.10
    446 root      20   0   44216   7988   1800 S   0.0   0.1   0:01.04 python3
     40 root      19  -1   47736   7364   6872 S   0.0   0.1   0:00.65 systemd-journal
      1 root      20   0  165792   6872   4864 S   0.0   0.1   0:01.81 systemd

   2561 root      20   0 1909828  32508  16996 S   0.0   0.4   0:00.21 snapd
    351 root      20   0  154372  19028    820 S   0.0   0.2   0:02.61 python3.10
    446 root      20   0   44216   7988   1800 S   0.0   0.1   0:01.04 python3
     40 root      19  -1   47736   7364   6872 S   0.0   0.1   0:00.65 systemd-journal
      1 root      20   0  165792   6872   4864 S   0.0   0.1   0:01.81 systemd

   2561 root      20   0 1909828  32508  16996 S   0.0   0.4   0:00.21 snapd
    351 root      20   0  154372  19028    820 S   0.0   0.2   0:02.61 python3.10
    446 root      20   0   44216   7988   1800 S   0.0   0.1   0:01.04 python3
     40 root      19  -1   47736   7364   6872 S   0.0   0.1   0:00.65 systemd-journal
      1 root      20   0  165792   6872   4864 S   0.0   0.1   0:01.81 systemd

   2561 root      20   0 1909828  32508  16996 S   0.0   0.4   0:00.21 snapd
    351 root      20   0  154372  19028    820 S   0.0   0.2   0:02.61 python3.10
    446 root      20   0   44216   7988   1800 S   0.0   0.1   0:01.04 python3
     40 root      19  -1   47736   7364   6872 S   0.0   0.1   0:00.65 systemd-journal
      1 root      20   0  165792   6872   4864 S   0.0   0.1   0:01.81 systemd

   2561 root      20   0 1909828  32508  16996 S   0.0   0.4   0:00.21 snapd
    351 root      20   0  154372  19028    820 S   0.0   0.2   0:02.61 python3.10
    446 root      20   0   44216   7988   1800 S   0.0   0.1   0:01.04 python3
     40 root      19  -1   47736   7364   6872 S   0.0   0.1   0:00.65 systemd-journal
      1 root      20   0  165792   6872   4864 S   0.0   0.1   0:01.81 systemd

   2561 root      20   0 1909828  32508  16996 S   0.0   0.4   0:00.21 snapd
    351 root      20   0  154372  19028    820 S   0.0   0.2   0:02.61 python3.10
    446 root      20   0   44216   7988   1800 S   0.0   0.1   0:01.04 python3
     40 root      19  -1   47736   7364   6872 S   0.0   0.1   0:00.65 systemd-journal
      1 root      20   0  165792   6872   4864 S   0.0   0.1   0:01.81 systemd

   2561 root      20   0 1909828  32508  16996 S   0.0   0.4   0:00.21 snapd
    351 root      20   0  154372  19028    820 S   0.0   0.2   0:02.62 python3.10
    446 root      20   0   44216   7988   1800 S   0.0   0.1   0:01.04 python3
     40 root      19  -1   47736   7364   6872 S   0.0   0.1   0:00.65 systemd-journal
      1 root      20   0  165792   6872   4864 S   0.0   0.1   0:01.81 systemd

   2561 root      20   0 1909828  32508  16996 S   0.0   0.4   0:00.21 snapd
    351 root      20   0  154372  19028    820 S   0.0   0.2   0:02.62 python3.10
    446 root      20   0   44216   7988   1800 S   0.0   0.1   0:01.04 python3
     40 root      19  -1   47736   7364   6872 S   0.0   0.1   0:00.65 systemd-journal
      1 root      20   0  165792   6872   4864 S   0.0   0.1   0:01.81 systemd

   2561 root      20   0 1909828  32508  16996 S   0.0   0.4   0:00.21 snapd
    351 root      20   0  154372  19028    820 S   0.0   0.2   0:02.62 python3.10
    446 root      20   0   44216   7988   1800 S   0.0   0.1   0:01.04 python3
     40 root      19  -1   47736   7364   6872 S   0.0   0.1   0:00.65 systemd-journal
      1 root      20   0  165792   6872   4864 S   0.0   0.1   0:01.81 systemd

   2561 root      20   0 1909828  32508  16996 S   0.0   0.4   0:00.21 snapd
    351 root      20   0  154372  19028    820 S   0.0   0.2   0:02.62 python3.10
    446 root      20   0   44216   7988   1800 S   0.0   0.1   0:01.04 python3
     40 root      19  -1   47736   7364   6872 S   0.0   0.1   0:00.65 systemd-journal
      1 root      20   0  165792   6872   4864 S   0.0   0.1   0:01.81 systemd

   2561 root      20   0 1909828  32508  16996 S   0.0   0.4   0:00.21 snapd
    351 root      20   0  154372  19028    820 S   0.0   0.2   0:02.62 python3.10
    446 root      20   0   44216   7988   1800 S   0.0   0.1   0:01.04 python3
     40 root      19  -1   47736   7364   6872 S   0.0   0.1   0:00.65 systemd-journal
      1 root      20   0  165792   6872   4864 S   0.0   0.1   0:01.81 systemd

   2561 root      20   0 1909828  32508  16996 S   0.0   0.4   0:00.21 snapd
    351 root      20   0  154372  19028    820 S   0.0   0.2   0:02.62 python3.10
    446 root      20   0   44216   7988   1800 S   0.0   0.1   0:01.04 python3
     40 root      19  -1   47736   7364   6872 S   0.0   0.1   0:00.65 systemd-journal
      1 root      20   0  165792   6872   4864 S   0.0   0.1   0:01.81 systemd

   2561 root      20   0 1909828  32508  16996 S   0.0   0.4   0:00.21 snapd
    351 root      20   0  154372  19028    820 S   0.0   0.2   0:02.62 python3.10
    446 root      20   0   44216   7988   1800 S   0.0   0.1   0:01.04 python3
     40 root      19  -1   47736   7364   6872 S   0.0   0.1   0:00.65 systemd-journal
      1 root      20   0  165792   6872   4864 S   0.0   0.1   0:01.81 systemd

   2561 root      20   0 1909828  32508  16996 S   0.0   0.4   0:00.21 snapd
    351 root      20   0  154372  19028    820 S   0.0   0.2   0:02.62 python3.10
    446 root      20   0   44216   7988   1800 S   0.0   0.1   0:01.04 python3
     40 root      19  -1   47736   7364   6872 S   0.0   0.1   0:00.65 systemd-journal
      1 root      20   0  165792   6872   4864 S   0.0   0.1   0:01.81 systemd

   2561 root      20   0 1909828  32508  16996 S   0.0   0.4   0:00.21 snapd
    351 root      20   0  154372  19028    820 S   0.0   0.2   0:02.62 python3.10
    446 root      20   0   44216   7988   1800 S   0.0   0.1   0:01.04 python3
     40 root      19  -1   47736   7364   6872 S   0.0   0.1   0:00.65 systemd-journal
      1 root      20   0  165792   6872   4864 S   0.0   0.1   0:01.81 systemd

   2561 root      20   0 1909828  32508  16996 S   0.0   0.4   0:00.21 snapd
    351 root      20   0  154372  19028    820 S   0.0   0.2   0:02.62 python3.10
    446 root      20   0   44216   7988   1800 S   0.0   0.1   0:01.04 python3
     40 root      19  -1   47736   7364   6872 S   0.0   0.1   0:00.65 systemd-journal
      1 root      20   0  165792   6872   4864 S   0.0   0.1   0:01.81 systemd

   2561 root      20   0 1909828  32508  16996 S   0.0   0.4   0:00.21 snapd
    351 root      20   0  154372  19028    820 S   0.0   0.2   0:02.62 python3.10
    446 root      20   0   44216   7988   1800 S   0.0   0.1   0:01.04 python3
     40 root      19  -1   47736   7364   6872 S   0.0   0.1   0:00.65 systemd-journal
      1 root      20   0  165792   6872   4864 S   0.0   0.1   0:01.81 systemd

   2561 root      20   0 1909828  32508  16996 S   0.0   0.4   0:00.21 snapd
    351 root      20   0  154372  19028    820 S   0.0   0.2   0:02.62 python3.10
    446 root      20   0   44216   7988   1800 S   0.0   0.1   0:01.04 python3
     40 root      19  -1   47736   7364   6872 S   0.0   0.1   0:00.65 systemd-journal
      1 root      20   0  165792   6872   4864 S   0.0   0.1   0:01.81 systemd

   2561 root      20   0 1909828  32508  16996 S   0.0   0.4   0:00.21 snapd
    351 root      20   0  154372  19028    820 S   0.0   0.2   0:02.62 python3.10
    446 root      20   0   44216   7988   1800 S   0.0   0.1   0:01.04 python3
     40 root      19  -1   47736   7364   6872 S   0.0   0.1   0:00.65 systemd-journal
      1 root      20   0  165792   6872   4864 S   0.0   0.1   0:01.81 systemd

   2561 root      20   0 1909828  32508  16996 S   0.0   0.4   0:00.21 snapd
    351 root      20   0  154372  19028    820 S   0.0   0.2   0:02.62 python3.10
    446 root      20   0   44216   7988   1800 S   0.0   0.1   0:01.04 python3
     40 root      19  -1   47736   7364   6872 S   0.0   0.1   0:00.65 systemd-journal
      1 root      20   0  165792   6872   4864 S   0.0   0.1   0:01.81 systemd

   2561 root      20   0 1909828  32508  16996 S   0.0   0.4   0:00.21 snapd
    351 root      20   0  154372  19028    820 S   0.0   0.2   0:02.62 python3.10
    446 root      20   0   44216   7988   1800 S   0.0   0.1   0:01.04 python3
     40 root      19  -1   47736   7364   6872 S   0.0   0.1   0:00.65 systemd-journal
      1 root      20   0  165792   6872   4864 S   0.0   0.1   0:01.81 systemd

   2561 root      20   0 1909828  32508  16996 S   0.0   0.4   0:00.21 snapd
    351 root      20   0  154372  19028    820 S   0.0   0.2   0:02.62 python3.10
    446 root      20   0   44216   7988   1800 S   0.0   0.1   0:01.04 python3
     40 root      19  -1   47736   7364   6872 S   0.0   0.1   0:00.65 systemd-journal
      1 root      20   0  165792   6872   4864 S   0.0   0.1   0:01.81 systemd

   2561 root      20   0 1909828  32508  16996 S   0.0   0.4   0:00.21 snapd
    351 root      20   0  154372  19028    820 S   0.0   0.2   0:02.62 python3.10
    446 root      20   0   44216   7988   1800 S   0.0   0.1   0:01.04 python3
     40 root      19  -1   47736   7364   6872 S   0.0   0.1   0:00.65 systemd-journal
      1 root      20   0  165792   6872   4864 S   0.0   0.1   0:01.81 systemd

   2561 root      20   0 1909828  32508  16996 S   0.0   0.4   0:00.21 snapd
    351 root      20   0  154372  19028    820 S   0.0   0.2   0:02.62 python3.10
    446 root      20   0   44216   7988   1800 S   0.0   0.1   0:01.04 python3
     40 root      19  -1   47736   7364   6872 S   0.0   0.1   0:00.65 systemd-journal
      1 root      20   0  165792   6872   4864 S   0.0   0.1   0:01.81 systemd

   2561 root      20   0 1909828  32508  16996 S   0.0   0.4   0:00.21 snapd
    351 root      20   0  154372  19028    820 S   0.0   0.2   0:02.62 python3.10
    446 root      20   0   44216   7988   1800 S   0.0   0.1   0:01.05 python3
     40 root      19  -1   47736   7364   6872 S   0.0   0.1   0:00.65 systemd-journal
      1 root      20   0  165792   6872   4864 S   0.0   0.1   0:01.81 systemd

   2561 root      20   0 1909828  32508  16996 S   0.0   0.4   0:00.21 snapd
    351 root      20   0  154372  19028    820 S   0.0   0.2   0:02.62 python3.10
    446 root      20   0   44216   7988   1800 S   0.0   0.1   0:01.05 python3
     40 root      19  -1   47736   7364   6872 S   0.0   0.1   0:00.65 systemd-journal
      1 root      20   0  165792   6872   4864 S   0.0   0.1   0:01.81 systemd

   2561 root      20   0 1909828  32508  16996 S   0.0   0.4   0:00.21 snapd
    351 root      20   0  154372  19028    820 S   0.0   0.2   0:02.62 python3.10
    446 root      20   0   44216   7988   1800 S   0.0   0.1   0:01.05 python3
     40 root      19  -1   47736   7364   6872 S   0.0   0.1   0:00.65 systemd-journal
      1 root      20   0  165792   6872   4864 S   0.0   0.1   0:01.81 systemd

   2561 root      20   0 1909828  32508  16996 S   0.0   0.4   0:00.21 snapd
    351 root      20   0  154372  19028    820 S   0.0   0.2   0:02.62 python3.10
    446 root      20   0   44216   7988   1800 S   0.0   0.1   0:01.05 python3
     40 root      19  -1   47736   7364   6872 S   0.0   0.1   0:00.65 systemd-journal
      1 root      20   0  165792   6872   4864 S   0.0   0.1   0:01.81 systemd

   2561 root      20   0 1909828  32508  16996 S   0.0   0.4   0:00.21 snapd
    351 root      20   0  154372  19028    820 S   0.0   0.2   0:02.62 python3.10
    446 root      20   0   44216   7988   1800 S   0.0   0.1   0:01.05 python3
     40 root      19  -1   47736   7364   6872 S   0.0   0.1   0:00.65 systemd-journal
      1 root      20   0  165792   6872   4864 S   0.0   0.1   0:01.81 systemd

   2561 root      20   0 1909828  32508  16996 S   0.0   0.4   0:00.21 snapd
    351 root      20   0  154372  19028    820 S   0.0   0.2   0:02.63 python3.10
    446 root      20   0   44216   7988   1800 S   0.0   0.1   0:01.05 python3
     40 root      19  -1   47736   7364   6872 S   0.0   0.1   0:00.65 systemd-journal
      1 root      20   0  165792   6872   4864 S   0.0   0.1   0:01.81 systemd

   2561 root      20   0 1909828  32508  16996 S   0.0   0.4   0:00.21 snapd
    351 root      20   0  154372  19028    820 S   0.0   0.2   0:02.63 python3.10
    446 root      20   0   44216   7988   1800 S   0.0   0.1   0:01.05 python3
     40 root      19  -1   47736   7364   6872 S   0.0   0.1   0:00.65 systemd-journal
      1 root      20   0  165792   6872   4864 S   0.0   0.1   0:01.81 systemd

   2561 root      20   0 1909828  32508  16996 S   0.0   0.4   0:00.21 snapd
    351 root      20   0  154372  19028    820 S   0.0   0.2   0:02.63 python3.10
    446 root      20   0   44216   7988   1800 S   0.0   0.1   0:01.05 python3
     40 root      19  -1   47736   7364   6872 S   0.0   0.1   0:00.65 systemd-journal
      1 root      20   0  165792   6872   4864 S   0.0   0.1   0:01.81 systemd

   2561 root      20   0 1909828  32508  16996 S   0.0   0.4   0:00.21 snapd
    351 root      20   0  154372  19028    820 S   0.0   0.2   0:02.63 python3.10
    446 root      20   0   44216   7988   1800 S   0.0   0.1   0:01.05 python3
     40 root      19  -1   47736   7364   6872 S   0.0   0.1   0:00.65 systemd-journal
      1 root      20   0  165792   6872   4864 S   0.0   0.1   0:01.81 systemd

   2561 root      20   0 1909828  32508  16996 S   0.0   0.4   0:00.21 snapd
    351 root      20   0  154372  19028    820 S   0.0   0.2   0:02.63 python3.10
    446 root      20   0   44216   7988   1800 S   0.0   0.1   0:01.05 python3
     40 root      19  -1   47736   7364   6872 S   0.0   0.1   0:00.65 systemd-journal
      1 root      20   0  165792   6872   4864 S   0.0   0.1   0:01.81 systemd

   2561 root      20   0 1909828  32508  16996 S   0.0   0.4   0:00.21 snapd
    351 root      20   0  154372  19028    820 S   0.0   0.2   0:02.63 python3.10
    446 root      20   0   44216   7988   1800 S   0.0   0.1   0:01.05 python3
     40 root      19  -1   47736   7364   6872 S   0.0   0.1   0:00.65 systemd-journal
      1 root      20   0  165792   6872   4864 S   0.0   0.1   0:01.81 systemd

   2561 root      20   0 1909828  32508  16996 S   0.0   0.4   0:00.21 snapd
    351 root      20   0  154372  19028    820 S   0.0   0.2   0:02.63 python3.10
    446 root      20   0   44216   7988   1800 S   0.0   0.1   0:01.05 python3
     40 root      19  -1   47736   7364   6872 S   0.0   0.1   0:00.65 systemd-journal
      1 root      20   0  165792   6872   4864 S   0.0   0.1   0:01.81 systemd

   2561 root      20   0 1909828  32508  16996 S   0.0   0.4   0:00.21 snapd
    351 root      20   0  154372  19028    820 S   0.0   0.2   0:02.63 python3.10
    446 root      20   0   44216   7988   1800 S   0.0   0.1   0:01.05 python3
     40 root      19  -1   47736   7364   6872 S   0.0   0.1   0:00.65 systemd-journal
      1 root      20   0  165792   6872   4864 S   0.0   0.1   0:01.81 systemd

   2561 root      20   0 1909828  32508  16996 S   0.0   0.4   0:00.21 snapd
    351 root      20   0  154372  19028    820 S   0.0   0.2   0:02.63 python3.10
    446 root      20   0   44216   7988   1800 S   0.0   0.1   0:01.05 python3
     40 root      19  -1   47736   7364   6872 S   0.0   0.1   0:00.65 systemd-journal
      1 root      20   0  165792   6872   4864 S   0.0   0.1   0:01.81 systemd

   2561 root      20   0 1909828  32508  16996 S   0.0   0.4   0:00.21 snapd
    351 root      20   0  154372  19028    820 S   0.0   0.2   0:02.63 python3.10
    446 root      20   0   44216   7988   1800 S   0.0   0.1   0:01.05 python3
     40 root      19  -1   47736   7364   6872 S   0.0   0.1   0:00.65 systemd-journal
      1 root      20   0  165792   6872   4864 S   0.0   0.1   0:01.81 systemd

   2561 root      20   0 1909828  32508  16996 S   0.0   0.4   0:00.21 snapd
    351 root      20   0  154372  19028    820 S   0.0   0.2   0:02.63 python3.10
    446 root      20   0   44216   7988   1800 S   0.0   0.1   0:01.05 python3
     40 root      19  -1   47736   7364   6872 S   0.0   0.1   0:00.65 systemd-journal
      1 root      20   0  165792   6872   4864 S   0.0   0.1   0:01.81 systemd

   2561 root      20   0 1909828  32508  16996 S   0.0   0.4   0:00.21 snapd
    351 root      20   0  154372  19028    820 S   0.0   0.2   0:02.63 python3.10
    446 root      20   0   44216   7988   1800 S   0.0   0.1   0:01.05 python3
     40 root      19  -1   47736   7364   6872 S   0.0   0.1   0:00.65 systemd-journal
      1 root      20   0  165792   6872   4864 S   0.0   0.1   0:01.81 systemd

   2561 root      20   0 1909828  32508  16996 S   0.0   0.4   0:00.21 snapd
    351 root      20   0  154372  19028    820 R   0.0   0.2   0:02.63 python3.10
    446 root      20   0   44216   7988   1800 S   0.0   0.1   0:01.05 python3
     40 root      19  -1   47736   7364   6872 S   0.0   0.1   0:00.65 systemd-journal
      1 root      20   0  165792   6872   4864 S   0.0   0.1   0:01.81 systemd

   2561 root      20   0 1909828  32508  16996 S   0.0   0.4   0:00.21 snapd
    351 root      20   0  154372  19028    820 S   0.0   0.2   0:02.63 python3.10
    446 root      20   0   44216   7988   1800 S   0.0   0.1   0:01.05 python3
     40 root      19  -1   47736   7364   6872 S   0.0   0.1   0:00.65 systemd-journal
      1 root      20   0  165792   6872   4864 S   0.0   0.1   0:01.81 systemd

   2561 root      20   0 1909828  32508  16996 S   0.0   0.4   0:00.21 snapd
    351 root      20   0  154372  19028    820 S   0.0   0.2   0:02.63 python3.10
    446 root      20   0   44216   7988   1800 S   0.0   0.1   0:01.05 python3
     40 root      19  -1   47736   7364   6872 S   0.0   0.1   0:00.65 systemd-journal
      1 root      20   0  165792   6872   4864 S   0.0   0.1   0:01.81 systemd

   2561 root      20   0 1909828  32508  16996 S   0.0   0.4   0:00.21 snapd
    351 root      20   0  154372  19028    820 S   0.0   0.2   0:02.63 python3.10
    446 root      20   0   44216   7988   1800 S   0.0   0.1   0:01.05 python3
     40 root      19  -1   47736   7364   6872 S   0.0   0.1   0:00.65 systemd-journal
      1 root      20   0  165792   6872   4864 S   0.0   0.1   0:01.81 systemd

   2561 root      20   0 1909828  32508  16996 S   0.0   0.4   0:00.21 snapd
    351 root      20   0  154372  19028    820 S   0.0   0.2   0:02.63 python3.10
    446 root      20   0   44216   7988   1800 S   0.0   0.1   0:01.05 python3
     40 root      19  -1   47736   7364   6872 S   0.0   0.1   0:00.65 systemd-journal
      1 root      20   0  165792   6872   4864 S   0.0   0.1   0:01.81 systemd

   2561 root      20   0 1909828  32508  16996 S   0.0   0.4   0:00.21 snapd
    351 root      20   0  154372  19028    820 S   0.0   0.2   0:02.63 python3.10
    446 root      20   0   44216   7988   1800 S   0.0   0.1   0:01.05 python3
     40 root      19  -1   47736   7364   6872 S   0.0   0.1   0:00.65 systemd-journal
      1 root      20   0  165792   6872   4864 S   0.0   0.1   0:01.81 systemd

   2561 root      20   0 1909828  32508  16996 S   0.0   0.4   0:00.21 snapd
    351 root      20   0  154372  19028    820 S   0.0   0.2   0:02.63 python3.10
    446 root      20   0   44216   7988   1800 S   0.0   0.1   0:01.05 python3
     40 root      19  -1   47736   7364   6872 S   0.0   0.1   0:00.65 systemd-journal
      1 root      20   0  165792   6872   4864 S   0.0   0.1   0:01.81 systemd

   2561 root      20   0 1909828  32508  16996 S   0.0   0.4   0:00.21 snapd
    351 root      20   0  154372  19028    820 S   0.0   0.2   0:02.63 python3.10
    446 root      20   0   44216   7988   1800 S   0.0   0.1   0:01.05 python3
     40 root      19  -1   47736   7364   6872 S   0.0   0.1   0:00.65 systemd-journal
      1 root      20   0  165792   6872   4864 S   0.0   0.1   0:01.81 systemd

   2561 root      20   0 1909828  32508  16996 S   0.0   0.4   0:00.21 snapd
    351 root      20   0  154372  19028    820 S   0.0   0.2   0:02.63 python3.10
    446 root      20   0   44216   7988   1800 S   0.0   0.1   0:01.05 python3
     40 root      19  -1   47736   7364   6872 S   0.0   0.1   0:00.65 systemd-journal
      1 root      20   0  165792   6872   4864 S   0.0   0.1   0:01.81 systemd

   2561 root      20   0 1909828  32508  16996 S   0.0   0.4   0:00.21 snapd
    351 root      20   0  154372  19028    820 S   0.0   0.2   0:02.63 python3.10
    446 root      20   0   44216   7988   1800 S   0.0   0.1   0:01.05 python3
     40 root      19  -1   47736   7364   6872 S   0.0   0.1   0:00.65 systemd-journal
      1 root      20   0  165792   6872   4864 S   0.0   0.1   0:01.81 systemd

   2561 root      20   0 1909828  32508  16996 S   0.0   0.4   0:00.21 snapd
    351 root      20   0  154372  19028    820 S   0.0   0.2   0:02.63 python3.10
    446 root      20   0   44216   7988   1800 S   0.0   0.1   0:01.05 python3
     40 root      19  -1   47736   7364   6872 S   0.0   0.1   0:00.65 systemd-journal
      1 root      20   0  165792   6872   4864 S   0.0   0.1   0:01.81 systemd

   2561 root      20   0 1909828  32508  16996 S   0.0   0.4   0:00.21 snapd
    351 root      20   0  154372  19028    820 S   0.0   0.2   0:02.63 python3.10
    446 root      20   0   44216   7988   1800 S   0.0   0.1   0:01.05 python3
     40 root      19  -1   47736   7364   6872 S   0.0   0.1   0:00.65 systemd-journal
      1 root      20   0  165792   6872   4864 S   0.0   0.1   0:01.81 systemd

   2561 root      20   0 1909828  32508  16996 S   0.0   0.4   0:00.21 snapd
    351 root      20   0  154372  19028    820 S   0.0   0.2   0:02.63 python3.10
    446 root      20   0   44216   7988   1800 S   0.0   0.1   0:01.05 python3
     40 root      19  -1   47736   7364   6872 S   0.0   0.1   0:00.65 systemd-journal
      1 root      20   0  165792   6872   4864 S   0.0   0.1   0:01.81 systemd

   2561 root      20   0 1909828  32508  16996 S   0.0   0.4   0:00.21 snapd
    351 root      20   0  154372  19028    820 S   0.0   0.2   0:02.63 python3.10
    446 root      20   0   44216   7988   1800 S   0.0   0.1   0:01.05 python3
     40 root      19  -1   47736   7364   6872 S   0.0   0.1   0:00.65 systemd-journal
      1 root      20   0  165792   6872   4864 S   0.0   0.1   0:01.81 systemd

   2561 root      20   0 1909828  32508  16996 S   0.0   0.4   0:00.21 snapd
    351 root      20   0  154372  19028    820 S   0.0   0.2   0:02.63 python3.10
    446 root      20   0   44216   7988   1800 S   0.0   0.1   0:01.05 python3
     40 root      19  -1   47736   7364   6872 S   0.0   0.1   0:00.65 systemd-journal
      1 root      20   0  165792   6872   4864 S   0.0   0.1   0:01.81 systemd

   2561 root      20   0 1909828  32508  16996 S   0.0   0.4   0:00.21 snapd
    351 root      20   0  154372  19028    820 S   0.0   0.2   0:02.63 python3.10
    446 root      20   0   44216   7988   1800 S   0.0   0.1   0:01.05 python3
     40 root      19  -1   47736   7364   6872 S   0.0   0.1   0:00.65 systemd-journal
      1 root      20   0  165792   6872   4864 S   0.0   0.1   0:01.81 systemd

   2561 root      20   0 1909828  32508  16996 S   0.0   0.4   0:00.21 snapd
    351 root      20   0  154372  19028    820 S   0.0   0.2   0:02.63 python3.10
    446 root      20   0   44216   7988   1800 S   0.0   0.1   0:01.06 python3
     40 root      19  -1   47736   7364   6872 S   0.0   0.1   0:00.65 systemd-journal
      1 root      20   0  165792   6872   4864 S   0.0   0.1   0:01.81 systemd

   2561 root      20   0 1909828  32508  16996 S   0.0   0.4   0:00.21 snapd
    351 root      20   0  154372  19028    820 S   0.0   0.2   0:02.64 python3.10
    446 root      20   0   44216   7988   1800 S   0.0   0.1   0:01.06 python3
     40 root      19  -1   47736   7364   6872 S   0.0   0.1   0:00.65 systemd-journal
      1 root      20   0  165792   6872   4864 S   0.0   0.1   0:01.81 systemd

   2561 root      20   0 1909828  32508  16996 S   0.0   0.4   0:00.21 snapd
    351 root      20   0  154372  19028    820 S   0.0   0.2   0:02.64 python3.10
    446 root      20   0   44216   7988   1800 S   0.0   0.1   0:01.06 python3
     40 root      19  -1   47736   7364   6872 S   0.0   0.1   0:00.65 systemd-journal
      1 root      20   0  165792   6872   4864 S   0.0   0.1   0:01.81 systemd

   2561 root      20   0 1909828  32508  16996 S   0.0   0.4   0:00.21 snapd
    351 root      20   0  154372  19028    820 S   0.0   0.2   0:02.64 python3.10
    446 root      20   0   44216   7988   1800 S   0.0   0.1   0:01.06 python3
     40 root      19  -1   47736   7364   6872 S   0.0   0.1   0:00.65 systemd-journal
      1 root      20   0  165792   6872   4864 S   0.0   0.1   0:01.81 systemd

   2561 root      20   0 1909828  32508  16996 S   0.0   0.4   0:00.21 snapd
    351 root      20   0  154372  19028    820 S   0.0   0.2   0:02.64 python3.10
    446 root      20   0   44216   7988   1800 S   0.0   0.1   0:01.06 python3
     40 root      19  -1   47736   7364   6872 S   0.0   0.1   0:00.65 systemd-journal
      1 root      20   0  165792   6872   4864 S   0.0   0.1   0:01.81 systemd

   2561 root      20   0 1909828  32508  16996 S   0.0   0.4   0:00.21 snapd
    351 root      20   0  154372  19028    820 S   0.0   0.2   0:02.64 python3.10
    446 root      20   0   44216   7988   1800 S   0.0   0.1   0:01.06 python3
     40 root      19  -1   47736   7364   6872 S   0.0   0.1   0:00.65 systemd-journal
      1 root      20   0  165792   6872   4864 S   0.0   0.1   0:01.81 systemd

   2561 root      20   0 1909828  32508  16996 S   0.0   0.4   0:00.21 snapd
    351 root      20   0  154372  19028    820 S   0.0   0.2   0:02.64 python3.10
    446 root      20   0   44216   7988   1800 S   0.0   0.1   0:01.06 python3
     40 root      19  -1   47736   7364   6872 S   0.0   0.1   0:00.65 systemd-journal
      1 root      20   0  165792   6872   4864 S   0.0   0.1   0:01.81 systemd

   2561 root      20   0 1909828  32508  16996 S   0.0   0.4   0:00.21 snapd
    351 root      20   0  154372  19028    820 S   0.0   0.2   0:02.64 python3.10
    446 root      20   0   44216   7988   1800 S   0.0   0.1   0:01.06 python3
     40 root      19  -1   47736   7364   6872 S   0.0   0.1   0:00.65 systemd-journal
      1 root      20   0  165792   6872   4864 S   0.0   0.1   0:01.81 systemd

   2561 root      20   0 1909828  32508  16996 S   0.0   0.4   0:00.21 snapd
    351 root      20   0  154372  19028    820 S   0.0   0.2   0:02.64 python3.10
    446 root      20   0   44216   7988   1800 S   0.0   0.1   0:01.06 python3
     40 root      19  -1   47736   7364   6872 S   0.0   0.1   0:00.65 systemd-journal
      1 root      20   0  165792   6872   4864 S   0.0   0.1   0:01.81 systemd

   2561 root      20   0 1909828  32508  16996 S   0.0   0.4   0:00.21 snapd
    351 root      20   0  154372  19028    820 S   0.0   0.2   0:02.64 python3.10
    446 root      20   0   44216   7988   1800 S   0.0   0.1   0:01.06 python3
     40 root      19  -1   47736   7364   6872 S   0.0   0.1   0:00.65 systemd-journal
      1 root      20   0  165792   6872   4864 S   0.0   0.1   0:01.81 systemd

   2561 root      20   0 1909828  32508  16996 S   0.0   0.4   0:00.21 snapd
    351 root      20   0  154372  19028    820 S   0.0   0.2   0:02.64 python3.10
    446 root      20   0   44216   7988   1800 S   0.0   0.1   0:01.06 python3
     40 root      19  -1   47736   7364   6872 S   0.0   0.1   0:00.65 systemd-journal
      1 root      20   0  165792   6872   4864 S   0.0   0.1   0:01.81 systemd

   2561 root      20   0 1909828  32508  16996 S   0.0   0.4   0:00.21 snapd
    351 root      20   0  154372  19028    820 S   0.0   0.2   0:02.64 python3.10
    446 root      20   0   44216   7988   1800 S   0.0   0.1   0:01.06 python3
     40 root      19  -1   47736   7364   6872 S   0.0   0.1   0:00.65 systemd-journal
      1 root      20   0  165792   6872   4864 S   0.0   0.1   0:01.81 systemd

   2561 root      20   0 1909828  32508  16996 S   0.0   0.4   0:00.21 snapd
    351 root      20   0  154372  19028    820 S   0.0   0.2   0:02.64 python3.10
    446 root      20   0   44216   7988   1800 S   0.0   0.1   0:01.06 python3
     40 root      19  -1   47736   7364   6872 S   0.0   0.1   0:00.65 systemd-journal
      1 root      20   0  165792   6872   4864 S   0.0   0.1   0:01.81 systemd

   2561 root      20   0 1909828  32508  16996 S   0.0   0.4   0:00.21 snapd
    351 root      20   0  154372  19028    820 S   0.0   0.2   0:02.64 python3.10
    446 root      20   0   44216   7988   1800 S   0.0   0.1   0:01.06 python3
     40 root      19  -1   47736   7364   6872 S   0.0   0.1   0:00.65 systemd-journal
      1 root      20   0  165792   6872   4864 S   0.0   0.1   0:01.81 systemd

   2561 root      20   0 1909828  32508  16996 S   0.0   0.4   0:00.21 snapd
    351 root      20   0  154372  19028    820 S   0.0   0.2   0:02.64 python3.10
    446 root      20   0   44216   7988   1800 S   0.0   0.1   0:01.06 python3
     40 root      19  -1   47736   7432   6916 S   0.0   0.1   0:00.65 systemd-journal
      1 root      20   0  165792   7208   5124 S   0.0   0.1   0:01.81 systemd

   2561 root      20   0 1909828  32508  16996 S   0.0   0.4   0:00.21 snapd
    351 root      20   0  154372  19028    820 S   0.0   0.2   0:02.64 python3.10
    446 root      20   0   44216   7988   1800 S   0.0   0.1   0:01.06 python3
     40 root      19  -1   47736   7432   6916 S   0.0   0.1   0:00.65 systemd-journal
      1 root      20   0  165792   7208   5124 S   0.0   0.1   0:01.81 systemd

   2561 root      20   0 1909828  32508  16996 S   0.0   0.4   0:00.21 snapd
    351 root      20   0  154372  19028    820 S   0.0   0.2   0:02.64 python3.10
    446 root      20   0   44216   7988   1800 S   0.0   0.1   0:01.06 python3
     40 root      19  -1   47736   7432   6916 S   0.0   0.1   0:00.65 systemd-journal
      1 root      20   0  165792   7208   5124 S   0.0   0.1   0:01.81 systemd

   2561 root      20   0 1909828  32508  16996 S   0.0   0.4   0:00.21 snapd
    351 root      20   0  154372  19028    820 S   0.0   0.2   0:02.64 python3.10
    446 root      20   0   44216   7988   1800 S   0.0   0.1   0:01.06 python3
     40 root      19  -1   47736   7432   6916 S   0.0   0.1   0:00.65 systemd-journal
      1 root      20   0  165792   7208   5124 S   0.0   0.1   0:01.81 systemd

   2561 root      20   0 1909828  32508  16996 S   0.0   0.4   0:00.21 snapd
    351 root      20   0  154372  19028    820 S   0.0   0.2   0:02.64 python3.10
    446 root      20   0   44216   7988   1800 S   0.0   0.1   0:01.06 python3
     40 root      19  -1   47736   7432   6916 S   0.0   0.1   0:00.65 systemd-journal
      1 root      20   0  165792   7208   5124 S   0.0   0.1   0:01.81 systemd

   2561 root      20   0 1909828  32508  16996 S   0.0   0.4   0:00.21 snapd
    351 root      20   0  154372  19028    820 S   0.0   0.2   0:02.64 python3.10
    446 root      20   0   44216   7988   1800 S   0.0   0.1   0:01.06 python3
     40 root      19  -1   47736   7432   6916 S   0.0   0.1   0:00.65 systemd-journal
      1 root      20   0  165792   7208   5124 S   0.0   0.1   0:01.81 systemd

   2561 root      20   0 1909828  32508  16996 S   0.0   0.4   0:00.21 snapd
    351 root      20   0  154372  19028    820 S   0.0   0.2   0:02.64 python3.10
    446 root      20   0   44216   7988   1800 S   0.0   0.1   0:01.06 python3
     40 root      19  -1   47736   7432   6916 S   0.0   0.1   0:00.65 systemd-journal
      1 root      20   0  165792   7208   5124 S   0.0   0.1   0:01.81 systemd

   2561 root      20   0 1909828  32508  16996 S   0.0   0.4   0:00.21 snapd
    351 root      20   0  154372  19028    820 S   0.0   0.2   0:02.64 python3.10
    446 root      20   0   44216   7988   1800 S   0.0   0.1   0:01.06 python3
     40 root      19  -1   47736   7432   6916 S   0.0   0.1   0:00.65 systemd-journal
      1 root      20   0  165792   7208   5124 S   0.0   0.1   0:01.81 systemd

   2561 root      20   0 1909828  32508  16996 S   0.0   0.4   0:00.21 snapd
    351 root      20   0  154372  19028    820 S   0.0   0.2   0:02.64 python3.10
    446 root      20   0   44216   7988   1800 S   0.0   0.1   0:01.06 python3
     40 root      19  -1   47736   7432   6916 S   0.0   0.1   0:00.65 systemd-journal
      1 root      20   0  165792   7208   5124 S   0.0   0.1   0:01.81 systemd

